WARNING: A restricted method in java.lang.System has been called
WARNING: java.lang.System::load has been called by org.openjdk.jmh.profile.AsyncProfiler$JavaApi in an unnamed module (file:/home/forked_franz/IdeaProjects/c2-writestring-spill-jmh/arms/benchmarks-both.jar)
WARNING: Use --enable-native-access=ALL-UNNAMED to avoid a warning for callers in this module
WARNING: Restricted methods will be blocked in a future release unless native access is enabled

WARNING: A terminally deprecated method in sun.misc.Unsafe has been called
WARNING: sun.misc.Unsafe::objectFieldOffset has been called by org.openjdk.jmh.util.Utils (file:/home/forked_franz/IdeaProjects/c2-writestring-spill-jmh/arms/benchmarks-both.jar)
WARNING: Please consider reporting this to the maintainers of class org.openjdk.jmh.util.Utils
WARNING: sun.misc.Unsafe::objectFieldOffset will be removed in a future release
# JMH version: 1.37
# VM version: JDK 25, Java HotSpot(TM) 64-Bit Server VM, 25+37-LTS-3491
# VM invoker: /home/forked_franz/.sdkman/candidates/java/25-oracle/bin/java
# VM options: -Xms2g -Xmx2g -XX:+AlwaysPreTouch
# Blackhole mode: compiler (auto-detected, use -Djmh.blackhole.autoDetect=false to disable)
# Warmup: 5 iterations, 2 s each
# Measurement: 5 iterations, 2 s each
# Timeout: 10 min per iteration
# Threads: 1 thread, will synchronize iterations
# Benchmark mode: Average time, time/op
# Benchmark: bench.paths.ExtendedPersonBench.serialize
# Parameters: (strLen = 0)

# Run progress: 0.00% complete, ETA 00:00:20
# Fork: 1 of 1
# Preparing profilers: AsyncProfiler 
WARNING: A terminally deprecated method in sun.misc.Unsafe has been called
WARNING: sun.misc.Unsafe::objectFieldOffset has been called by org.openjdk.jmh.util.Utils (file:/home/forked_franz/IdeaProjects/c2-writestring-spill-jmh/arms/benchmarks-both.jar)
WARNING: Please consider reporting this to the maintainers of class org.openjdk.jmh.util.Utils
WARNING: sun.misc.Unsafe::objectFieldOffset will be removed in a future release
WARNING: A restricted method in java.lang.System has been called
WARNING: java.lang.System::load has been called by org.openjdk.jmh.profile.AsyncProfiler$JavaApi in an unnamed module (file:/home/forked_franz/IdeaProjects/c2-writestring-spill-jmh/arms/benchmarks-both.jar)
WARNING: Use --enable-native-access=ALL-UNNAMED to avoid a warning for callers in this module
WARNING: Restricted methods will be blocked in a future release unless native access is enabled

# Warmup Iteration   1: 2861.335 ns/op
# Warmup Iteration   2: 2770.402 ns/op
# Warmup Iteration   3: 2779.963 ns/op
# Warmup Iteration   4: 2773.630 ns/op
# Warmup Iteration   5: 2778.712 ns/op
Iteration   1: 2774.399 ns/op
Iteration   2: 2772.167 ns/op
Iteration   3: 2765.678 ns/op
Iteration   4: 2765.527 ns/op
Iteration   5: 2763.071 ns/op
                 async: (text only)

# Processing profiler results: AsyncProfiler 


Result "bench.paths.ExtendedPersonBench.serialize":
  2768.168 ±(99.9%) 18.663 ns/op [Average]
  (min, avg, max) = (2763.071, 2768.168, 2774.399), stdev = 4.847
  CI (99.9%): [2749.505, 2786.832] (assumes normal distribution)

Secondary result "bench.paths.ExtendedPersonBench.serialize:async":
Async profiler results:
  results/wss-prof/ExtendedPersonBench/bench.paths.ExtendedPersonBench.serialize-AverageTime-strLen-0/jfr-cpu.jfr


# Run complete. Total time: 00:00:20

REMEMBER: The numbers below are just data. To gain reusable insights, you need to follow up on
why the numbers are the way they are. Use profilers (see -prof, -lprof), design factorial
experiments, perform baseline and negative tests that provide experimental control, make sure
the benchmarking environment is safe on JVM/OS/HW level, ask for reviews from the domain experts.
Do not assume the numbers tell you what you want them to tell.

NOTE: Current JVM experimentally supports Compiler Blackholes, and they are in use. Please exercise
extra caution when trusting the results, look into the generated code to check the benchmark still
works, and factor in a small probability of new VM bugs. Additionally, while comparisons between
different JVMs are already problematic, the performance difference caused by different Blackhole
modes can be very significant. Please make sure you use the consistent Blackhole mode for comparisons.

Benchmark                            (strLen)  Mode  Cnt     Score    Error  Units
ExtendedPersonBench.serialize               0  avgt    5  2768.168 ± 18.663  ns/op
ExtendedPersonBench.serialize:async         0  avgt            NaN             ---
