WARNING: A terminally deprecated method in sun.misc.Unsafe has been called
WARNING: sun.misc.Unsafe::objectFieldOffset has been called by org.openjdk.jmh.util.Utils (file:/home/forked_franz/IdeaProjects/c2-writestring-spill-jmh/arms/benchmarks-both.jar)
WARNING: Please consider reporting this to the maintainers of class org.openjdk.jmh.util.Utils
WARNING: sun.misc.Unsafe::objectFieldOffset will be removed in a future release
# JMH version: 1.37
# VM version: JDK 25, Java HotSpot(TM) 64-Bit Server VM, 25+37-LTS-3491
# VM invoker: /home/forked_franz/.sdkman/candidates/java/25-oracle/bin/java
# VM options: -Xms1g -Xmx1g -XX:+UseParallelGC -XX:+AlwaysPreTouch
# Blackhole mode: compiler (auto-detected, use -Djmh.blackhole.autoDetect=false to disable)
# Warmup: 5 iterations, 1 s each
# Measurement: 5 iterations, 1 s each
# Timeout: 10 min per iteration
# Threads: 1 thread, will synchronize iterations
# Benchmark mode: Average time, time/op
# Benchmark: bench.paths.AccessorBench.serialize
# Parameters: (strLen = 0, writers = typed)

# Run progress: 0.00% complete, ETA 00:00:30
# Fork: 1 of 3
WARNING: A terminally deprecated method in sun.misc.Unsafe has been called
WARNING: sun.misc.Unsafe::objectFieldOffset has been called by org.openjdk.jmh.util.Utils (file:/home/forked_franz/IdeaProjects/c2-writestring-spill-jmh/arms/benchmarks-both.jar)
WARNING: Please consider reporting this to the maintainers of class org.openjdk.jmh.util.Utils
WARNING: sun.misc.Unsafe::objectFieldOffset will be removed in a future release
# Warmup Iteration   1: 3463.326 ns/op
# Warmup Iteration   2: 3083.793 ns/op
# Warmup Iteration   3: 3175.352 ns/op
# Warmup Iteration   4: 3433.698 ns/op
# Warmup Iteration   5: 3250.572 ns/op
Iteration   1: 3149.929 ns/op
Iteration   2: 3217.678 ns/op
Iteration   3: 3124.883 ns/op
Iteration   4: 3214.153 ns/op
Iteration   5: 3189.142 ns/op

# Run progress: 33.33% complete, ETA 00:00:20
# Fork: 2 of 3
WARNING: A terminally deprecated method in sun.misc.Unsafe has been called
WARNING: sun.misc.Unsafe::objectFieldOffset has been called by org.openjdk.jmh.util.Utils (file:/home/forked_franz/IdeaProjects/c2-writestring-spill-jmh/arms/benchmarks-both.jar)
WARNING: Please consider reporting this to the maintainers of class org.openjdk.jmh.util.Utils
WARNING: sun.misc.Unsafe::objectFieldOffset will be removed in a future release
# Warmup Iteration   1: 3542.368 ns/op
# Warmup Iteration   2: 3098.832 ns/op
# Warmup Iteration   3: 3315.911 ns/op
# Warmup Iteration   4: 3509.942 ns/op
# Warmup Iteration   5: 3273.179 ns/op
Iteration   1: 3167.264 ns/op
Iteration   2: 3088.053 ns/op
Iteration   3: 3079.440 ns/op
Iteration   4: 3104.054 ns/op
Iteration   5: 3236.378 ns/op

# Run progress: 66.67% complete, ETA 00:00:10
# Fork: 3 of 3
WARNING: A terminally deprecated method in sun.misc.Unsafe has been called
WARNING: sun.misc.Unsafe::objectFieldOffset has been called by org.openjdk.jmh.util.Utils (file:/home/forked_franz/IdeaProjects/c2-writestring-spill-jmh/arms/benchmarks-both.jar)
WARNING: Please consider reporting this to the maintainers of class org.openjdk.jmh.util.Utils
WARNING: sun.misc.Unsafe::objectFieldOffset will be removed in a future release
# Warmup Iteration   1: 3520.981 ns/op
# Warmup Iteration   2: 3051.697 ns/op
# Warmup Iteration   3: 3085.207 ns/op
# Warmup Iteration   4: 3206.654 ns/op
# Warmup Iteration   5: 3433.730 ns/op
Iteration   1: 3196.524 ns/op
Iteration   2: 3050.389 ns/op
Iteration   3: 3126.118 ns/op
Iteration   4: 3215.308 ns/op
Iteration   5: 3134.095 ns/op


Result "bench.paths.AccessorBench.serialize":
  3152.894 ±(99.9%) 61.675 ns/op [Average]
  (min, avg, max) = (3050.389, 3152.894, 3236.378), stdev = 57.691
  CI (99.9%): [3091.219, 3214.569] (assumes normal distribution)


# Run complete. Total time: 00:00:31

REMEMBER: The numbers below are just data. To gain reusable insights, you need to follow up on
why the numbers are the way they are. Use profilers (see -prof, -lprof), design factorial
experiments, perform baseline and negative tests that provide experimental control, make sure
the benchmarking environment is safe on JVM/OS/HW level, ask for reviews from the domain experts.
Do not assume the numbers tell you what you want them to tell.

NOTE: Current JVM experimentally supports Compiler Blackholes, and they are in use. Please exercise
extra caution when trusting the results, look into the generated code to check the benchmark still
works, and factor in a small probability of new VM bugs. Additionally, while comparisons between
different JVMs are already problematic, the performance difference caused by different Blackhole
modes can be very significant. Please make sure you use the consistent Blackhole mode for comparisons.

Benchmark                (strLen)  (writers)  Mode  Cnt     Score    Error  Units
AccessorBench.serialize         0      typed  avgt   15  3152.894 ± 61.675  ns/op
