WARNING: A terminally deprecated method in sun.misc.Unsafe has been called
WARNING: sun.misc.Unsafe::objectFieldOffset has been called by org.openjdk.jmh.util.Utils (file:/home/forked_franz/IdeaProjects/c2-writestring-spill-jmh/arms/benchmarks-both.jar)
WARNING: Please consider reporting this to the maintainers of class org.openjdk.jmh.util.Utils
WARNING: sun.misc.Unsafe::objectFieldOffset will be removed in a future release
# JMH version: 1.37
# VM version: JDK 25, Java HotSpot(TM) 64-Bit Server VM, 25+37-LTS-3491
# VM invoker: /home/forked_franz/.sdkman/candidates/java/25-oracle/bin/java
# VM options: -Xms1g -Xmx1g -XX:+UseParallelGC -XX:+AlwaysPreTouch
# Blackhole mode: compiler (auto-detected, use -Djmh.blackhole.autoDetect=false to disable)
# Warmup: 5 iterations, 1 s each
# Measurement: 5 iterations, 1 s each
# Timeout: 10 min per iteration
# Threads: 1 thread, will synchronize iterations
# Benchmark mode: Average time, time/op
# Benchmark: bench.paths.AfterburnerBench.serialize
# Parameters: (strLen = 0)

# Run progress: 0.00% complete, ETA 00:00:30
# Fork: 1 of 3
WARNING: A terminally deprecated method in sun.misc.Unsafe has been called
WARNING: sun.misc.Unsafe::objectFieldOffset has been called by org.openjdk.jmh.util.Utils (file:/home/forked_franz/IdeaProjects/c2-writestring-spill-jmh/arms/benchmarks-both.jar)
WARNING: Please consider reporting this to the maintainers of class org.openjdk.jmh.util.Utils
WARNING: sun.misc.Unsafe::objectFieldOffset will be removed in a future release
# Warmup Iteration   1: 3762.892 ns/op
# Warmup Iteration   2: 3033.731 ns/op
# Warmup Iteration   3: 3053.216 ns/op
# Warmup Iteration   4: 3137.513 ns/op
# Warmup Iteration   5: 3293.038 ns/op
Iteration   1: 3471.357 ns/op
Iteration   2: 3143.350 ns/op
Iteration   3: 3049.376 ns/op
Iteration   4: 3150.568 ns/op
Iteration   5: 3134.453 ns/op

# Run progress: 33.33% complete, ETA 00:00:20
# Fork: 2 of 3
WARNING: A terminally deprecated method in sun.misc.Unsafe has been called
WARNING: sun.misc.Unsafe::objectFieldOffset has been called by org.openjdk.jmh.util.Utils (file:/home/forked_franz/IdeaProjects/c2-writestring-spill-jmh/arms/benchmarks-both.jar)
WARNING: Please consider reporting this to the maintainers of class org.openjdk.jmh.util.Utils
WARNING: sun.misc.Unsafe::objectFieldOffset will be removed in a future release
# Warmup Iteration   1: 3759.829 ns/op
# Warmup Iteration   2: 3076.088 ns/op
# Warmup Iteration   3: 3090.119 ns/op
# Warmup Iteration   4: 3112.779 ns/op
# Warmup Iteration   5: 3328.988 ns/op
Iteration   1: 3505.845 ns/op
Iteration   2: 3172.107 ns/op
Iteration   3: 3055.963 ns/op
Iteration   4: 3091.054 ns/op
Iteration   5: 3133.295 ns/op

# Run progress: 66.67% complete, ETA 00:00:10
# Fork: 3 of 3
WARNING: A terminally deprecated method in sun.misc.Unsafe has been called
WARNING: sun.misc.Unsafe::objectFieldOffset has been called by org.openjdk.jmh.util.Utils (file:/home/forked_franz/IdeaProjects/c2-writestring-spill-jmh/arms/benchmarks-both.jar)
WARNING: Please consider reporting this to the maintainers of class org.openjdk.jmh.util.Utils
WARNING: sun.misc.Unsafe::objectFieldOffset will be removed in a future release
# Warmup Iteration   1: 3779.411 ns/op
# Warmup Iteration   2: 3077.992 ns/op
# Warmup Iteration   3: 3113.011 ns/op
# Warmup Iteration   4: 3172.801 ns/op
# Warmup Iteration   5: 3248.280 ns/op
Iteration   1: 3322.813 ns/op
Iteration   2: 3192.401 ns/op
Iteration   3: 3255.402 ns/op
Iteration   4: 3280.323 ns/op
Iteration   5: 3098.534 ns/op


Result "bench.paths.AfterburnerBench.serialize":
  3203.789 ±(99.9%) 149.121 ns/op [Average]
  (min, avg, max) = (3049.376, 3203.789, 3505.845), stdev = 139.488
  CI (99.9%): [3054.668, 3352.911] (assumes normal distribution)


# Run complete. Total time: 00:00:31

REMEMBER: The numbers below are just data. To gain reusable insights, you need to follow up on
why the numbers are the way they are. Use profilers (see -prof, -lprof), design factorial
experiments, perform baseline and negative tests that provide experimental control, make sure
the benchmarking environment is safe on JVM/OS/HW level, ask for reviews from the domain experts.
Do not assume the numbers tell you what you want them to tell.

NOTE: Current JVM experimentally supports Compiler Blackholes, and they are in use. Please exercise
extra caution when trusting the results, look into the generated code to check the benchmark still
works, and factor in a small probability of new VM bugs. Additionally, while comparisons between
different JVMs are already problematic, the performance difference caused by different Blackhole
modes can be very significant. Please make sure you use the consistent Blackhole mode for comparisons.

Benchmark                   (strLen)  Mode  Cnt     Score     Error  Units
AfterburnerBench.serialize         0  avgt   15  3203.789 ± 149.121  ns/op
