WARNING: A terminally deprecated method in sun.misc.Unsafe has been called
WARNING: sun.misc.Unsafe::objectFieldOffset has been called by org.openjdk.jmh.util.Utils (file:/home/forked_franz/IdeaProjects/c2-writestring-spill-jmh/arms/benchmarks-none.jar)
WARNING: Please consider reporting this to the maintainers of class org.openjdk.jmh.util.Utils
WARNING: sun.misc.Unsafe::objectFieldOffset will be removed in a future release
# JMH version: 1.37
# VM version: JDK 25, Java HotSpot(TM) 64-Bit Server VM, 25+37-LTS-3491
# VM invoker: /home/forked_franz/.sdkman/candidates/java/25-oracle/bin/java
# VM options: -Xms1g -Xmx1g -XX:+UseParallelGC -XX:+AlwaysPreTouch
# Blackhole mode: compiler (auto-detected, use -Djmh.blackhole.autoDetect=false to disable)
# Warmup: 5 iterations, 2 s each
# Measurement: 5 iterations, 2 s each
# Timeout: 10 min per iteration
# Threads: 1 thread, will synchronize iterations
# Benchmark mode: Average time, time/op
# Benchmark: bench.paths.AccessorBench.serialize
# Parameters: (strLen = 64)

# Run progress: 0.00% complete, ETA 00:00:40
# Fork: 1 of 2
WARNING: A terminally deprecated method in sun.misc.Unsafe has been called
WARNING: sun.misc.Unsafe::objectFieldOffset has been called by org.openjdk.jmh.util.Utils (file:/home/forked_franz/IdeaProjects/c2-writestring-spill-jmh/arms/benchmarks-none.jar)
WARNING: Please consider reporting this to the maintainers of class org.openjdk.jmh.util.Utils
WARNING: sun.misc.Unsafe::objectFieldOffset will be removed in a future release
# Warmup Iteration   1: 10447.281 ns/op
# Warmup Iteration   2: 10196.674 ns/op
# Warmup Iteration   3: 10234.737 ns/op
# Warmup Iteration   4: 10247.053 ns/op
# Warmup Iteration   5: 10245.955 ns/op
Iteration   1: 10177.606 ns/op
Iteration   2: 10154.935 ns/op
Iteration   3: 10158.117 ns/op
Iteration   4: 10191.220 ns/op
Iteration   5: 10192.095 ns/op

# Run progress: 50.00% complete, ETA 00:00:20
# Fork: 2 of 2
WARNING: A terminally deprecated method in sun.misc.Unsafe has been called
WARNING: sun.misc.Unsafe::objectFieldOffset has been called by org.openjdk.jmh.util.Utils (file:/home/forked_franz/IdeaProjects/c2-writestring-spill-jmh/arms/benchmarks-none.jar)
WARNING: Please consider reporting this to the maintainers of class org.openjdk.jmh.util.Utils
WARNING: sun.misc.Unsafe::objectFieldOffset will be removed in a future release
# Warmup Iteration   1: 10609.381 ns/op
# Warmup Iteration   2: 10326.963 ns/op
# Warmup Iteration   3: 10294.047 ns/op
# Warmup Iteration   4: 10233.845 ns/op
# Warmup Iteration   5: 10217.794 ns/op
Iteration   1: 10238.308 ns/op
Iteration   2: 10265.767 ns/op
Iteration   3: 10258.094 ns/op
Iteration   4: 10372.998 ns/op
Iteration   5: 10373.508 ns/op


Result "bench.paths.AccessorBench.serialize":
  10238.265 ±(99.9%) 122.394 ns/op [Average]
  (min, avg, max) = (10154.935, 10238.265, 10373.508), stdev = 80.956
  CI (99.9%): [10115.871, 10360.659] (assumes normal distribution)


# Run complete. Total time: 00:00:40

REMEMBER: The numbers below are just data. To gain reusable insights, you need to follow up on
why the numbers are the way they are. Use profilers (see -prof, -lprof), design factorial
experiments, perform baseline and negative tests that provide experimental control, make sure
the benchmarking environment is safe on JVM/OS/HW level, ask for reviews from the domain experts.
Do not assume the numbers tell you what you want them to tell.

NOTE: Current JVM experimentally supports Compiler Blackholes, and they are in use. Please exercise
extra caution when trusting the results, look into the generated code to check the benchmark still
works, and factor in a small probability of new VM bugs. Additionally, while comparisons between
different JVMs are already problematic, the performance difference caused by different Blackhole
modes can be very significant. Please make sure you use the consistent Blackhole mode for comparisons.

Benchmark                (strLen)  Mode  Cnt      Score     Error  Units
AccessorBench.serialize        64  avgt   10  10238.265 ± 122.394  ns/op
