WARNING: A terminally deprecated method in sun.misc.Unsafe has been called
WARNING: sun.misc.Unsafe::objectFieldOffset has been called by org.openjdk.jmh.util.Utils (file:/home/forked_franz/IdeaProjects/c2-writestring-spill-jmh/arms/benchmarks-both.jar)
WARNING: Please consider reporting this to the maintainers of class org.openjdk.jmh.util.Utils
WARNING: sun.misc.Unsafe::objectFieldOffset will be removed in a future release
# JMH version: 1.37
# VM version: JDK 25, Java HotSpot(TM) 64-Bit Server VM, 25+37-LTS-3491
# VM invoker: /home/forked_franz/.sdkman/candidates/java/25-oracle/bin/java
# VM options: -Xms1g -Xmx1g -XX:+UseParallelGC -XX:+AlwaysPreTouch
# Blackhole mode: compiler (auto-detected, use -Djmh.blackhole.autoDetect=false to disable)
# Warmup: 5 iterations, 2 s each
# Measurement: 5 iterations, 2 s each
# Timeout: 10 min per iteration
# Threads: 1 thread, will synchronize iterations
# Benchmark mode: Average time, time/op
# Benchmark: bench.paths.AccessorBench.serialize
# Parameters: (strLen = 64, writers = kind)

# Run progress: 0.00% complete, ETA 00:00:40
# Fork: 1 of 2
WARNING: A terminally deprecated method in sun.misc.Unsafe has been called
WARNING: sun.misc.Unsafe::objectFieldOffset has been called by org.openjdk.jmh.util.Utils (file:/home/forked_franz/IdeaProjects/c2-writestring-spill-jmh/arms/benchmarks-both.jar)
WARNING: Please consider reporting this to the maintainers of class org.openjdk.jmh.util.Utils
WARNING: sun.misc.Unsafe::objectFieldOffset will be removed in a future release
# Warmup Iteration   1: 8782.336 ns/op
# Warmup Iteration   2: 8540.345 ns/op
# Warmup Iteration   3: 8538.865 ns/op
# Warmup Iteration   4: 8538.701 ns/op
# Warmup Iteration   5: 9045.319 ns/op
Iteration   1: 9363.844 ns/op
Iteration   2: 9275.008 ns/op
Iteration   3: 8539.420 ns/op
Iteration   4: 8545.510 ns/op
Iteration   5: 8567.364 ns/op

# Run progress: 50.00% complete, ETA 00:00:20
# Fork: 2 of 2
WARNING: A terminally deprecated method in sun.misc.Unsafe has been called
WARNING: sun.misc.Unsafe::objectFieldOffset has been called by org.openjdk.jmh.util.Utils (file:/home/forked_franz/IdeaProjects/c2-writestring-spill-jmh/arms/benchmarks-both.jar)
WARNING: Please consider reporting this to the maintainers of class org.openjdk.jmh.util.Utils
WARNING: sun.misc.Unsafe::objectFieldOffset will be removed in a future release
# Warmup Iteration   1: 8764.574 ns/op
# Warmup Iteration   2: 8557.299 ns/op
# Warmup Iteration   3: 8685.516 ns/op
# Warmup Iteration   4: 8621.261 ns/op
# Warmup Iteration   5: 8628.980 ns/op
Iteration   1: 8627.595 ns/op
Iteration   2: 8592.158 ns/op
Iteration   3: 8571.102 ns/op
Iteration   4: 8638.309 ns/op
Iteration   5: 8559.689 ns/op


Result "bench.paths.AccessorBench.serialize":
  8728.000 ±(99.9%) 474.816 ns/op [Average]
  (min, avg, max) = (8539.420, 8728.000, 9363.844), stdev = 314.061
  CI (99.9%): [8253.184, 9202.815] (assumes normal distribution)


# Run complete. Total time: 00:00:40

REMEMBER: The numbers below are just data. To gain reusable insights, you need to follow up on
why the numbers are the way they are. Use profilers (see -prof, -lprof), design factorial
experiments, perform baseline and negative tests that provide experimental control, make sure
the benchmarking environment is safe on JVM/OS/HW level, ask for reviews from the domain experts.
Do not assume the numbers tell you what you want them to tell.

NOTE: Current JVM experimentally supports Compiler Blackholes, and they are in use. Please exercise
extra caution when trusting the results, look into the generated code to check the benchmark still
works, and factor in a small probability of new VM bugs. Additionally, while comparisons between
different JVMs are already problematic, the performance difference caused by different Blackhole
modes can be very significant. Please make sure you use the consistent Blackhole mode for comparisons.

Benchmark                (strLen)  (writers)  Mode  Cnt     Score     Error  Units
AccessorBench.serialize        64       kind  avgt   10  8728.000 ± 474.816  ns/op
