WARNING: A terminally deprecated method in sun.misc.Unsafe has been called
WARNING: sun.misc.Unsafe::objectFieldOffset has been called by org.openjdk.jmh.util.Utils (file:/home/forked_franz/IdeaProjects/c2-writestring-spill-jmh/arms/benchmarks-both.jar)
WARNING: Please consider reporting this to the maintainers of class org.openjdk.jmh.util.Utils
WARNING: sun.misc.Unsafe::objectFieldOffset will be removed in a future release
# JMH version: 1.37
# VM version: JDK 25, Java HotSpot(TM) 64-Bit Server VM, 25+37-LTS-3491
# VM invoker: /home/forked_franz/.sdkman/candidates/java/25-oracle/bin/java
# VM options: -Xms1g -Xmx1g -XX:+UseParallelGC -XX:+AlwaysPreTouch
# Blackhole mode: compiler (auto-detected, use -Djmh.blackhole.autoDetect=false to disable)
# Warmup: 5 iterations, 1 s each
# Measurement: 5 iterations, 1 s each
# Timeout: 10 min per iteration
# Threads: 1 thread, will synchronize iterations
# Benchmark mode: Average time, time/op
# Benchmark: bench.paths.ExtendedPersonBench.serialize
# Parameters: (strLen = 0)

# Run progress: 0.00% complete, ETA 00:00:30
# Fork: 1 of 3
WARNING: A terminally deprecated method in sun.misc.Unsafe has been called
WARNING: sun.misc.Unsafe::objectFieldOffset has been called by org.openjdk.jmh.util.Utils (file:/home/forked_franz/IdeaProjects/c2-writestring-spill-jmh/arms/benchmarks-both.jar)
WARNING: Please consider reporting this to the maintainers of class org.openjdk.jmh.util.Utils
WARNING: sun.misc.Unsafe::objectFieldOffset will be removed in a future release
# Warmup Iteration   1: 2750.255 ns/op
# Warmup Iteration   2: 2613.555 ns/op
# Warmup Iteration   3: 2621.052 ns/op
# Warmup Iteration   4: 2616.343 ns/op
# Warmup Iteration   5: 3002.540 ns/op
Iteration   1: 2828.199 ns/op
Iteration   2: 2630.314 ns/op
Iteration   3: 2601.665 ns/op
Iteration   4: 2616.937 ns/op
Iteration   5: 2600.173 ns/op

# Run progress: 33.33% complete, ETA 00:00:20
# Fork: 2 of 3
WARNING: A terminally deprecated method in sun.misc.Unsafe has been called
WARNING: sun.misc.Unsafe::objectFieldOffset has been called by org.openjdk.jmh.util.Utils (file:/home/forked_franz/IdeaProjects/c2-writestring-spill-jmh/arms/benchmarks-both.jar)
WARNING: Please consider reporting this to the maintainers of class org.openjdk.jmh.util.Utils
WARNING: sun.misc.Unsafe::objectFieldOffset will be removed in a future release
# Warmup Iteration   1: 2962.620 ns/op
# Warmup Iteration   2: 2827.078 ns/op
# Warmup Iteration   3: 2829.923 ns/op
# Warmup Iteration   4: 2825.538 ns/op
# Warmup Iteration   5: 2949.935 ns/op
Iteration   1: 3070.641 ns/op
Iteration   2: 2930.476 ns/op
Iteration   3: 2876.674 ns/op
Iteration   4: 2829.194 ns/op
Iteration   5: 2839.321 ns/op

# Run progress: 66.67% complete, ETA 00:00:10
# Fork: 3 of 3
WARNING: A terminally deprecated method in sun.misc.Unsafe has been called
WARNING: sun.misc.Unsafe::objectFieldOffset has been called by org.openjdk.jmh.util.Utils (file:/home/forked_franz/IdeaProjects/c2-writestring-spill-jmh/arms/benchmarks-both.jar)
WARNING: Please consider reporting this to the maintainers of class org.openjdk.jmh.util.Utils
WARNING: sun.misc.Unsafe::objectFieldOffset will be removed in a future release
# Warmup Iteration   1: 2778.095 ns/op
# Warmup Iteration   2: 2632.162 ns/op
# Warmup Iteration   3: 2653.093 ns/op
# Warmup Iteration   4: 2650.543 ns/op
# Warmup Iteration   5: 3063.693 ns/op
Iteration   1: 2923.039 ns/op
Iteration   2: 2664.700 ns/op
Iteration   3: 2659.870 ns/op
Iteration   4: 2681.549 ns/op
Iteration   5: 2664.628 ns/op


Result "bench.paths.ExtendedPersonBench.serialize":
  2761.159 ±(99.9%) 157.463 ns/op [Average]
  (min, avg, max) = (2600.173, 2761.159, 3070.641), stdev = 147.291
  CI (99.9%): [2603.696, 2918.621] (assumes normal distribution)


# Run complete. Total time: 00:00:31

REMEMBER: The numbers below are just data. To gain reusable insights, you need to follow up on
why the numbers are the way they are. Use profilers (see -prof, -lprof), design factorial
experiments, perform baseline and negative tests that provide experimental control, make sure
the benchmarking environment is safe on JVM/OS/HW level, ask for reviews from the domain experts.
Do not assume the numbers tell you what you want them to tell.

NOTE: Current JVM experimentally supports Compiler Blackholes, and they are in use. Please exercise
extra caution when trusting the results, look into the generated code to check the benchmark still
works, and factor in a small probability of new VM bugs. Additionally, while comparisons between
different JVMs are already problematic, the performance difference caused by different Blackhole
modes can be very significant. Please make sure you use the consistent Blackhole mode for comparisons.

Benchmark                      (strLen)  Mode  Cnt     Score     Error  Units
ExtendedPersonBench.serialize         0  avgt   15  2761.159 ± 157.463  ns/op
DONE
