WARNING: A terminally deprecated method in sun.misc.Unsafe has been called
WARNING: sun.misc.Unsafe::objectFieldOffset has been called by org.openjdk.jmh.util.Utils (file:/home/forked_franz/IdeaProjects/c2-writestring-spill-jmh/arms/benchmarks-both.jar)
WARNING: Please consider reporting this to the maintainers of class org.openjdk.jmh.util.Utils
WARNING: sun.misc.Unsafe::objectFieldOffset will be removed in a future release
# JMH version: 1.37
# VM version: JDK 25, Java HotSpot(TM) 64-Bit Server VM, 25+37-LTS-3491
# VM invoker: /home/forked_franz/.sdkman/candidates/java/25-oracle/bin/java
# VM options: -Xms1g -Xmx1g -XX:+UseParallelGC -XX:+AlwaysPreTouch
# Blackhole mode: compiler (auto-detected, use -Djmh.blackhole.autoDetect=false to disable)
# Warmup: 5 iterations, 1 s each
# Measurement: 5 iterations, 1 s each
# Timeout: 10 min per iteration
# Threads: 1 thread, will synchronize iterations
# Benchmark mode: Average time, time/op
# Benchmark: bench.paths.ExtendedPersonBench.serialize
# Parameters: (strLen = 0)

# Run progress: 0.00% complete, ETA 00:00:30
# Fork: 1 of 3
WARNING: A terminally deprecated method in sun.misc.Unsafe has been called
WARNING: sun.misc.Unsafe::objectFieldOffset has been called by org.openjdk.jmh.util.Utils (file:/home/forked_franz/IdeaProjects/c2-writestring-spill-jmh/arms/benchmarks-both.jar)
WARNING: Please consider reporting this to the maintainers of class org.openjdk.jmh.util.Utils
WARNING: sun.misc.Unsafe::objectFieldOffset will be removed in a future release
# Warmup Iteration   1: 2805.001 ns/op
# Warmup Iteration   2: 2667.520 ns/op
# Warmup Iteration   3: 2679.632 ns/op
# Warmup Iteration   4: 2803.095 ns/op
# Warmup Iteration   5: 3092.335 ns/op
Iteration   1: 2801.683 ns/op
Iteration   2: 2648.620 ns/op
Iteration   3: 2812.481 ns/op
Iteration   4: 2867.287 ns/op
Iteration   5: 2665.896 ns/op

# Run progress: 33.33% complete, ETA 00:00:20
# Fork: 2 of 3
WARNING: A terminally deprecated method in sun.misc.Unsafe has been called
WARNING: sun.misc.Unsafe::objectFieldOffset has been called by org.openjdk.jmh.util.Utils (file:/home/forked_franz/IdeaProjects/c2-writestring-spill-jmh/arms/benchmarks-both.jar)
WARNING: Please consider reporting this to the maintainers of class org.openjdk.jmh.util.Utils
WARNING: sun.misc.Unsafe::objectFieldOffset will be removed in a future release
# Warmup Iteration   1: 2728.016 ns/op
# Warmup Iteration   2: 2619.798 ns/op
# Warmup Iteration   3: 2634.248 ns/op
# Warmup Iteration   4: 2631.399 ns/op
# Warmup Iteration   5: 2821.902 ns/op
Iteration   1: 2770.065 ns/op
Iteration   2: 2610.942 ns/op
Iteration   3: 2619.119 ns/op
Iteration   4: 2761.910 ns/op
Iteration   5: 2734.211 ns/op

# Run progress: 66.67% complete, ETA 00:00:10
# Fork: 3 of 3
WARNING: A terminally deprecated method in sun.misc.Unsafe has been called
WARNING: sun.misc.Unsafe::objectFieldOffset has been called by org.openjdk.jmh.util.Utils (file:/home/forked_franz/IdeaProjects/c2-writestring-spill-jmh/arms/benchmarks-both.jar)
WARNING: Please consider reporting this to the maintainers of class org.openjdk.jmh.util.Utils
WARNING: sun.misc.Unsafe::objectFieldOffset will be removed in a future release
# Warmup Iteration   1: 2933.696 ns/op
# Warmup Iteration   2: 2807.136 ns/op
# Warmup Iteration   3: 2824.346 ns/op
# Warmup Iteration   4: 2820.993 ns/op
# Warmup Iteration   5: 2940.517 ns/op
Iteration   1: 3035.474 ns/op
Iteration   2: 2791.465 ns/op
Iteration   3: 2795.706 ns/op
Iteration   4: 2795.090 ns/op
Iteration   5: 2838.316 ns/op


Result "bench.paths.ExtendedPersonBench.serialize":
  2769.884 ±(99.9%) 115.760 ns/op [Average]
  (min, avg, max) = (2610.942, 2769.884, 3035.474), stdev = 108.282
  CI (99.9%): [2654.125, 2885.644] (assumes normal distribution)


# Run complete. Total time: 00:00:31

REMEMBER: The numbers below are just data. To gain reusable insights, you need to follow up on
why the numbers are the way they are. Use profilers (see -prof, -lprof), design factorial
experiments, perform baseline and negative tests that provide experimental control, make sure
the benchmarking environment is safe on JVM/OS/HW level, ask for reviews from the domain experts.
Do not assume the numbers tell you what you want them to tell.

NOTE: Current JVM experimentally supports Compiler Blackholes, and they are in use. Please exercise
extra caution when trusting the results, look into the generated code to check the benchmark still
works, and factor in a small probability of new VM bugs. Additionally, while comparisons between
different JVMs are already problematic, the performance difference caused by different Blackhole
modes can be very significant. Please make sure you use the consistent Blackhole mode for comparisons.

Benchmark                      (strLen)  Mode  Cnt     Score     Error  Units
ExtendedPersonBench.serialize         0  avgt   15  2769.884 ± 115.760  ns/op
