WARNING: A terminally deprecated method in sun.misc.Unsafe has been called
WARNING: sun.misc.Unsafe::objectFieldOffset has been called by org.openjdk.jmh.util.Utils (file:/home/forked_franz/IdeaProjects/c2-writestring-spill-jmh/arms/benchmarks-both.jar)
WARNING: Please consider reporting this to the maintainers of class org.openjdk.jmh.util.Utils
WARNING: sun.misc.Unsafe::objectFieldOffset will be removed in a future release
# JMH version: 1.37
# VM version: JDK 25, Java HotSpot(TM) 64-Bit Server VM, 25+37-LTS-3491
# VM invoker: /home/forked_franz/.sdkman/candidates/java/25-oracle/bin/java
# VM options: -Xms1g -Xmx1g -XX:+UseParallelGC -XX:+AlwaysPreTouch
# Blackhole mode: compiler (auto-detected, use -Djmh.blackhole.autoDetect=false to disable)
# Warmup: 5 iterations, 1 s each
# Measurement: 5 iterations, 1 s each
# Timeout: 10 min per iteration
# Threads: 1 thread, will synchronize iterations
# Benchmark mode: Average time, time/op
# Benchmark: bench.paths.ReflectiveBench.serialize
# Parameters: (strLen = 0)

# Run progress: 0.00% complete, ETA 00:01:00
# Fork: 1 of 3
WARNING: A terminally deprecated method in sun.misc.Unsafe has been called
WARNING: sun.misc.Unsafe::objectFieldOffset has been called by org.openjdk.jmh.util.Utils (file:/home/forked_franz/IdeaProjects/c2-writestring-spill-jmh/arms/benchmarks-both.jar)
WARNING: Please consider reporting this to the maintainers of class org.openjdk.jmh.util.Utils
WARNING: sun.misc.Unsafe::objectFieldOffset will be removed in a future release
# Warmup Iteration   1: 3506.750 ns/op
# Warmup Iteration   2: 3258.618 ns/op
# Warmup Iteration   3: 3244.552 ns/op
# Warmup Iteration   4: 3445.858 ns/op
# Warmup Iteration   5: 3422.958 ns/op
Iteration   1: 3473.486 ns/op
Iteration   2: 3402.423 ns/op
Iteration   3: 3284.116 ns/op
Iteration   4: 3295.421 ns/op
Iteration   5: 3338.746 ns/op

# Run progress: 16.67% complete, ETA 00:00:51
# Fork: 2 of 3
WARNING: A terminally deprecated method in sun.misc.Unsafe has been called
WARNING: sun.misc.Unsafe::objectFieldOffset has been called by org.openjdk.jmh.util.Utils (file:/home/forked_franz/IdeaProjects/c2-writestring-spill-jmh/arms/benchmarks-both.jar)
WARNING: Please consider reporting this to the maintainers of class org.openjdk.jmh.util.Utils
WARNING: sun.misc.Unsafe::objectFieldOffset will be removed in a future release
# Warmup Iteration   1: 3478.602 ns/op
# Warmup Iteration   2: 3268.802 ns/op
# Warmup Iteration   3: 3305.599 ns/op
# Warmup Iteration   4: 3350.731 ns/op
# Warmup Iteration   5: 3381.499 ns/op
Iteration   1: 3397.244 ns/op
Iteration   2: 3375.832 ns/op
Iteration   3: 3218.354 ns/op
Iteration   4: 3228.356 ns/op
Iteration   5: 3240.550 ns/op

# Run progress: 33.33% complete, ETA 00:00:41
# Fork: 3 of 3
WARNING: A terminally deprecated method in sun.misc.Unsafe has been called
WARNING: sun.misc.Unsafe::objectFieldOffset has been called by org.openjdk.jmh.util.Utils (file:/home/forked_franz/IdeaProjects/c2-writestring-spill-jmh/arms/benchmarks-both.jar)
WARNING: Please consider reporting this to the maintainers of class org.openjdk.jmh.util.Utils
WARNING: sun.misc.Unsafe::objectFieldOffset will be removed in a future release
# Warmup Iteration   1: 3524.283 ns/op
# Warmup Iteration   2: 3276.697 ns/op
# Warmup Iteration   3: 3267.494 ns/op
# Warmup Iteration   4: 3495.857 ns/op
# Warmup Iteration   5: 3502.137 ns/op
Iteration   1: 3435.299 ns/op
Iteration   2: 3375.931 ns/op
Iteration   3: 3232.356 ns/op
Iteration   4: 3255.703 ns/op
Iteration   5: 3380.941 ns/op


Result "bench.paths.ReflectiveBench.serialize":
  3328.984 ±(99.9%) 89.198 ns/op [Average]
  (min, avg, max) = (3218.354, 3328.984, 3473.486), stdev = 83.436
  CI (99.9%): [3239.786, 3418.182] (assumes normal distribution)


# JMH version: 1.37
# VM version: JDK 25, Java HotSpot(TM) 64-Bit Server VM, 25+37-LTS-3491
# VM invoker: /home/forked_franz/.sdkman/candidates/java/25-oracle/bin/java
# VM options: -Xms1g -Xmx1g -XX:+UseParallelGC -XX:+AlwaysPreTouch -XX:CompileCommand=dontinline,tools/jackson/core/json/UTF8JsonGenerator.writeString
# Blackhole mode: compiler (auto-detected, use -Djmh.blackhole.autoDetect=false to disable)
# Warmup: 5 iterations, 1 s each
# Measurement: 5 iterations, 1 s each
# Timeout: 10 min per iteration
# Threads: 1 thread, will synchronize iterations
# Benchmark mode: Average time, time/op
# Benchmark: bench.paths.ReflectiveBench.serializeWriteStringNotInlined
# Parameters: (strLen = 0)

# Run progress: 50.00% complete, ETA 00:00:31
# Fork: 1 of 3
CompileCommand: dontinline tools/jackson/core/json/UTF8JsonGenerator.writeString bool dontinline = true
WARNING: A terminally deprecated method in sun.misc.Unsafe has been called
WARNING: sun.misc.Unsafe::objectFieldOffset has been called by org.openjdk.jmh.util.Utils (file:/home/forked_franz/IdeaProjects/c2-writestring-spill-jmh/arms/benchmarks-both.jar)
WARNING: Please consider reporting this to the maintainers of class org.openjdk.jmh.util.Utils
WARNING: sun.misc.Unsafe::objectFieldOffset will be removed in a future release
# Warmup Iteration   1: 4290.406 ns/op
# Warmup Iteration   2: 3930.022 ns/op
# Warmup Iteration   3: 3418.506 ns/op
# Warmup Iteration   4: 3470.617 ns/op
# Warmup Iteration   5: 3580.098 ns/op
Iteration   1: 3558.205 ns/op
Iteration   2: 3435.640 ns/op
Iteration   3: 3392.384 ns/op
Iteration   4: 3384.853 ns/op
Iteration   5: 3411.026 ns/op

# Run progress: 66.67% complete, ETA 00:00:20
# Fork: 2 of 3
CompileCommand: dontinline tools/jackson/core/json/UTF8JsonGenerator.writeString bool dontinline = true
WARNING: A terminally deprecated method in sun.misc.Unsafe has been called
WARNING: sun.misc.Unsafe::objectFieldOffset has been called by org.openjdk.jmh.util.Utils (file:/home/forked_franz/IdeaProjects/c2-writestring-spill-jmh/arms/benchmarks-both.jar)
WARNING: Please consider reporting this to the maintainers of class org.openjdk.jmh.util.Utils
WARNING: sun.misc.Unsafe::objectFieldOffset will be removed in a future release
# Warmup Iteration   1: 3697.022 ns/op
# Warmup Iteration   2: 3474.810 ns/op
# Warmup Iteration   3: 3445.473 ns/op
# Warmup Iteration   4: 3676.963 ns/op
# Warmup Iteration   5: 3621.771 ns/op
Iteration   1: 3630.349 ns/op
Iteration   2: 3579.917 ns/op
Iteration   3: 3410.966 ns/op
Iteration   4: 3561.333 ns/op
Iteration   5: 3450.240 ns/op

# Run progress: 83.33% complete, ETA 00:00:10
# Fork: 3 of 3
CompileCommand: dontinline tools/jackson/core/json/UTF8JsonGenerator.writeString bool dontinline = true
WARNING: A terminally deprecated method in sun.misc.Unsafe has been called
WARNING: sun.misc.Unsafe::objectFieldOffset has been called by org.openjdk.jmh.util.Utils (file:/home/forked_franz/IdeaProjects/c2-writestring-spill-jmh/arms/benchmarks-both.jar)
WARNING: Please consider reporting this to the maintainers of class org.openjdk.jmh.util.Utils
WARNING: sun.misc.Unsafe::objectFieldOffset will be removed in a future release
# Warmup Iteration   1: 3716.919 ns/op
# Warmup Iteration   2: 3460.090 ns/op
# Warmup Iteration   3: 3435.832 ns/op
# Warmup Iteration   4: 3698.395 ns/op
# Warmup Iteration   5: 3572.800 ns/op
Iteration   1: 3616.009 ns/op
Iteration   2: 3621.394 ns/op
Iteration   3: 3423.305 ns/op
Iteration   4: 3425.582 ns/op
Iteration   5: 3432.905 ns/op


Result "bench.paths.ReflectiveBench.serializeWriteStringNotInlined":
  3488.941 ±(99.9%) 99.021 ns/op [Average]
  (min, avg, max) = (3384.853, 3488.941, 3630.349), stdev = 92.625
  CI (99.9%): [3389.919, 3587.962] (assumes normal distribution)


# Run complete. Total time: 00:01:02

REMEMBER: The numbers below are just data. To gain reusable insights, you need to follow up on
why the numbers are the way they are. Use profilers (see -prof, -lprof), design factorial
experiments, perform baseline and negative tests that provide experimental control, make sure
the benchmarking environment is safe on JVM/OS/HW level, ask for reviews from the domain experts.
Do not assume the numbers tell you what you want them to tell.

NOTE: Current JVM experimentally supports Compiler Blackholes, and they are in use. Please exercise
extra caution when trusting the results, look into the generated code to check the benchmark still
works, and factor in a small probability of new VM bugs. Additionally, while comparisons between
different JVMs are already problematic, the performance difference caused by different Blackhole
modes can be very significant. Please make sure you use the consistent Blackhole mode for comparisons.

Benchmark                                       (strLen)  Mode  Cnt     Score    Error  Units
ReflectiveBench.serialize                              0  avgt   15  3328.984 ± 89.198  ns/op
ReflectiveBench.serializeWriteStringNotInlined         0  avgt   15  3488.941 ± 99.021  ns/op
