WARNING: A terminally deprecated method in sun.misc.Unsafe has been called
WARNING: sun.misc.Unsafe::objectFieldOffset has been called by org.openjdk.jmh.util.Utils (file:/home/forked_franz/IdeaProjects/c2-writestring-spill-jmh/arms/benchmarks-both.jar)
WARNING: Please consider reporting this to the maintainers of class org.openjdk.jmh.util.Utils
WARNING: sun.misc.Unsafe::objectFieldOffset will be removed in a future release
# JMH version: 1.37
# VM version: JDK 25, Java HotSpot(TM) 64-Bit Server VM, 25+37-LTS-3491
# VM invoker: /home/forked_franz/.sdkman/candidates/java/25-oracle/bin/java
# VM options: -Xms1g -Xmx1g -XX:+UseParallelGC -XX:+AlwaysPreTouch
# Blackhole mode: compiler (auto-detected, use -Djmh.blackhole.autoDetect=false to disable)
# Warmup: 5 iterations, 1 s each
# Measurement: 5 iterations, 1 s each
# Timeout: 10 min per iteration
# Threads: 1 thread, will synchronize iterations
# Benchmark mode: Average time, time/op
# Benchmark: bench.paths.AccessorBench.serialize
# Parameters: (strLen = 0, writers = typed)

# Run progress: 0.00% complete, ETA 00:01:00
# Fork: 1 of 3
WARNING: A terminally deprecated method in sun.misc.Unsafe has been called
WARNING: sun.misc.Unsafe::objectFieldOffset has been called by org.openjdk.jmh.util.Utils (file:/home/forked_franz/IdeaProjects/c2-writestring-spill-jmh/arms/benchmarks-both.jar)
WARNING: Please consider reporting this to the maintainers of class org.openjdk.jmh.util.Utils
WARNING: sun.misc.Unsafe::objectFieldOffset will be removed in a future release
# Warmup Iteration   1: 3469.607 ns/op
# Warmup Iteration   2: 3071.132 ns/op
# Warmup Iteration   3: 3093.640 ns/op
# Warmup Iteration   4: 3163.854 ns/op
# Warmup Iteration   5: 3188.881 ns/op
Iteration   1: 3260.250 ns/op
Iteration   2: 3182.424 ns/op
Iteration   3: 3061.028 ns/op
Iteration   4: 3099.226 ns/op
Iteration   5: 3107.975 ns/op

# Run progress: 16.67% complete, ETA 00:00:51
# Fork: 2 of 3
WARNING: A terminally deprecated method in sun.misc.Unsafe has been called
WARNING: sun.misc.Unsafe::objectFieldOffset has been called by org.openjdk.jmh.util.Utils (file:/home/forked_franz/IdeaProjects/c2-writestring-spill-jmh/arms/benchmarks-both.jar)
WARNING: Please consider reporting this to the maintainers of class org.openjdk.jmh.util.Utils
WARNING: sun.misc.Unsafe::objectFieldOffset will be removed in a future release
# Warmup Iteration   1: 3465.898 ns/op
# Warmup Iteration   2: 3074.348 ns/op
# Warmup Iteration   3: 3077.050 ns/op
# Warmup Iteration   4: 3237.757 ns/op
# Warmup Iteration   5: 3318.533 ns/op
Iteration   1: 3295.949 ns/op
Iteration   2: 3170.062 ns/op
Iteration   3: 3084.033 ns/op
Iteration   4: 3104.910 ns/op
Iteration   5: 3109.701 ns/op

# Run progress: 33.33% complete, ETA 00:00:41
# Fork: 3 of 3
WARNING: A terminally deprecated method in sun.misc.Unsafe has been called
WARNING: sun.misc.Unsafe::objectFieldOffset has been called by org.openjdk.jmh.util.Utils (file:/home/forked_franz/IdeaProjects/c2-writestring-spill-jmh/arms/benchmarks-both.jar)
WARNING: Please consider reporting this to the maintainers of class org.openjdk.jmh.util.Utils
WARNING: sun.misc.Unsafe::objectFieldOffset will be removed in a future release
# Warmup Iteration   1: 3480.245 ns/op
# Warmup Iteration   2: 3068.714 ns/op
# Warmup Iteration   3: 3104.108 ns/op
# Warmup Iteration   4: 3188.084 ns/op
# Warmup Iteration   5: 3231.863 ns/op
Iteration   1: 3318.673 ns/op
Iteration   2: 3270.007 ns/op
Iteration   3: 3114.647 ns/op
Iteration   4: 3112.411 ns/op
Iteration   5: 3112.161 ns/op


Result "bench.paths.AccessorBench.serialize":
  3160.231 ±(99.9%) 90.603 ns/op [Average]
  (min, avg, max) = (3061.028, 3160.231, 3318.673), stdev = 84.750
  CI (99.9%): [3069.628, 3250.833] (assumes normal distribution)


# JMH version: 1.37
# VM version: JDK 25, Java HotSpot(TM) 64-Bit Server VM, 25+37-LTS-3491
# VM invoker: /home/forked_franz/.sdkman/candidates/java/25-oracle/bin/java
# VM options: -Xms1g -Xmx1g -XX:+UseParallelGC -XX:+AlwaysPreTouch
# Blackhole mode: compiler (auto-detected, use -Djmh.blackhole.autoDetect=false to disable)
# Warmup: 5 iterations, 1 s each
# Measurement: 5 iterations, 1 s each
# Timeout: 10 min per iteration
# Threads: 1 thread, will synchronize iterations
# Benchmark mode: Average time, time/op
# Benchmark: bench.paths.AccessorBench.serialize
# Parameters: (strLen = 0, writers = direct)

# Run progress: 50.00% complete, ETA 00:00:31
# Fork: 1 of 3
WARNING: A terminally deprecated method in sun.misc.Unsafe has been called
WARNING: sun.misc.Unsafe::objectFieldOffset has been called by org.openjdk.jmh.util.Utils (file:/home/forked_franz/IdeaProjects/c2-writestring-spill-jmh/arms/benchmarks-both.jar)
WARNING: Please consider reporting this to the maintainers of class org.openjdk.jmh.util.Utils
WARNING: sun.misc.Unsafe::objectFieldOffset will be removed in a future release
# Warmup Iteration   1: 2908.926 ns/op
# Warmup Iteration   2: 2741.474 ns/op
# Warmup Iteration   3: 2756.792 ns/op
# Warmup Iteration   4: 2771.512 ns/op
# Warmup Iteration   5: 3072.815 ns/op
Iteration   1: 3107.886 ns/op
Iteration   2: 2741.020 ns/op
Iteration   3: 2743.216 ns/op
Iteration   4: 2764.784 ns/op
Iteration   5: 2760.111 ns/op

# Run progress: 66.67% complete, ETA 00:00:20
# Fork: 2 of 3
WARNING: A terminally deprecated method in sun.misc.Unsafe has been called
WARNING: sun.misc.Unsafe::objectFieldOffset has been called by org.openjdk.jmh.util.Utils (file:/home/forked_franz/IdeaProjects/c2-writestring-spill-jmh/arms/benchmarks-both.jar)
WARNING: Please consider reporting this to the maintainers of class org.openjdk.jmh.util.Utils
WARNING: sun.misc.Unsafe::objectFieldOffset will be removed in a future release
# Warmup Iteration   1: 2894.574 ns/op
# Warmup Iteration   2: 2745.960 ns/op
# Warmup Iteration   3: 2755.023 ns/op
# Warmup Iteration   4: 2755.152 ns/op
# Warmup Iteration   5: 2858.003 ns/op
Iteration   1: 2917.968 ns/op
Iteration   2: 2751.138 ns/op
Iteration   3: 2749.344 ns/op
Iteration   4: 2769.632 ns/op
Iteration   5: 2757.645 ns/op

# Run progress: 83.33% complete, ETA 00:00:10
# Fork: 3 of 3
WARNING: A terminally deprecated method in sun.misc.Unsafe has been called
WARNING: sun.misc.Unsafe::objectFieldOffset has been called by org.openjdk.jmh.util.Utils (file:/home/forked_franz/IdeaProjects/c2-writestring-spill-jmh/arms/benchmarks-both.jar)
WARNING: Please consider reporting this to the maintainers of class org.openjdk.jmh.util.Utils
WARNING: sun.misc.Unsafe::objectFieldOffset will be removed in a future release
# Warmup Iteration   1: 2891.232 ns/op
# Warmup Iteration   2: 2763.649 ns/op
# Warmup Iteration   3: 2775.587 ns/op
# Warmup Iteration   4: 2740.718 ns/op
# Warmup Iteration   5: 3077.900 ns/op
Iteration   1: 3103.582 ns/op
Iteration   2: 2738.756 ns/op
Iteration   3: 2739.023 ns/op
Iteration   4: 2759.571 ns/op
Iteration   5: 2739.438 ns/op


Result "bench.paths.AccessorBench.serialize":
  2809.541 ±(99.9%) 136.871 ns/op [Average]
  (min, avg, max) = (2738.756, 2809.541, 3107.886), stdev = 128.029
  CI (99.9%): [2672.670, 2946.412] (assumes normal distribution)


# Run complete. Total time: 00:01:02

REMEMBER: The numbers below are just data. To gain reusable insights, you need to follow up on
why the numbers are the way they are. Use profilers (see -prof, -lprof), design factorial
experiments, perform baseline and negative tests that provide experimental control, make sure
the benchmarking environment is safe on JVM/OS/HW level, ask for reviews from the domain experts.
Do not assume the numbers tell you what you want them to tell.

NOTE: Current JVM experimentally supports Compiler Blackholes, and they are in use. Please exercise
extra caution when trusting the results, look into the generated code to check the benchmark still
works, and factor in a small probability of new VM bugs. Additionally, while comparisons between
different JVMs are already problematic, the performance difference caused by different Blackhole
modes can be very significant. Please make sure you use the consistent Blackhole mode for comparisons.

Benchmark                (strLen)  (writers)  Mode  Cnt     Score     Error  Units
AccessorBench.serialize         0      typed  avgt   15  3160.231 ±  90.603  ns/op
AccessorBench.serialize         0     direct  avgt   15  2809.541 ± 136.871  ns/op
