WARNING: A terminally deprecated method in sun.misc.Unsafe has been called
WARNING: sun.misc.Unsafe::objectFieldOffset has been called by org.openjdk.jmh.util.Utils (file:/home/forked_franz/IdeaProjects/c2-writestring-spill-jmh/arms/benchmarks-both.jar)
WARNING: Please consider reporting this to the maintainers of class org.openjdk.jmh.util.Utils
WARNING: sun.misc.Unsafe::objectFieldOffset will be removed in a future release
# JMH version: 1.37
# VM version: JDK 25, Java HotSpot(TM) 64-Bit Server VM, 25+37-LTS-3491
# VM invoker: /home/forked_franz/.sdkman/candidates/java/25-oracle/bin/java
# VM options: -Xms1g -Xmx1g -XX:+UseParallelGC -XX:+AlwaysPreTouch
# Blackhole mode: compiler (auto-detected, use -Djmh.blackhole.autoDetect=false to disable)
# Warmup: 5 iterations, 1 s each
# Measurement: 5 iterations, 1 s each
# Timeout: 10 min per iteration
# Threads: 1 thread, will synchronize iterations
# Benchmark mode: Average time, time/op
# Benchmark: bench.paths.AccessorBench.serialize
# Parameters: (strLen = 0, writers = typed)

# Run progress: 0.00% complete, ETA 00:03:30
# Fork: 1 of 3
WARNING: A terminally deprecated method in sun.misc.Unsafe has been called
WARNING: sun.misc.Unsafe::objectFieldOffset has been called by org.openjdk.jmh.util.Utils (file:/home/forked_franz/IdeaProjects/c2-writestring-spill-jmh/arms/benchmarks-both.jar)
WARNING: Please consider reporting this to the maintainers of class org.openjdk.jmh.util.Utils
WARNING: sun.misc.Unsafe::objectFieldOffset will be removed in a future release
# Warmup Iteration   1: 3429.605 ns/op
# Warmup Iteration   2: 3069.082 ns/op
# Warmup Iteration   3: 3081.280 ns/op
# Warmup Iteration   4: 3204.423 ns/op
# Warmup Iteration   5: 3273.032 ns/op
Iteration   1: 3361.857 ns/op
Iteration   2: 3183.047 ns/op
Iteration   3: 3069.154 ns/op
Iteration   4: 3066.532 ns/op
Iteration   5: 3054.843 ns/op

# Run progress: 4.76% complete, ETA 00:03:27
# Fork: 2 of 3
WARNING: A terminally deprecated method in sun.misc.Unsafe has been called
WARNING: sun.misc.Unsafe::objectFieldOffset has been called by org.openjdk.jmh.util.Utils (file:/home/forked_franz/IdeaProjects/c2-writestring-spill-jmh/arms/benchmarks-both.jar)
WARNING: Please consider reporting this to the maintainers of class org.openjdk.jmh.util.Utils
WARNING: sun.misc.Unsafe::objectFieldOffset will be removed in a future release
# Warmup Iteration   1: 3494.422 ns/op
# Warmup Iteration   2: 3096.146 ns/op
# Warmup Iteration   3: 3074.559 ns/op
# Warmup Iteration   4: 3160.995 ns/op
# Warmup Iteration   5: 3453.625 ns/op
Iteration   1: 3498.918 ns/op
Iteration   2: 3333.056 ns/op
Iteration   3: 3092.819 ns/op
Iteration   4: 3106.276 ns/op
Iteration   5: 3096.292 ns/op

# Run progress: 9.52% complete, ETA 00:03:17
# Fork: 3 of 3
WARNING: A terminally deprecated method in sun.misc.Unsafe has been called
WARNING: sun.misc.Unsafe::objectFieldOffset has been called by org.openjdk.jmh.util.Utils (file:/home/forked_franz/IdeaProjects/c2-writestring-spill-jmh/arms/benchmarks-both.jar)
WARNING: Please consider reporting this to the maintainers of class org.openjdk.jmh.util.Utils
WARNING: sun.misc.Unsafe::objectFieldOffset will be removed in a future release
# Warmup Iteration   1: 3433.473 ns/op
# Warmup Iteration   2: 3112.554 ns/op
# Warmup Iteration   3: 3161.798 ns/op
# Warmup Iteration   4: 3160.928 ns/op
# Warmup Iteration   5: 3214.901 ns/op
Iteration   1: 3271.124 ns/op
Iteration   2: 3204.217 ns/op
Iteration   3: 3083.719 ns/op
Iteration   4: 3085.368 ns/op
Iteration   5: 3079.514 ns/op


Result "bench.paths.AccessorBench.serialize":
  3172.449 ±(99.9%) 144.406 ns/op [Average]
  (min, avg, max) = (3054.843, 3172.449, 3498.918), stdev = 135.077
  CI (99.9%): [3028.043, 3316.855] (assumes normal distribution)


# JMH version: 1.37
# VM version: JDK 25, Java HotSpot(TM) 64-Bit Server VM, 25+37-LTS-3491
# VM invoker: /home/forked_franz/.sdkman/candidates/java/25-oracle/bin/java
# VM options: -Xms1g -Xmx1g -XX:+UseParallelGC -XX:+AlwaysPreTouch
# Blackhole mode: compiler (auto-detected, use -Djmh.blackhole.autoDetect=false to disable)
# Warmup: 5 iterations, 1 s each
# Measurement: 5 iterations, 1 s each
# Timeout: 10 min per iteration
# Threads: 1 thread, will synchronize iterations
# Benchmark mode: Average time, time/op
# Benchmark: bench.paths.AccessorBench.serialize
# Parameters: (strLen = 0, writers = bean)

# Run progress: 14.29% complete, ETA 00:03:06
# Fork: 1 of 3
WARNING: A terminally deprecated method in sun.misc.Unsafe has been called
WARNING: sun.misc.Unsafe::objectFieldOffset has been called by org.openjdk.jmh.util.Utils (file:/home/forked_franz/IdeaProjects/c2-writestring-spill-jmh/arms/benchmarks-both.jar)
WARNING: Please consider reporting this to the maintainers of class org.openjdk.jmh.util.Utils
WARNING: sun.misc.Unsafe::objectFieldOffset will be removed in a future release
# Warmup Iteration   1: 2969.724 ns/op
# Warmup Iteration   2: 2821.895 ns/op
# Warmup Iteration   3: 2848.685 ns/op
# Warmup Iteration   4: 2842.879 ns/op
# Warmup Iteration   5: 3090.336 ns/op
Iteration   1: 3181.256 ns/op
Iteration   2: 2887.091 ns/op
Iteration   3: 2825.968 ns/op
Iteration   4: 2793.571 ns/op
Iteration   5: 2848.428 ns/op

# Run progress: 19.05% complete, ETA 00:02:56
# Fork: 2 of 3
WARNING: A terminally deprecated method in sun.misc.Unsafe has been called
WARNING: sun.misc.Unsafe::objectFieldOffset has been called by org.openjdk.jmh.util.Utils (file:/home/forked_franz/IdeaProjects/c2-writestring-spill-jmh/arms/benchmarks-both.jar)
WARNING: Please consider reporting this to the maintainers of class org.openjdk.jmh.util.Utils
WARNING: sun.misc.Unsafe::objectFieldOffset will be removed in a future release
# Warmup Iteration   1: 2950.967 ns/op
# Warmup Iteration   2: 2803.989 ns/op
# Warmup Iteration   3: 2823.957 ns/op
# Warmup Iteration   4: 2812.157 ns/op
# Warmup Iteration   5: 2922.835 ns/op
Iteration   1: 3061.646 ns/op
Iteration   2: 2804.344 ns/op
Iteration   3: 2803.053 ns/op
Iteration   4: 2799.905 ns/op
Iteration   5: 2848.652 ns/op

# Run progress: 23.81% complete, ETA 00:02:45
# Fork: 3 of 3
WARNING: A terminally deprecated method in sun.misc.Unsafe has been called
WARNING: sun.misc.Unsafe::objectFieldOffset has been called by org.openjdk.jmh.util.Utils (file:/home/forked_franz/IdeaProjects/c2-writestring-spill-jmh/arms/benchmarks-both.jar)
WARNING: Please consider reporting this to the maintainers of class org.openjdk.jmh.util.Utils
WARNING: sun.misc.Unsafe::objectFieldOffset will be removed in a future release
# Warmup Iteration   1: 2976.624 ns/op
# Warmup Iteration   2: 2825.312 ns/op
# Warmup Iteration   3: 2850.769 ns/op
# Warmup Iteration   4: 2834.553 ns/op
# Warmup Iteration   5: 3106.205 ns/op
Iteration   1: 3203.627 ns/op
Iteration   2: 2854.278 ns/op
Iteration   3: 2804.742 ns/op
Iteration   4: 2811.533 ns/op
Iteration   5: 2837.905 ns/op


Result "bench.paths.AccessorBench.serialize":
  2891.067 ±(99.9%) 148.439 ns/op [Average]
  (min, avg, max) = (2793.571, 2891.067, 3203.627), stdev = 138.850
  CI (99.9%): [2742.627, 3039.506] (assumes normal distribution)


# JMH version: 1.37
# VM version: JDK 25, Java HotSpot(TM) 64-Bit Server VM, 25+37-LTS-3491
# VM invoker: /home/forked_franz/.sdkman/candidates/java/25-oracle/bin/java
# VM options: -Xms1g -Xmx1g -XX:+UseParallelGC -XX:+AlwaysPreTouch
# Blackhole mode: compiler (auto-detected, use -Djmh.blackhole.autoDetect=false to disable)
# Warmup: 5 iterations, 1 s each
# Measurement: 5 iterations, 1 s each
# Timeout: 10 min per iteration
# Threads: 1 thread, will synchronize iterations
# Benchmark mode: Average time, time/op
# Benchmark: bench.paths.AccessorBench.serialize
# Parameters: (strLen = 0, writers = beanser)

# Run progress: 28.57% complete, ETA 00:02:35
# Fork: 1 of 3
WARNING: A terminally deprecated method in sun.misc.Unsafe has been called
WARNING: sun.misc.Unsafe::objectFieldOffset has been called by org.openjdk.jmh.util.Utils (file:/home/forked_franz/IdeaProjects/c2-writestring-spill-jmh/arms/benchmarks-both.jar)
WARNING: Please consider reporting this to the maintainers of class org.openjdk.jmh.util.Utils
WARNING: sun.misc.Unsafe::objectFieldOffset will be removed in a future release
# Warmup Iteration   1: 2895.642 ns/op
# Warmup Iteration   2: 2725.688 ns/op
# Warmup Iteration   3: 2738.940 ns/op
# Warmup Iteration   4: 2747.846 ns/op
# Warmup Iteration   5: 2941.055 ns/op
Iteration   1: 2930.487 ns/op
Iteration   2: 2717.812 ns/op
Iteration   3: 2720.037 ns/op
Iteration   4: 2757.535 ns/op
Iteration   5: 2749.623 ns/op

# Run progress: 33.33% complete, ETA 00:02:25
# Fork: 2 of 3
WARNING: A terminally deprecated method in sun.misc.Unsafe has been called
WARNING: sun.misc.Unsafe::objectFieldOffset has been called by org.openjdk.jmh.util.Utils (file:/home/forked_franz/IdeaProjects/c2-writestring-spill-jmh/arms/benchmarks-both.jar)
WARNING: Please consider reporting this to the maintainers of class org.openjdk.jmh.util.Utils
WARNING: sun.misc.Unsafe::objectFieldOffset will be removed in a future release
# Warmup Iteration   1: 2927.869 ns/op
# Warmup Iteration   2: 2779.634 ns/op
# Warmup Iteration   3: 2845.514 ns/op
# Warmup Iteration   4: 2943.321 ns/op
# Warmup Iteration   5: 2829.986 ns/op
Iteration   1: 2740.015 ns/op
Iteration   2: 2738.164 ns/op
Iteration   3: 2849.230 ns/op
Iteration   4: 2895.610 ns/op
Iteration   5: 2746.974 ns/op

# Run progress: 38.10% complete, ETA 00:02:14
# Fork: 3 of 3
WARNING: A terminally deprecated method in sun.misc.Unsafe has been called
WARNING: sun.misc.Unsafe::objectFieldOffset has been called by org.openjdk.jmh.util.Utils (file:/home/forked_franz/IdeaProjects/c2-writestring-spill-jmh/arms/benchmarks-both.jar)
WARNING: Please consider reporting this to the maintainers of class org.openjdk.jmh.util.Utils
WARNING: sun.misc.Unsafe::objectFieldOffset will be removed in a future release
# Warmup Iteration   1: 2909.183 ns/op
# Warmup Iteration   2: 2734.987 ns/op
# Warmup Iteration   3: 2785.886 ns/op
# Warmup Iteration   4: 2910.450 ns/op
# Warmup Iteration   5: 2815.200 ns/op
Iteration   1: 2719.596 ns/op
Iteration   2: 2714.420 ns/op
Iteration   3: 3261.307 ns/op
Iteration   4: 3934.795 ns/op
Iteration   5: 3372.700 ns/op


Result "bench.paths.AccessorBench.serialize":
  2923.220 ±(99.9%) 369.330 ns/op [Average]
  (min, avg, max) = (2714.420, 2923.220, 3934.795), stdev = 345.471
  CI (99.9%): [2553.891, 3292.550] (assumes normal distribution)


# JMH version: 1.37
# VM version: JDK 25, Java HotSpot(TM) 64-Bit Server VM, 25+37-LTS-3491
# VM invoker: /home/forked_franz/.sdkman/candidates/java/25-oracle/bin/java
# VM options: -Xms1g -Xmx1g -XX:+UseParallelGC -XX:+AlwaysPreTouch
# Blackhole mode: compiler (auto-detected, use -Djmh.blackhole.autoDetect=false to disable)
# Warmup: 5 iterations, 1 s each
# Measurement: 5 iterations, 1 s each
# Timeout: 10 min per iteration
# Threads: 1 thread, will synchronize iterations
# Benchmark mode: Average time, time/op
# Benchmark: bench.paths.AccessorBench.serialize
# Parameters: (strLen = 0, writers = direct)

# Run progress: 42.86% complete, ETA 00:02:04
# Fork: 1 of 3
WARNING: A terminally deprecated method in sun.misc.Unsafe has been called
WARNING: sun.misc.Unsafe::objectFieldOffset has been called by org.openjdk.jmh.util.Utils (file:/home/forked_franz/IdeaProjects/c2-writestring-spill-jmh/arms/benchmarks-both.jar)
WARNING: Please consider reporting this to the maintainers of class org.openjdk.jmh.util.Utils
WARNING: sun.misc.Unsafe::objectFieldOffset will be removed in a future release
# Warmup Iteration   1: 2909.614 ns/op
# Warmup Iteration   2: 2740.911 ns/op
# Warmup Iteration   3: 2751.314 ns/op
# Warmup Iteration   4: 2745.932 ns/op
# Warmup Iteration   5: 2933.889 ns/op
Iteration   1: 3007.637 ns/op
Iteration   2: 2755.797 ns/op
Iteration   3: 2778.456 ns/op
Iteration   4: 2824.118 ns/op
Iteration   5: 2746.533 ns/op

# Run progress: 47.62% complete, ETA 00:01:53
# Fork: 2 of 3
WARNING: A terminally deprecated method in sun.misc.Unsafe has been called
WARNING: sun.misc.Unsafe::objectFieldOffset has been called by org.openjdk.jmh.util.Utils (file:/home/forked_franz/IdeaProjects/c2-writestring-spill-jmh/arms/benchmarks-both.jar)
WARNING: Please consider reporting this to the maintainers of class org.openjdk.jmh.util.Utils
WARNING: sun.misc.Unsafe::objectFieldOffset will be removed in a future release
# Warmup Iteration   1: 2886.121 ns/op
# Warmup Iteration   2: 2733.623 ns/op
# Warmup Iteration   3: 2896.071 ns/op
# Warmup Iteration   4: 3155.990 ns/op
# Warmup Iteration   5: 2924.556 ns/op
Iteration   1: 2749.242 ns/op
Iteration   2: 2781.509 ns/op
Iteration   3: 2854.375 ns/op
Iteration   4: 2876.882 ns/op
Iteration   5: 2919.350 ns/op

# Run progress: 52.38% complete, ETA 00:01:43
# Fork: 3 of 3
WARNING: A terminally deprecated method in sun.misc.Unsafe has been called
WARNING: sun.misc.Unsafe::objectFieldOffset has been called by org.openjdk.jmh.util.Utils (file:/home/forked_franz/IdeaProjects/c2-writestring-spill-jmh/arms/benchmarks-both.jar)
WARNING: Please consider reporting this to the maintainers of class org.openjdk.jmh.util.Utils
WARNING: sun.misc.Unsafe::objectFieldOffset will be removed in a future release
# Warmup Iteration   1: 2922.799 ns/op
# Warmup Iteration   2: 2750.954 ns/op
# Warmup Iteration   3: 2765.991 ns/op
# Warmup Iteration   4: 2745.061 ns/op
# Warmup Iteration   5: 2873.175 ns/op
Iteration   1: 2960.229 ns/op
Iteration   2: 2747.751 ns/op
Iteration   3: 2736.641 ns/op
Iteration   4: 2812.608 ns/op
Iteration   5: 2926.976 ns/op


Result "bench.paths.AccessorBench.serialize":
  2831.874 ±(99.9%) 94.098 ns/op [Average]
  (min, avg, max) = (2736.641, 2831.874, 3007.637), stdev = 88.019
  CI (99.9%): [2737.776, 2925.971] (assumes normal distribution)


# JMH version: 1.37
# VM version: JDK 25, Java HotSpot(TM) 64-Bit Server VM, 25+37-LTS-3491
# VM invoker: /home/forked_franz/.sdkman/candidates/java/25-oracle/bin/java
# VM options: -Xms1g -Xmx1g -XX:+UseParallelGC -XX:+AlwaysPreTouch
# Blackhole mode: compiler (auto-detected, use -Djmh.blackhole.autoDetect=false to disable)
# Warmup: 5 iterations, 1 s each
# Measurement: 5 iterations, 1 s each
# Timeout: 10 min per iteration
# Threads: 1 thread, will synchronize iterations
# Benchmark mode: Average time, time/op
# Benchmark: bench.paths.AfterburnerBench.serialize
# Parameters: (strLen = 0)

# Run progress: 57.14% complete, ETA 00:01:33
# Fork: 1 of 3
WARNING: A terminally deprecated method in sun.misc.Unsafe has been called
WARNING: sun.misc.Unsafe::objectFieldOffset has been called by org.openjdk.jmh.util.Utils (file:/home/forked_franz/IdeaProjects/c2-writestring-spill-jmh/arms/benchmarks-both.jar)
WARNING: Please consider reporting this to the maintainers of class org.openjdk.jmh.util.Utils
WARNING: sun.misc.Unsafe::objectFieldOffset will be removed in a future release
# Warmup Iteration   1: 3631.030 ns/op
# Warmup Iteration   2: 3040.210 ns/op
# Warmup Iteration   3: 3070.608 ns/op
# Warmup Iteration   4: 3064.763 ns/op
# Warmup Iteration   5: 3186.030 ns/op
Iteration   1: 3316.300 ns/op
Iteration   2: 3108.937 ns/op
Iteration   3: 3044.050 ns/op
Iteration   4: 3035.515 ns/op
Iteration   5: 3091.575 ns/op

# Run progress: 61.90% complete, ETA 00:01:22
# Fork: 2 of 3
WARNING: A terminally deprecated method in sun.misc.Unsafe has been called
WARNING: sun.misc.Unsafe::objectFieldOffset has been called by org.openjdk.jmh.util.Utils (file:/home/forked_franz/IdeaProjects/c2-writestring-spill-jmh/arms/benchmarks-both.jar)
WARNING: Please consider reporting this to the maintainers of class org.openjdk.jmh.util.Utils
WARNING: sun.misc.Unsafe::objectFieldOffset will be removed in a future release
# Warmup Iteration   1: 3817.948 ns/op
# Warmup Iteration   2: 3061.494 ns/op
# Warmup Iteration   3: 3071.962 ns/op
# Warmup Iteration   4: 3090.076 ns/op
# Warmup Iteration   5: 3324.979 ns/op
Iteration   1: 3507.474 ns/op
Iteration   2: 3171.006 ns/op
Iteration   3: 3080.662 ns/op
Iteration   4: 3071.703 ns/op
Iteration   5: 3083.427 ns/op

# Run progress: 66.67% complete, ETA 00:01:12
# Fork: 3 of 3
WARNING: A terminally deprecated method in sun.misc.Unsafe has been called
WARNING: sun.misc.Unsafe::objectFieldOffset has been called by org.openjdk.jmh.util.Utils (file:/home/forked_franz/IdeaProjects/c2-writestring-spill-jmh/arms/benchmarks-both.jar)
WARNING: Please consider reporting this to the maintainers of class org.openjdk.jmh.util.Utils
WARNING: sun.misc.Unsafe::objectFieldOffset will be removed in a future release
# Warmup Iteration   1: 3855.565 ns/op
# Warmup Iteration   2: 3141.707 ns/op
# Warmup Iteration   3: 3127.318 ns/op
# Warmup Iteration   4: 3116.512 ns/op
# Warmup Iteration   5: 3174.296 ns/op
Iteration   1: 3295.526 ns/op
Iteration   2: 3140.981 ns/op
Iteration   3: 3064.584 ns/op
Iteration   4: 3061.263 ns/op
Iteration   5: 3087.842 ns/op


Result "bench.paths.AfterburnerBench.serialize":
  3144.056 ±(99.9%) 140.104 ns/op [Average]
  (min, avg, max) = (3035.515, 3144.056, 3507.474), stdev = 131.053
  CI (99.9%): [3003.952, 3284.160] (assumes normal distribution)


# JMH version: 1.37
# VM version: JDK 25, Java HotSpot(TM) 64-Bit Server VM, 25+37-LTS-3491
# VM invoker: /home/forked_franz/.sdkman/candidates/java/25-oracle/bin/java
# VM options: -Xms1g -Xmx1g -XX:+UseParallelGC -XX:+AlwaysPreTouch
# Blackhole mode: compiler (auto-detected, use -Djmh.blackhole.autoDetect=false to disable)
# Warmup: 5 iterations, 1 s each
# Measurement: 5 iterations, 1 s each
# Timeout: 10 min per iteration
# Threads: 1 thread, will synchronize iterations
# Benchmark mode: Average time, time/op
# Benchmark: bench.paths.ExtendedPersonBench.serialize
# Parameters: (strLen = 0)

# Run progress: 71.43% complete, ETA 00:01:02
# Fork: 1 of 3
WARNING: A terminally deprecated method in sun.misc.Unsafe has been called
WARNING: sun.misc.Unsafe::objectFieldOffset has been called by org.openjdk.jmh.util.Utils (file:/home/forked_franz/IdeaProjects/c2-writestring-spill-jmh/arms/benchmarks-both.jar)
WARNING: Please consider reporting this to the maintainers of class org.openjdk.jmh.util.Utils
WARNING: sun.misc.Unsafe::objectFieldOffset will be removed in a future release
# Warmup Iteration   1: 2949.852 ns/op
# Warmup Iteration   2: 2815.676 ns/op
# Warmup Iteration   3: 2817.874 ns/op
# Warmup Iteration   4: 2809.849 ns/op
# Warmup Iteration   5: 3260.781 ns/op
Iteration   1: 3541.149 ns/op
Iteration   2: 3019.974 ns/op
Iteration   3: 2831.268 ns/op
Iteration   4: 2838.231 ns/op
Iteration   5: 2842.370 ns/op

# Run progress: 76.19% complete, ETA 00:00:51
# Fork: 2 of 3
WARNING: A terminally deprecated method in sun.misc.Unsafe has been called
WARNING: sun.misc.Unsafe::objectFieldOffset has been called by org.openjdk.jmh.util.Utils (file:/home/forked_franz/IdeaProjects/c2-writestring-spill-jmh/arms/benchmarks-both.jar)
WARNING: Please consider reporting this to the maintainers of class org.openjdk.jmh.util.Utils
WARNING: sun.misc.Unsafe::objectFieldOffset will be removed in a future release
# Warmup Iteration   1: 2931.028 ns/op
# Warmup Iteration   2: 2804.682 ns/op
# Warmup Iteration   3: 2821.278 ns/op
# Warmup Iteration   4: 2843.055 ns/op
# Warmup Iteration   5: 2999.659 ns/op
Iteration   1: 3089.463 ns/op
Iteration   2: 2880.768 ns/op
Iteration   3: 2845.044 ns/op
Iteration   4: 2819.644 ns/op
Iteration   5: 2885.971 ns/op

# Run progress: 80.95% complete, ETA 00:00:41
# Fork: 3 of 3
WARNING: A terminally deprecated method in sun.misc.Unsafe has been called
WARNING: sun.misc.Unsafe::objectFieldOffset has been called by org.openjdk.jmh.util.Utils (file:/home/forked_franz/IdeaProjects/c2-writestring-spill-jmh/arms/benchmarks-both.jar)
WARNING: Please consider reporting this to the maintainers of class org.openjdk.jmh.util.Utils
WARNING: sun.misc.Unsafe::objectFieldOffset will be removed in a future release
# Warmup Iteration   1: 2937.987 ns/op
# Warmup Iteration   2: 2811.303 ns/op
# Warmup Iteration   3: 2820.687 ns/op
# Warmup Iteration   4: 2804.034 ns/op
# Warmup Iteration   5: 3102.067 ns/op
Iteration   1: 3189.727 ns/op
Iteration   2: 2840.888 ns/op
Iteration   3: 2818.478 ns/op
Iteration   4: 2824.188 ns/op
Iteration   5: 2898.004 ns/op


Result "bench.paths.ExtendedPersonBench.serialize":
  2944.344 ±(99.9%) 212.587 ns/op [Average]
  (min, avg, max) = (2818.478, 2944.344, 3541.149), stdev = 198.854
  CI (99.9%): [2731.757, 3156.932] (assumes normal distribution)


# JMH version: 1.37
# VM version: JDK 25, Java HotSpot(TM) 64-Bit Server VM, 25+37-LTS-3491
# VM invoker: /home/forked_franz/.sdkman/candidates/java/25-oracle/bin/java
# VM options: -Xms1g -Xmx1g -XX:+UseParallelGC -XX:+AlwaysPreTouch
# Blackhole mode: compiler (auto-detected, use -Djmh.blackhole.autoDetect=false to disable)
# Warmup: 5 iterations, 1 s each
# Measurement: 5 iterations, 1 s each
# Timeout: 10 min per iteration
# Threads: 1 thread, will synchronize iterations
# Benchmark mode: Average time, time/op
# Benchmark: bench.paths.ReflectiveBench.serialize
# Parameters: (strLen = 0)

# Run progress: 85.71% complete, ETA 00:00:31
# Fork: 1 of 3
WARNING: A terminally deprecated method in sun.misc.Unsafe has been called
WARNING: sun.misc.Unsafe::objectFieldOffset has been called by org.openjdk.jmh.util.Utils (file:/home/forked_franz/IdeaProjects/c2-writestring-spill-jmh/arms/benchmarks-both.jar)
WARNING: Please consider reporting this to the maintainers of class org.openjdk.jmh.util.Utils
WARNING: sun.misc.Unsafe::objectFieldOffset will be removed in a future release
# Warmup Iteration   1: 3523.727 ns/op
# Warmup Iteration   2: 3266.853 ns/op
# Warmup Iteration   3: 3259.560 ns/op
# Warmup Iteration   4: 3497.163 ns/op
# Warmup Iteration   5: 3481.746 ns/op
Iteration   1: 3510.793 ns/op
Iteration   2: 3463.496 ns/op
Iteration   3: 3252.166 ns/op
Iteration   4: 3252.924 ns/op
Iteration   5: 3257.602 ns/op

# Run progress: 90.48% complete, ETA 00:00:20
# Fork: 2 of 3
WARNING: A terminally deprecated method in sun.misc.Unsafe has been called
WARNING: sun.misc.Unsafe::objectFieldOffset has been called by org.openjdk.jmh.util.Utils (file:/home/forked_franz/IdeaProjects/c2-writestring-spill-jmh/arms/benchmarks-both.jar)
WARNING: Please consider reporting this to the maintainers of class org.openjdk.jmh.util.Utils
WARNING: sun.misc.Unsafe::objectFieldOffset will be removed in a future release
# Warmup Iteration   1: 3689.357 ns/op
# Warmup Iteration   2: 3457.641 ns/op
# Warmup Iteration   3: 3495.964 ns/op
# Warmup Iteration   4: 3560.618 ns/op
# Warmup Iteration   5: 3543.348 ns/op
Iteration   1: 3566.243 ns/op
Iteration   2: 3504.107 ns/op
Iteration   3: 3426.923 ns/op
Iteration   4: 3415.799 ns/op
Iteration   5: 3432.557 ns/op

# Run progress: 95.24% complete, ETA 00:00:10
# Fork: 3 of 3
WARNING: A terminally deprecated method in sun.misc.Unsafe has been called
WARNING: sun.misc.Unsafe::objectFieldOffset has been called by org.openjdk.jmh.util.Utils (file:/home/forked_franz/IdeaProjects/c2-writestring-spill-jmh/arms/benchmarks-both.jar)
WARNING: Please consider reporting this to the maintainers of class org.openjdk.jmh.util.Utils
WARNING: sun.misc.Unsafe::objectFieldOffset will be removed in a future release
# Warmup Iteration   1: 3463.977 ns/op
# Warmup Iteration   2: 3250.487 ns/op
# Warmup Iteration   3: 3271.330 ns/op
# Warmup Iteration   4: 3364.515 ns/op
# Warmup Iteration   5: 3391.472 ns/op
Iteration   1: 3393.109 ns/op
Iteration   2: 3369.541 ns/op
Iteration   3: 3248.273 ns/op
Iteration   4: 3256.824 ns/op
Iteration   5: 3261.475 ns/op


Result "bench.paths.ReflectiveBench.serialize":
  3374.122 ±(99.9%) 119.258 ns/op [Average]
  (min, avg, max) = (3248.273, 3374.122, 3566.243), stdev = 111.554
  CI (99.9%): [3254.864, 3493.380] (assumes normal distribution)


# Run complete. Total time: 00:03:37

REMEMBER: The numbers below are just data. To gain reusable insights, you need to follow up on
why the numbers are the way they are. Use profilers (see -prof, -lprof), design factorial
experiments, perform baseline and negative tests that provide experimental control, make sure
the benchmarking environment is safe on JVM/OS/HW level, ask for reviews from the domain experts.
Do not assume the numbers tell you what you want them to tell.

NOTE: Current JVM experimentally supports Compiler Blackholes, and they are in use. Please exercise
extra caution when trusting the results, look into the generated code to check the benchmark still
works, and factor in a small probability of new VM bugs. Additionally, while comparisons between
different JVMs are already problematic, the performance difference caused by different Blackhole
modes can be very significant. Please make sure you use the consistent Blackhole mode for comparisons.

Benchmark                      (strLen)  (writers)  Mode  Cnt     Score     Error  Units
AccessorBench.serialize               0      typed  avgt   15  3172.449 ± 144.406  ns/op
AccessorBench.serialize               0       bean  avgt   15  2891.067 ± 148.439  ns/op
AccessorBench.serialize               0    beanser  avgt   15  2923.220 ± 369.330  ns/op
AccessorBench.serialize               0     direct  avgt   15  2831.874 ±  94.098  ns/op
AfterburnerBench.serialize            0        N/A  avgt   15  3144.056 ± 140.104  ns/op
ExtendedPersonBench.serialize         0        N/A  avgt   15  2944.344 ± 212.587  ns/op
ReflectiveBench.serialize             0        N/A  avgt   15  3374.122 ± 119.258  ns/op
