WARNING: A terminally deprecated method in sun.misc.Unsafe has been called
WARNING: sun.misc.Unsafe::objectFieldOffset has been called by org.openjdk.jmh.util.Utils (file:/home/forked_franz/IdeaProjects/c2-writestring-spill-jmh/arms/benchmarks-none.jar)
WARNING: Please consider reporting this to the maintainers of class org.openjdk.jmh.util.Utils
WARNING: sun.misc.Unsafe::objectFieldOffset will be removed in a future release
# JMH version: 1.37
# VM version: JDK 25, Java HotSpot(TM) 64-Bit Server VM, 25+37-LTS-3491
# VM invoker: /home/forked_franz/.sdkman/candidates/java/25-oracle/bin/java
# VM options: -Xms1g -Xmx1g -XX:+UseParallelGC -XX:+AlwaysPreTouch
# Blackhole mode: compiler (auto-detected, use -Djmh.blackhole.autoDetect=false to disable)
# Warmup: 5 iterations, 1 s each
# Measurement: 5 iterations, 1 s each
# Timeout: 10 min per iteration
# Threads: 1 thread, will synchronize iterations
# Benchmark mode: Average time, time/op
# Benchmark: bench.paths.ExtendedPersonBench.serialize
# Parameters: (gen = main, strLen = 0)

# Run progress: 0.00% complete, ETA 00:04:00
# Fork: 1 of 6
WARNING: A terminally deprecated method in sun.misc.Unsafe has been called
WARNING: sun.misc.Unsafe::objectFieldOffset has been called by org.openjdk.jmh.util.Utils (file:/home/forked_franz/IdeaProjects/c2-writestring-spill-jmh/arms/benchmarks-none.jar)
WARNING: Please consider reporting this to the maintainers of class org.openjdk.jmh.util.Utils
WARNING: sun.misc.Unsafe::objectFieldOffset will be removed in a future release
# Warmup Iteration   1: 3766.880 ns/op
# Warmup Iteration   2: 3626.047 ns/op
# Warmup Iteration   3: 3640.777 ns/op
# Warmup Iteration   4: 3706.640 ns/op
# Warmup Iteration   5: 3800.189 ns/op
Iteration   1: 3854.755 ns/op
Iteration   2: 3746.259 ns/op
Iteration   3: 3623.139 ns/op
Iteration   4: 3621.040 ns/op
Iteration   5: 3630.709 ns/op

# Run progress: 4.17% complete, ETA 00:03:58
# Fork: 2 of 6
WARNING: A terminally deprecated method in sun.misc.Unsafe has been called
WARNING: sun.misc.Unsafe::objectFieldOffset has been called by org.openjdk.jmh.util.Utils (file:/home/forked_franz/IdeaProjects/c2-writestring-spill-jmh/arms/benchmarks-none.jar)
WARNING: Please consider reporting this to the maintainers of class org.openjdk.jmh.util.Utils
WARNING: sun.misc.Unsafe::objectFieldOffset will be removed in a future release
# Warmup Iteration   1: 3781.065 ns/op
# Warmup Iteration   2: 3655.576 ns/op
# Warmup Iteration   3: 3671.254 ns/op
# Warmup Iteration   4: 3843.493 ns/op
# Warmup Iteration   5: 4108.155 ns/op
Iteration   1: 4057.874 ns/op
Iteration   2: 3715.548 ns/op
Iteration   3: 3651.920 ns/op
Iteration   4: 3748.159 ns/op
Iteration   5: 3799.866 ns/op

# Run progress: 8.33% complete, ETA 00:03:48
# Fork: 3 of 6
WARNING: A terminally deprecated method in sun.misc.Unsafe has been called
WARNING: sun.misc.Unsafe::objectFieldOffset has been called by org.openjdk.jmh.util.Utils (file:/home/forked_franz/IdeaProjects/c2-writestring-spill-jmh/arms/benchmarks-none.jar)
WARNING: Please consider reporting this to the maintainers of class org.openjdk.jmh.util.Utils
WARNING: sun.misc.Unsafe::objectFieldOffset will be removed in a future release
# Warmup Iteration   1: 3756.117 ns/op
# Warmup Iteration   2: 3634.065 ns/op
# Warmup Iteration   3: 3657.786 ns/op
# Warmup Iteration   4: 3721.704 ns/op
# Warmup Iteration   5: 3836.007 ns/op
Iteration   1: 3816.314 ns/op
Iteration   2: 3722.099 ns/op
Iteration   3: 3629.897 ns/op
Iteration   4: 3627.097 ns/op
Iteration   5: 3632.319 ns/op

# Run progress: 12.50% complete, ETA 00:03:37
# Fork: 4 of 6
WARNING: A terminally deprecated method in sun.misc.Unsafe has been called
WARNING: sun.misc.Unsafe::objectFieldOffset has been called by org.openjdk.jmh.util.Utils (file:/home/forked_franz/IdeaProjects/c2-writestring-spill-jmh/arms/benchmarks-none.jar)
WARNING: Please consider reporting this to the maintainers of class org.openjdk.jmh.util.Utils
WARNING: sun.misc.Unsafe::objectFieldOffset will be removed in a future release
# Warmup Iteration   1: 3773.754 ns/op
# Warmup Iteration   2: 3645.062 ns/op
# Warmup Iteration   3: 3653.586 ns/op
# Warmup Iteration   4: 3841.482 ns/op
# Warmup Iteration   5: 3970.428 ns/op
Iteration   1: 4000.375 ns/op
Iteration   2: 3845.032 ns/op
Iteration   3: 3679.501 ns/op
Iteration   4: 3623.537 ns/op
Iteration   5: 3625.718 ns/op

# Run progress: 16.67% complete, ETA 00:03:27
# Fork: 5 of 6
WARNING: A terminally deprecated method in sun.misc.Unsafe has been called
WARNING: sun.misc.Unsafe::objectFieldOffset has been called by org.openjdk.jmh.util.Utils (file:/home/forked_franz/IdeaProjects/c2-writestring-spill-jmh/arms/benchmarks-none.jar)
WARNING: Please consider reporting this to the maintainers of class org.openjdk.jmh.util.Utils
WARNING: sun.misc.Unsafe::objectFieldOffset will be removed in a future release
# Warmup Iteration   1: 3756.102 ns/op
# Warmup Iteration   2: 3674.971 ns/op
# Warmup Iteration   3: 3941.122 ns/op
# Warmup Iteration   4: 3914.292 ns/op
# Warmup Iteration   5: 3842.754 ns/op
Iteration   1: 3903.984 ns/op
Iteration   2: 3702.898 ns/op
Iteration   3: 3661.261 ns/op
Iteration   4: 3640.075 ns/op
Iteration   5: 3671.864 ns/op

# Run progress: 20.83% complete, ETA 00:03:17
# Fork: 6 of 6
WARNING: A terminally deprecated method in sun.misc.Unsafe has been called
WARNING: sun.misc.Unsafe::objectFieldOffset has been called by org.openjdk.jmh.util.Utils (file:/home/forked_franz/IdeaProjects/c2-writestring-spill-jmh/arms/benchmarks-none.jar)
WARNING: Please consider reporting this to the maintainers of class org.openjdk.jmh.util.Utils
WARNING: sun.misc.Unsafe::objectFieldOffset will be removed in a future release
# Warmup Iteration   1: 3767.371 ns/op
# Warmup Iteration   2: 3649.657 ns/op
# Warmup Iteration   3: 3679.004 ns/op
# Warmup Iteration   4: 3830.671 ns/op
# Warmup Iteration   5: 3865.008 ns/op
Iteration   1: 3731.932 ns/op
Iteration   2: 3684.366 ns/op
Iteration   3: 3800.405 ns/op
Iteration   4: 3843.127 ns/op
Iteration   5: 3800.929 ns/op


Result "bench.paths.ExtendedPersonBench.serialize":
  3736.400 ±(99.9%) 77.239 ns/op [Average]
  (min, avg, max) = (3621.040, 3736.400, 4057.874), stdev = 115.608
  CI (99.9%): [3659.161, 3813.639] (assumes normal distribution)


# JMH version: 1.37
# VM version: JDK 25, Java HotSpot(TM) 64-Bit Server VM, 25+37-LTS-3491
# VM invoker: /home/forked_franz/.sdkman/candidates/java/25-oracle/bin/java
# VM options: -Xms1g -Xmx1g -XX:+UseParallelGC -XX:+AlwaysPreTouch
# Blackhole mode: compiler (auto-detected, use -Djmh.blackhole.autoDetect=false to disable)
# Warmup: 5 iterations, 1 s each
# Measurement: 5 iterations, 1 s each
# Timeout: 10 min per iteration
# Threads: 1 thread, will synchronize iterations
# Benchmark mode: Average time, time/op
# Benchmark: bench.paths.ExtendedPersonBench.serialize
# Parameters: (gen = nested, strLen = 0)

# Run progress: 25.00% complete, ETA 00:03:06
# Fork: 1 of 6
WARNING: A terminally deprecated method in sun.misc.Unsafe has been called
WARNING: sun.misc.Unsafe::objectFieldOffset has been called by org.openjdk.jmh.util.Utils (file:/home/forked_franz/IdeaProjects/c2-writestring-spill-jmh/arms/benchmarks-none.jar)
WARNING: Please consider reporting this to the maintainers of class org.openjdk.jmh.util.Utils
WARNING: sun.misc.Unsafe::objectFieldOffset will be removed in a future release
# Warmup Iteration   1: 3748.008 ns/op
# Warmup Iteration   2: 3634.078 ns/op
# Warmup Iteration   3: 3638.121 ns/op
# Warmup Iteration   4: 3739.657 ns/op
# Warmup Iteration   5: 3840.412 ns/op
Iteration   1: 3762.874 ns/op
Iteration   2: 3618.995 ns/op
Iteration   3: 3623.801 ns/op
Iteration   4: 3723.648 ns/op
Iteration   5: 3786.337 ns/op

# Run progress: 29.17% complete, ETA 00:02:56
# Fork: 2 of 6
WARNING: A terminally deprecated method in sun.misc.Unsafe has been called
WARNING: sun.misc.Unsafe::objectFieldOffset has been called by org.openjdk.jmh.util.Utils (file:/home/forked_franz/IdeaProjects/c2-writestring-spill-jmh/arms/benchmarks-none.jar)
WARNING: Please consider reporting this to the maintainers of class org.openjdk.jmh.util.Utils
WARNING: sun.misc.Unsafe::objectFieldOffset will be removed in a future release
# Warmup Iteration   1: 3759.528 ns/op
# Warmup Iteration   2: 3577.818 ns/op
# Warmup Iteration   3: 3533.183 ns/op
# Warmup Iteration   4: 3711.048 ns/op
# Warmup Iteration   5: 3680.484 ns/op
Iteration   1: 3721.733 ns/op
Iteration   2: 3671.090 ns/op
Iteration   3: 3520.954 ns/op
Iteration   4: 3548.106 ns/op
Iteration   5: 3526.703 ns/op

# Run progress: 33.33% complete, ETA 00:02:45
# Fork: 3 of 6
WARNING: A terminally deprecated method in sun.misc.Unsafe has been called
WARNING: sun.misc.Unsafe::objectFieldOffset has been called by org.openjdk.jmh.util.Utils (file:/home/forked_franz/IdeaProjects/c2-writestring-spill-jmh/arms/benchmarks-none.jar)
WARNING: Please consider reporting this to the maintainers of class org.openjdk.jmh.util.Utils
WARNING: sun.misc.Unsafe::objectFieldOffset will be removed in a future release
# Warmup Iteration   1: 3600.105 ns/op
# Warmup Iteration   2: 3495.523 ns/op
# Warmup Iteration   3: 3515.816 ns/op
# Warmup Iteration   4: 3759.317 ns/op
# Warmup Iteration   5: 3670.485 ns/op
Iteration   1: 3734.100 ns/op
Iteration   2: 3791.681 ns/op
Iteration   3: 3495.822 ns/op
Iteration   4: 3475.350 ns/op
Iteration   5: 3489.168 ns/op

# Run progress: 37.50% complete, ETA 00:02:35
# Fork: 4 of 6
WARNING: A terminally deprecated method in sun.misc.Unsafe has been called
WARNING: sun.misc.Unsafe::objectFieldOffset has been called by org.openjdk.jmh.util.Utils (file:/home/forked_franz/IdeaProjects/c2-writestring-spill-jmh/arms/benchmarks-none.jar)
WARNING: Please consider reporting this to the maintainers of class org.openjdk.jmh.util.Utils
WARNING: sun.misc.Unsafe::objectFieldOffset will be removed in a future release
# Warmup Iteration   1: 3642.136 ns/op
# Warmup Iteration   2: 3529.270 ns/op
# Warmup Iteration   3: 3555.310 ns/op
# Warmup Iteration   4: 3634.660 ns/op
# Warmup Iteration   5: 3659.772 ns/op
Iteration   1: 3674.319 ns/op
Iteration   2: 3611.263 ns/op
Iteration   3: 3534.502 ns/op
Iteration   4: 3533.322 ns/op
Iteration   5: 3532.074 ns/op

# Run progress: 41.67% complete, ETA 00:02:25
# Fork: 5 of 6
WARNING: A terminally deprecated method in sun.misc.Unsafe has been called
WARNING: sun.misc.Unsafe::objectFieldOffset has been called by org.openjdk.jmh.util.Utils (file:/home/forked_franz/IdeaProjects/c2-writestring-spill-jmh/arms/benchmarks-none.jar)
WARNING: Please consider reporting this to the maintainers of class org.openjdk.jmh.util.Utils
WARNING: sun.misc.Unsafe::objectFieldOffset will be removed in a future release
# Warmup Iteration   1: 3622.367 ns/op
# Warmup Iteration   2: 3505.527 ns/op
# Warmup Iteration   3: 3532.329 ns/op
# Warmup Iteration   4: 3605.119 ns/op
# Warmup Iteration   5: 3602.974 ns/op
Iteration   1: 3620.259 ns/op
Iteration   2: 3599.521 ns/op
Iteration   3: 3502.410 ns/op
Iteration   4: 3491.318 ns/op
Iteration   5: 3485.503 ns/op

# Run progress: 45.83% complete, ETA 00:02:14
# Fork: 6 of 6
WARNING: A terminally deprecated method in sun.misc.Unsafe has been called
WARNING: sun.misc.Unsafe::objectFieldOffset has been called by org.openjdk.jmh.util.Utils (file:/home/forked_franz/IdeaProjects/c2-writestring-spill-jmh/arms/benchmarks-none.jar)
WARNING: Please consider reporting this to the maintainers of class org.openjdk.jmh.util.Utils
WARNING: sun.misc.Unsafe::objectFieldOffset will be removed in a future release
# Warmup Iteration   1: 3663.218 ns/op
# Warmup Iteration   2: 3548.550 ns/op
# Warmup Iteration   3: 3585.457 ns/op
# Warmup Iteration   4: 3693.947 ns/op
# Warmup Iteration   5: 3840.844 ns/op
Iteration   1: 3780.946 ns/op
Iteration   2: 3622.994 ns/op
Iteration   3: 3591.243 ns/op
Iteration   4: 3671.576 ns/op
Iteration   5: 3631.585 ns/op


Result "bench.paths.ExtendedPersonBench.serialize":
  3612.440 ±(99.9%) 67.240 ns/op [Average]
  (min, avg, max) = (3475.350, 3612.440, 3791.681), stdev = 100.641
  CI (99.9%): [3545.200, 3679.680] (assumes normal distribution)


# JMH version: 1.37
# VM version: JDK 25, Java HotSpot(TM) 64-Bit Server VM, 25+37-LTS-3491
# VM invoker: /home/forked_franz/.sdkman/candidates/java/25-oracle/bin/java
# VM options: -Xms1g -Xmx1g -XX:+UseParallelGC -XX:+AlwaysPreTouch
# Blackhole mode: compiler (auto-detected, use -Djmh.blackhole.autoDetect=false to disable)
# Warmup: 5 iterations, 1 s each
# Measurement: 5 iterations, 1 s each
# Timeout: 10 min per iteration
# Threads: 1 thread, will synchronize iterations
# Benchmark mode: Average time, time/op
# Benchmark: bench.paths.MicronautBench.serialize
# Parameters: (serde = generated, strLen = 0)

# Run progress: 50.00% complete, ETA 00:02:04
# Fork: 1 of 6
WARNING: A terminally deprecated method in sun.misc.Unsafe has been called
WARNING: sun.misc.Unsafe::objectFieldOffset has been called by org.openjdk.jmh.util.Utils (file:/home/forked_franz/IdeaProjects/c2-writestring-spill-jmh/arms/benchmarks-none.jar)
WARNING: Please consider reporting this to the maintainers of class org.openjdk.jmh.util.Utils
WARNING: sun.misc.Unsafe::objectFieldOffset will be removed in a future release
# Warmup Iteration   1: SLF4J(W): No SLF4J providers were found.
SLF4J(W): Defaulting to no-operation (NOP) logger implementation
SLF4J(W): See https://www.slf4j.org/codes.html#noProviders for further details.
# micronaut generated wrote 2821 bytes
3373.965 ns/op
# Warmup Iteration   2: 3141.960 ns/op
# Warmup Iteration   3: 3275.607 ns/op
# Warmup Iteration   4: 3301.525 ns/op
# Warmup Iteration   5: 3390.129 ns/op
Iteration   1: 3428.990 ns/op
Iteration   2: 3389.799 ns/op
Iteration   3: 3348.925 ns/op
Iteration   4: 3261.265 ns/op
Iteration   5: 3186.064 ns/op

# Run progress: 54.17% complete, ETA 00:01:54
# Fork: 2 of 6
WARNING: A terminally deprecated method in sun.misc.Unsafe has been called
WARNING: sun.misc.Unsafe::objectFieldOffset has been called by org.openjdk.jmh.util.Utils (file:/home/forked_franz/IdeaProjects/c2-writestring-spill-jmh/arms/benchmarks-none.jar)
WARNING: Please consider reporting this to the maintainers of class org.openjdk.jmh.util.Utils
WARNING: sun.misc.Unsafe::objectFieldOffset will be removed in a future release
# Warmup Iteration   1: SLF4J(W): No SLF4J providers were found.
SLF4J(W): Defaulting to no-operation (NOP) logger implementation
SLF4J(W): See https://www.slf4j.org/codes.html#noProviders for further details.
# micronaut generated wrote 2821 bytes
3438.960 ns/op
# Warmup Iteration   2: 3129.344 ns/op
# Warmup Iteration   3: 3208.202 ns/op
# Warmup Iteration   4: 3196.885 ns/op
# Warmup Iteration   5: 3539.230 ns/op
Iteration   1: 3618.292 ns/op
Iteration   2: 3355.869 ns/op
Iteration   3: 3182.491 ns/op
Iteration   4: 3188.050 ns/op
Iteration   5: 3187.309 ns/op

# Run progress: 58.33% complete, ETA 00:01:43
# Fork: 3 of 6
WARNING: A terminally deprecated method in sun.misc.Unsafe has been called
WARNING: sun.misc.Unsafe::objectFieldOffset has been called by org.openjdk.jmh.util.Utils (file:/home/forked_franz/IdeaProjects/c2-writestring-spill-jmh/arms/benchmarks-none.jar)
WARNING: Please consider reporting this to the maintainers of class org.openjdk.jmh.util.Utils
WARNING: sun.misc.Unsafe::objectFieldOffset will be removed in a future release
# Warmup Iteration   1: SLF4J(W): No SLF4J providers were found.
SLF4J(W): Defaulting to no-operation (NOP) logger implementation
SLF4J(W): See https://www.slf4j.org/codes.html#noProviders for further details.
# micronaut generated wrote 2821 bytes
3451.515 ns/op
# Warmup Iteration   2: 3191.846 ns/op
# Warmup Iteration   3: 3216.158 ns/op
# Warmup Iteration   4: 3206.648 ns/op
# Warmup Iteration   5: 3521.189 ns/op
Iteration   1: 3607.796 ns/op
Iteration   2: 3368.204 ns/op
Iteration   3: 3212.304 ns/op
Iteration   4: 3216.821 ns/op
Iteration   5: 3207.037 ns/op

# Run progress: 62.50% complete, ETA 00:01:33
# Fork: 4 of 6
WARNING: A terminally deprecated method in sun.misc.Unsafe has been called
WARNING: sun.misc.Unsafe::objectFieldOffset has been called by org.openjdk.jmh.util.Utils (file:/home/forked_franz/IdeaProjects/c2-writestring-spill-jmh/arms/benchmarks-none.jar)
WARNING: Please consider reporting this to the maintainers of class org.openjdk.jmh.util.Utils
WARNING: sun.misc.Unsafe::objectFieldOffset will be removed in a future release
# Warmup Iteration   1: SLF4J(W): No SLF4J providers were found.
SLF4J(W): Defaulting to no-operation (NOP) logger implementation
SLF4J(W): See https://www.slf4j.org/codes.html#noProviders for further details.
# micronaut generated wrote 2821 bytes
3411.187 ns/op
# Warmup Iteration   2: 3159.953 ns/op
# Warmup Iteration   3: 3198.742 ns/op
# Warmup Iteration   4: 3188.021 ns/op
# Warmup Iteration   5: 3539.185 ns/op
Iteration   1: 3592.385 ns/op
Iteration   2: 3358.377 ns/op
Iteration   3: 3212.368 ns/op
Iteration   4: 3214.107 ns/op
Iteration   5: 3198.742 ns/op

# Run progress: 66.67% complete, ETA 00:01:23
# Fork: 5 of 6
WARNING: A terminally deprecated method in sun.misc.Unsafe has been called
WARNING: sun.misc.Unsafe::objectFieldOffset has been called by org.openjdk.jmh.util.Utils (file:/home/forked_franz/IdeaProjects/c2-writestring-spill-jmh/arms/benchmarks-none.jar)
WARNING: Please consider reporting this to the maintainers of class org.openjdk.jmh.util.Utils
WARNING: sun.misc.Unsafe::objectFieldOffset will be removed in a future release
# Warmup Iteration   1: SLF4J(W): No SLF4J providers were found.
SLF4J(W): Defaulting to no-operation (NOP) logger implementation
SLF4J(W): See https://www.slf4j.org/codes.html#noProviders for further details.
# micronaut generated wrote 2821 bytes
3538.198 ns/op
# Warmup Iteration   2: 3264.422 ns/op
# Warmup Iteration   3: 3273.831 ns/op
# Warmup Iteration   4: 3258.960 ns/op
# Warmup Iteration   5: 3551.600 ns/op
Iteration   1: 3639.301 ns/op
Iteration   2: 3453.233 ns/op
Iteration   3: 3238.382 ns/op
Iteration   4: 3238.387 ns/op
Iteration   5: 3223.045 ns/op

# Run progress: 70.83% complete, ETA 00:01:12
# Fork: 6 of 6
WARNING: A terminally deprecated method in sun.misc.Unsafe has been called
WARNING: sun.misc.Unsafe::objectFieldOffset has been called by org.openjdk.jmh.util.Utils (file:/home/forked_franz/IdeaProjects/c2-writestring-spill-jmh/arms/benchmarks-none.jar)
WARNING: Please consider reporting this to the maintainers of class org.openjdk.jmh.util.Utils
WARNING: sun.misc.Unsafe::objectFieldOffset will be removed in a future release
# Warmup Iteration   1: SLF4J(W): No SLF4J providers were found.
SLF4J(W): Defaulting to no-operation (NOP) logger implementation
SLF4J(W): See https://www.slf4j.org/codes.html#noProviders for further details.
# micronaut generated wrote 2821 bytes
3446.421 ns/op
# Warmup Iteration   2: 3150.799 ns/op
# Warmup Iteration   3: 3212.166 ns/op
# Warmup Iteration   4: 3218.534 ns/op
# Warmup Iteration   5: 3544.513 ns/op
Iteration   1: 3586.165 ns/op
Iteration   2: 3322.464 ns/op
Iteration   3: 3196.994 ns/op
Iteration   4: 3186.894 ns/op
Iteration   5: 3173.514 ns/op


Result "bench.paths.MicronautBench.serialize":
  3319.786 ±(99.9%) 102.613 ns/op [Average]
  (min, avg, max) = (3173.514, 3319.786, 3639.301), stdev = 153.586
  CI (99.9%): [3217.173, 3422.399] (assumes normal distribution)


# JMH version: 1.37
# VM version: JDK 25, Java HotSpot(TM) 64-Bit Server VM, 25+37-LTS-3491
# VM invoker: /home/forked_franz/.sdkman/candidates/java/25-oracle/bin/java
# VM options: -Xms1g -Xmx1g -XX:+UseParallelGC -XX:+AlwaysPreTouch
# Blackhole mode: compiler (auto-detected, use -Djmh.blackhole.autoDetect=false to disable)
# Warmup: 5 iterations, 1 s each
# Measurement: 5 iterations, 1 s each
# Timeout: 10 min per iteration
# Threads: 1 thread, will synchronize iterations
# Benchmark mode: Average time, time/op
# Benchmark: bench.paths.MicronautBench.serialize
# Parameters: (serde = runtime, strLen = 0)

# Run progress: 75.00% complete, ETA 00:01:02
# Fork: 1 of 6
WARNING: A terminally deprecated method in sun.misc.Unsafe has been called
WARNING: sun.misc.Unsafe::objectFieldOffset has been called by org.openjdk.jmh.util.Utils (file:/home/forked_franz/IdeaProjects/c2-writestring-spill-jmh/arms/benchmarks-none.jar)
WARNING: Please consider reporting this to the maintainers of class org.openjdk.jmh.util.Utils
WARNING: sun.misc.Unsafe::objectFieldOffset will be removed in a future release
# Warmup Iteration   1: SLF4J(W): No SLF4J providers were found.
SLF4J(W): Defaulting to no-operation (NOP) logger implementation
SLF4J(W): See https://www.slf4j.org/codes.html#noProviders for further details.
# micronaut runtime wrote 2821 bytes
4065.785 ns/op
# Warmup Iteration   2: 3823.054 ns/op
# Warmup Iteration   3: 3885.837 ns/op
# Warmup Iteration   4: 3894.851 ns/op
# Warmup Iteration   5: 4016.163 ns/op
Iteration   1: 4019.211 ns/op
Iteration   2: 4009.432 ns/op
Iteration   3: 3922.460 ns/op
Iteration   4: 3847.879 ns/op
Iteration   5: 3846.184 ns/op

# Run progress: 79.17% complete, ETA 00:00:52
# Fork: 2 of 6
WARNING: A terminally deprecated method in sun.misc.Unsafe has been called
WARNING: sun.misc.Unsafe::objectFieldOffset has been called by org.openjdk.jmh.util.Utils (file:/home/forked_franz/IdeaProjects/c2-writestring-spill-jmh/arms/benchmarks-none.jar)
WARNING: Please consider reporting this to the maintainers of class org.openjdk.jmh.util.Utils
WARNING: sun.misc.Unsafe::objectFieldOffset will be removed in a future release
# Warmup Iteration   1: SLF4J(W): No SLF4J providers were found.
SLF4J(W): Defaulting to no-operation (NOP) logger implementation
SLF4J(W): See https://www.slf4j.org/codes.html#noProviders for further details.
# micronaut runtime wrote 2821 bytes
3951.724 ns/op
# Warmup Iteration   2: 3715.234 ns/op
# Warmup Iteration   3: 3759.726 ns/op
# Warmup Iteration   4: 3773.857 ns/op
# Warmup Iteration   5: 3923.545 ns/op
Iteration   1: 3924.887 ns/op
Iteration   2: 3932.816 ns/op
Iteration   3: 3780.374 ns/op
Iteration   4: 3814.195 ns/op
Iteration   5: 3830.689 ns/op

# Run progress: 83.33% complete, ETA 00:00:41
# Fork: 3 of 6
WARNING: A terminally deprecated method in sun.misc.Unsafe has been called
WARNING: sun.misc.Unsafe::objectFieldOffset has been called by org.openjdk.jmh.util.Utils (file:/home/forked_franz/IdeaProjects/c2-writestring-spill-jmh/arms/benchmarks-none.jar)
WARNING: Please consider reporting this to the maintainers of class org.openjdk.jmh.util.Utils
WARNING: sun.misc.Unsafe::objectFieldOffset will be removed in a future release
# Warmup Iteration   1: SLF4J(W): No SLF4J providers were found.
SLF4J(W): Defaulting to no-operation (NOP) logger implementation
SLF4J(W): See https://www.slf4j.org/codes.html#noProviders for further details.
# micronaut runtime wrote 2821 bytes
3984.357 ns/op
# Warmup Iteration   2: 3733.873 ns/op
# Warmup Iteration   3: 3785.551 ns/op
# Warmup Iteration   4: 3798.133 ns/op
# Warmup Iteration   5: 3903.756 ns/op
Iteration   1: 3942.415 ns/op
Iteration   2: 3968.092 ns/op
Iteration   3: 3791.593 ns/op
Iteration   4: 3769.629 ns/op
Iteration   5: 3773.666 ns/op

# Run progress: 87.50% complete, ETA 00:00:31
# Fork: 4 of 6
WARNING: A terminally deprecated method in sun.misc.Unsafe has been called
WARNING: sun.misc.Unsafe::objectFieldOffset has been called by org.openjdk.jmh.util.Utils (file:/home/forked_franz/IdeaProjects/c2-writestring-spill-jmh/arms/benchmarks-none.jar)
WARNING: Please consider reporting this to the maintainers of class org.openjdk.jmh.util.Utils
WARNING: sun.misc.Unsafe::objectFieldOffset will be removed in a future release
# Warmup Iteration   1: SLF4J(W): No SLF4J providers were found.
SLF4J(W): Defaulting to no-operation (NOP) logger implementation
SLF4J(W): See https://www.slf4j.org/codes.html#noProviders for further details.
# micronaut runtime wrote 2821 bytes
4076.234 ns/op
# Warmup Iteration   2: 3812.446 ns/op
# Warmup Iteration   3: 3827.344 ns/op
# Warmup Iteration   4: 3798.182 ns/op
# Warmup Iteration   5: 3986.504 ns/op
Iteration   1: 4029.546 ns/op
Iteration   2: 3994.168 ns/op
Iteration   3: 3893.768 ns/op
Iteration   4: 3983.402 ns/op
Iteration   5: 3978.132 ns/op

# Run progress: 91.67% complete, ETA 00:00:20
# Fork: 5 of 6
WARNING: A terminally deprecated method in sun.misc.Unsafe has been called
WARNING: sun.misc.Unsafe::objectFieldOffset has been called by org.openjdk.jmh.util.Utils (file:/home/forked_franz/IdeaProjects/c2-writestring-spill-jmh/arms/benchmarks-none.jar)
WARNING: Please consider reporting this to the maintainers of class org.openjdk.jmh.util.Utils
WARNING: sun.misc.Unsafe::objectFieldOffset will be removed in a future release
# Warmup Iteration   1: SLF4J(W): No SLF4J providers were found.
SLF4J(W): Defaulting to no-operation (NOP) logger implementation
SLF4J(W): See https://www.slf4j.org/codes.html#noProviders for further details.
# micronaut runtime wrote 2821 bytes
4047.307 ns/op
# Warmup Iteration   2: 3767.237 ns/op
# Warmup Iteration   3: 3802.618 ns/op
# Warmup Iteration   4: 3801.319 ns/op
# Warmup Iteration   5: 3951.365 ns/op
Iteration   1: 4205.660 ns/op
Iteration   2: 4166.548 ns/op
Iteration   3: 3853.949 ns/op
Iteration   4: 3856.366 ns/op
Iteration   5: 3858.311 ns/op

# Run progress: 95.83% complete, ETA 00:00:10
# Fork: 6 of 6
WARNING: A terminally deprecated method in sun.misc.Unsafe has been called
WARNING: sun.misc.Unsafe::objectFieldOffset has been called by org.openjdk.jmh.util.Utils (file:/home/forked_franz/IdeaProjects/c2-writestring-spill-jmh/arms/benchmarks-none.jar)
WARNING: Please consider reporting this to the maintainers of class org.openjdk.jmh.util.Utils
WARNING: sun.misc.Unsafe::objectFieldOffset will be removed in a future release
# Warmup Iteration   1: SLF4J(W): No SLF4J providers were found.
SLF4J(W): Defaulting to no-operation (NOP) logger implementation
SLF4J(W): See https://www.slf4j.org/codes.html#noProviders for further details.
# micronaut runtime wrote 2821 bytes
4076.243 ns/op
# Warmup Iteration   2: 3838.428 ns/op
# Warmup Iteration   3: 3874.276 ns/op
# Warmup Iteration   4: 3880.462 ns/op
# Warmup Iteration   5: 3941.565 ns/op
Iteration   1: 3988.477 ns/op
Iteration   2: 3968.757 ns/op
Iteration   3: 3858.390 ns/op
Iteration   4: 3860.769 ns/op
Iteration   5: 3862.273 ns/op


Result "bench.paths.MicronautBench.serialize":
  3917.735 ±(99.9%) 71.100 ns/op [Average]
  (min, avg, max) = (3769.629, 3917.735, 4205.660), stdev = 106.419
  CI (99.9%): [3846.635, 3988.834] (assumes normal distribution)


# Run complete. Total time: 00:04:10

REMEMBER: The numbers below are just data. To gain reusable insights, you need to follow up on
why the numbers are the way they are. Use profilers (see -prof, -lprof), design factorial
experiments, perform baseline and negative tests that provide experimental control, make sure
the benchmarking environment is safe on JVM/OS/HW level, ask for reviews from the domain experts.
Do not assume the numbers tell you what you want them to tell.

NOTE: Current JVM experimentally supports Compiler Blackholes, and they are in use. Please exercise
extra caution when trusting the results, look into the generated code to check the benchmark still
works, and factor in a small probability of new VM bugs. Additionally, while comparisons between
different JVMs are already problematic, the performance difference caused by different Blackhole
modes can be very significant. Please make sure you use the consistent Blackhole mode for comparisons.

Benchmark                       (gen)    (serde)  (strLen)  Mode  Cnt     Score     Error  Units
ExtendedPersonBench.serialize    main        N/A         0  avgt   30  3736.400 ±  77.239  ns/op
ExtendedPersonBench.serialize  nested        N/A         0  avgt   30  3612.440 ±  67.240  ns/op
MicronautBench.serialize          N/A  generated         0  avgt   30  3319.786 ± 102.613  ns/op
MicronautBench.serialize          N/A    runtime         0  avgt   30  3917.735 ±  71.100  ns/op
