WARNING: A terminally deprecated method in sun.misc.Unsafe has been called
WARNING: sun.misc.Unsafe::objectFieldOffset has been called by org.openjdk.jmh.util.Utils (file:/home/forked_franz/IdeaProjects/c2-writestring-spill-jmh/arms/benchmarks-both.jar)
WARNING: Please consider reporting this to the maintainers of class org.openjdk.jmh.util.Utils
WARNING: sun.misc.Unsafe::objectFieldOffset will be removed in a future release
# JMH version: 1.37
# VM version: JDK 25, Java HotSpot(TM) 64-Bit Server VM, 25+37-LTS-3491
# VM invoker: /home/forked_franz/.sdkman/candidates/java/25-oracle/bin/java
# VM options: -Xms1g -Xmx1g -XX:+UseParallelGC -XX:+AlwaysPreTouch
# Blackhole mode: compiler (auto-detected, use -Djmh.blackhole.autoDetect=false to disable)
# Warmup: 5 iterations, 1 s each
# Measurement: 5 iterations, 1 s each
# Timeout: 10 min per iteration
# Threads: 1 thread, will synchronize iterations
# Benchmark mode: Average time, time/op
# Benchmark: bench.paths.ExtendedPersonBench.serialize
# Parameters: (gen = main, strLen = 0)

# Run progress: 0.00% complete, ETA 00:05:00
# Fork: 1 of 15
WARNING: A terminally deprecated method in sun.misc.Unsafe has been called
WARNING: sun.misc.Unsafe::objectFieldOffset has been called by org.openjdk.jmh.util.Utils (file:/home/forked_franz/IdeaProjects/c2-writestring-spill-jmh/arms/benchmarks-both.jar)
WARNING: Please consider reporting this to the maintainers of class org.openjdk.jmh.util.Utils
WARNING: sun.misc.Unsafe::objectFieldOffset will be removed in a future release
# Warmup Iteration   1: 2926.275 ns/op
# Warmup Iteration   2: 2816.731 ns/op
# Warmup Iteration   3: 2835.532 ns/op
# Warmup Iteration   4: 2850.024 ns/op
# Warmup Iteration   5: 3114.540 ns/op
Iteration   1: 3227.478 ns/op
Iteration   2: 2915.424 ns/op
Iteration   3: 2856.915 ns/op
Iteration   4: 2813.306 ns/op
Iteration   5: 2915.949 ns/op

# Run progress: 3.33% complete, ETA 00:05:01
# Fork: 2 of 15
WARNING: A terminally deprecated method in sun.misc.Unsafe has been called
WARNING: sun.misc.Unsafe::objectFieldOffset has been called by org.openjdk.jmh.util.Utils (file:/home/forked_franz/IdeaProjects/c2-writestring-spill-jmh/arms/benchmarks-both.jar)
WARNING: Please consider reporting this to the maintainers of class org.openjdk.jmh.util.Utils
WARNING: sun.misc.Unsafe::objectFieldOffset will be removed in a future release
# Warmup Iteration   1: 2928.145 ns/op
# Warmup Iteration   2: 2807.838 ns/op
# Warmup Iteration   3: 2842.771 ns/op
# Warmup Iteration   4: 2904.005 ns/op
# Warmup Iteration   5: 2967.705 ns/op
Iteration   1: 3052.512 ns/op
Iteration   2: 2837.845 ns/op
Iteration   3: 2809.716 ns/op
Iteration   4: 2804.695 ns/op
Iteration   5: 2819.513 ns/op

# Run progress: 6.67% complete, ETA 00:04:50
# Fork: 3 of 15
WARNING: A terminally deprecated method in sun.misc.Unsafe has been called
WARNING: sun.misc.Unsafe::objectFieldOffset has been called by org.openjdk.jmh.util.Utils (file:/home/forked_franz/IdeaProjects/c2-writestring-spill-jmh/arms/benchmarks-both.jar)
WARNING: Please consider reporting this to the maintainers of class org.openjdk.jmh.util.Utils
WARNING: sun.misc.Unsafe::objectFieldOffset will be removed in a future release
# Warmup Iteration   1: 2941.938 ns/op
# Warmup Iteration   2: 2822.866 ns/op
# Warmup Iteration   3: 2853.207 ns/op
# Warmup Iteration   4: 2899.148 ns/op
# Warmup Iteration   5: 2994.490 ns/op
Iteration   1: 3061.597 ns/op
Iteration   2: 2845.713 ns/op
Iteration   3: 2812.589 ns/op
Iteration   4: 2806.588 ns/op
Iteration   5: 2834.373 ns/op

# Run progress: 10.00% complete, ETA 00:04:39
# Fork: 4 of 15
WARNING: A terminally deprecated method in sun.misc.Unsafe has been called
WARNING: sun.misc.Unsafe::objectFieldOffset has been called by org.openjdk.jmh.util.Utils (file:/home/forked_franz/IdeaProjects/c2-writestring-spill-jmh/arms/benchmarks-both.jar)
WARNING: Please consider reporting this to the maintainers of class org.openjdk.jmh.util.Utils
WARNING: sun.misc.Unsafe::objectFieldOffset will be removed in a future release
# Warmup Iteration   1: 2949.127 ns/op
# Warmup Iteration   2: 2830.089 ns/op
# Warmup Iteration   3: 2852.036 ns/op
# Warmup Iteration   4: 2873.252 ns/op
# Warmup Iteration   5: 2970.161 ns/op
Iteration   1: 3045.376 ns/op
Iteration   2: 2836.611 ns/op
Iteration   3: 2819.428 ns/op
Iteration   4: 2825.234 ns/op
Iteration   5: 2856.025 ns/op

# Run progress: 13.33% complete, ETA 00:04:29
# Fork: 5 of 15
WARNING: A terminally deprecated method in sun.misc.Unsafe has been called
WARNING: sun.misc.Unsafe::objectFieldOffset has been called by org.openjdk.jmh.util.Utils (file:/home/forked_franz/IdeaProjects/c2-writestring-spill-jmh/arms/benchmarks-both.jar)
WARNING: Please consider reporting this to the maintainers of class org.openjdk.jmh.util.Utils
WARNING: sun.misc.Unsafe::objectFieldOffset will be removed in a future release
# Warmup Iteration   1: 2975.647 ns/op
# Warmup Iteration   2: 2847.646 ns/op
# Warmup Iteration   3: 2866.935 ns/op
# Warmup Iteration   4: 2862.808 ns/op
# Warmup Iteration   5: 2954.483 ns/op
Iteration   1: 3063.356 ns/op
Iteration   2: 2890.787 ns/op
Iteration   3: 2848.140 ns/op
Iteration   4: 2845.649 ns/op
Iteration   5: 2869.200 ns/op

# Run progress: 16.67% complete, ETA 00:04:19
# Fork: 6 of 15
WARNING: A terminally deprecated method in sun.misc.Unsafe has been called
WARNING: sun.misc.Unsafe::objectFieldOffset has been called by org.openjdk.jmh.util.Utils (file:/home/forked_franz/IdeaProjects/c2-writestring-spill-jmh/arms/benchmarks-both.jar)
WARNING: Please consider reporting this to the maintainers of class org.openjdk.jmh.util.Utils
WARNING: sun.misc.Unsafe::objectFieldOffset will be removed in a future release
# Warmup Iteration   1: 2956.238 ns/op
# Warmup Iteration   2: 2825.953 ns/op
# Warmup Iteration   3: 2836.654 ns/op
# Warmup Iteration   4: 2835.731 ns/op
# Warmup Iteration   5: 3130.628 ns/op
Iteration   1: 3228.845 ns/op
Iteration   2: 2876.828 ns/op
Iteration   3: 2824.608 ns/op
Iteration   4: 2832.332 ns/op
Iteration   5: 2916.749 ns/op

# Run progress: 20.00% complete, ETA 00:04:08
# Fork: 7 of 15
WARNING: A terminally deprecated method in sun.misc.Unsafe has been called
WARNING: sun.misc.Unsafe::objectFieldOffset has been called by org.openjdk.jmh.util.Utils (file:/home/forked_franz/IdeaProjects/c2-writestring-spill-jmh/arms/benchmarks-both.jar)
WARNING: Please consider reporting this to the maintainers of class org.openjdk.jmh.util.Utils
WARNING: sun.misc.Unsafe::objectFieldOffset will be removed in a future release
# Warmup Iteration   1: 2972.856 ns/op
# Warmup Iteration   2: 2814.359 ns/op
# Warmup Iteration   3: 2824.772 ns/op
# Warmup Iteration   4: 2827.739 ns/op
# Warmup Iteration   5: 3128.298 ns/op
Iteration   1: 3217.995 ns/op
Iteration   2: 2869.730 ns/op
Iteration   3: 2810.424 ns/op
Iteration   4: 2800.722 ns/op
Iteration   5: 2835.562 ns/op

# Run progress: 23.33% complete, ETA 00:03:58
# Fork: 8 of 15
WARNING: A terminally deprecated method in sun.misc.Unsafe has been called
WARNING: sun.misc.Unsafe::objectFieldOffset has been called by org.openjdk.jmh.util.Utils (file:/home/forked_franz/IdeaProjects/c2-writestring-spill-jmh/arms/benchmarks-both.jar)
WARNING: Please consider reporting this to the maintainers of class org.openjdk.jmh.util.Utils
WARNING: sun.misc.Unsafe::objectFieldOffset will be removed in a future release
# Warmup Iteration   1: 2994.279 ns/op
# Warmup Iteration   2: 2867.237 ns/op
# Warmup Iteration   3: 2899.893 ns/op
# Warmup Iteration   4: 2869.210 ns/op
# Warmup Iteration   5: 2988.647 ns/op
Iteration   1: 3062.081 ns/op
Iteration   2: 2932.689 ns/op
Iteration   3: 2879.153 ns/op
Iteration   4: 2942.531 ns/op
Iteration   5: 2904.077 ns/op

# Run progress: 26.67% complete, ETA 00:03:48
# Fork: 9 of 15
WARNING: A terminally deprecated method in sun.misc.Unsafe has been called
WARNING: sun.misc.Unsafe::objectFieldOffset has been called by org.openjdk.jmh.util.Utils (file:/home/forked_franz/IdeaProjects/c2-writestring-spill-jmh/arms/benchmarks-both.jar)
WARNING: Please consider reporting this to the maintainers of class org.openjdk.jmh.util.Utils
WARNING: sun.misc.Unsafe::objectFieldOffset will be removed in a future release
# Warmup Iteration   1: 2931.153 ns/op
# Warmup Iteration   2: 2829.388 ns/op
# Warmup Iteration   3: 2831.400 ns/op
# Warmup Iteration   4: 2849.104 ns/op
# Warmup Iteration   5: 3119.196 ns/op
Iteration   1: 3277.181 ns/op
Iteration   2: 2898.318 ns/op
Iteration   3: 2841.396 ns/op
Iteration   4: 2834.057 ns/op
Iteration   5: 2934.484 ns/op

# Run progress: 30.00% complete, ETA 00:03:37
# Fork: 10 of 15
WARNING: A terminally deprecated method in sun.misc.Unsafe has been called
WARNING: sun.misc.Unsafe::objectFieldOffset has been called by org.openjdk.jmh.util.Utils (file:/home/forked_franz/IdeaProjects/c2-writestring-spill-jmh/arms/benchmarks-both.jar)
WARNING: Please consider reporting this to the maintainers of class org.openjdk.jmh.util.Utils
WARNING: sun.misc.Unsafe::objectFieldOffset will be removed in a future release
# Warmup Iteration   1: 2952.635 ns/op
# Warmup Iteration   2: 2822.847 ns/op
# Warmup Iteration   3: 2840.149 ns/op
# Warmup Iteration   4: 2820.125 ns/op
# Warmup Iteration   5: 2927.245 ns/op
Iteration   1: 3018.947 ns/op
Iteration   2: 2857.728 ns/op
Iteration   3: 2835.060 ns/op
Iteration   4: 2820.187 ns/op
Iteration   5: 2822.115 ns/op

# Run progress: 33.33% complete, ETA 00:03:27
# Fork: 11 of 15
WARNING: A terminally deprecated method in sun.misc.Unsafe has been called
WARNING: sun.misc.Unsafe::objectFieldOffset has been called by org.openjdk.jmh.util.Utils (file:/home/forked_franz/IdeaProjects/c2-writestring-spill-jmh/arms/benchmarks-both.jar)
WARNING: Please consider reporting this to the maintainers of class org.openjdk.jmh.util.Utils
WARNING: sun.misc.Unsafe::objectFieldOffset will be removed in a future release
# Warmup Iteration   1: 2958.898 ns/op
# Warmup Iteration   2: 2826.273 ns/op
# Warmup Iteration   3: 2873.026 ns/op
# Warmup Iteration   4: 2854.914 ns/op
# Warmup Iteration   5: 3108.771 ns/op
Iteration   1: 3251.901 ns/op
Iteration   2: 2869.918 ns/op
Iteration   3: 2840.374 ns/op
Iteration   4: 2845.345 ns/op
Iteration   5: 2935.699 ns/op

# Run progress: 36.67% complete, ETA 00:03:16
# Fork: 12 of 15
WARNING: A terminally deprecated method in sun.misc.Unsafe has been called
WARNING: sun.misc.Unsafe::objectFieldOffset has been called by org.openjdk.jmh.util.Utils (file:/home/forked_franz/IdeaProjects/c2-writestring-spill-jmh/arms/benchmarks-both.jar)
WARNING: Please consider reporting this to the maintainers of class org.openjdk.jmh.util.Utils
WARNING: sun.misc.Unsafe::objectFieldOffset will be removed in a future release
# Warmup Iteration   1: 2944.409 ns/op
# Warmup Iteration   2: 2825.543 ns/op
# Warmup Iteration   3: 2842.057 ns/op
# Warmup Iteration   4: 2834.797 ns/op
# Warmup Iteration   5: 2946.606 ns/op
Iteration   1: 3079.769 ns/op
Iteration   2: 2835.990 ns/op
Iteration   3: 2820.355 ns/op
Iteration   4: 2818.134 ns/op
Iteration   5: 2838.390 ns/op

# Run progress: 40.00% complete, ETA 00:03:06
# Fork: 13 of 15
WARNING: A terminally deprecated method in sun.misc.Unsafe has been called
WARNING: sun.misc.Unsafe::objectFieldOffset has been called by org.openjdk.jmh.util.Utils (file:/home/forked_franz/IdeaProjects/c2-writestring-spill-jmh/arms/benchmarks-both.jar)
WARNING: Please consider reporting this to the maintainers of class org.openjdk.jmh.util.Utils
WARNING: sun.misc.Unsafe::objectFieldOffset will be removed in a future release
# Warmup Iteration   1: 2945.687 ns/op
# Warmup Iteration   2: 2811.484 ns/op
# Warmup Iteration   3: 2825.654 ns/op
# Warmup Iteration   4: 2835.464 ns/op
# Warmup Iteration   5: 3113.708 ns/op
Iteration   1: 3249.885 ns/op
Iteration   2: 2863.927 ns/op
Iteration   3: 2814.269 ns/op
Iteration   4: 2823.741 ns/op
Iteration   5: 2902.540 ns/op

# Run progress: 43.33% complete, ETA 00:02:56
# Fork: 14 of 15
WARNING: A terminally deprecated method in sun.misc.Unsafe has been called
WARNING: sun.misc.Unsafe::objectFieldOffset has been called by org.openjdk.jmh.util.Utils (file:/home/forked_franz/IdeaProjects/c2-writestring-spill-jmh/arms/benchmarks-both.jar)
WARNING: Please consider reporting this to the maintainers of class org.openjdk.jmh.util.Utils
WARNING: sun.misc.Unsafe::objectFieldOffset will be removed in a future release
# Warmup Iteration   1: 2934.360 ns/op
# Warmup Iteration   2: 2815.420 ns/op
# Warmup Iteration   3: 2853.308 ns/op
# Warmup Iteration   4: 2890.253 ns/op
# Warmup Iteration   5: 3002.043 ns/op
Iteration   1: 3078.726 ns/op
Iteration   2: 2818.574 ns/op
Iteration   3: 2798.385 ns/op
Iteration   4: 2792.857 ns/op
Iteration   5: 2832.780 ns/op

# Run progress: 46.67% complete, ETA 00:02:45
# Fork: 15 of 15
WARNING: A terminally deprecated method in sun.misc.Unsafe has been called
WARNING: sun.misc.Unsafe::objectFieldOffset has been called by org.openjdk.jmh.util.Utils (file:/home/forked_franz/IdeaProjects/c2-writestring-spill-jmh/arms/benchmarks-both.jar)
WARNING: Please consider reporting this to the maintainers of class org.openjdk.jmh.util.Utils
WARNING: sun.misc.Unsafe::objectFieldOffset will be removed in a future release
# Warmup Iteration   1: 2969.201 ns/op
# Warmup Iteration   2: 2827.460 ns/op
# Warmup Iteration   3: 2824.527 ns/op
# Warmup Iteration   4: 2814.969 ns/op
# Warmup Iteration   5: 3068.860 ns/op
Iteration   1: 3197.865 ns/op
Iteration   2: 2855.524 ns/op
Iteration   3: 2817.591 ns/op
Iteration   4: 2818.043 ns/op
Iteration   5: 2897.729 ns/op


Result "bench.paths.ExtendedPersonBench.serialize":
  2907.815 ±(99.9%) 51.102 ns/op [Average]
  (min, avg, max) = (2792.857, 2907.815, 3277.181), stdev = 129.143
  CI (99.9%): [2856.713, 2958.918] (assumes normal distribution)


# JMH version: 1.37
# VM version: JDK 25, Java HotSpot(TM) 64-Bit Server VM, 25+37-LTS-3491
# VM invoker: /home/forked_franz/.sdkman/candidates/java/25-oracle/bin/java
# VM options: -Xms1g -Xmx1g -XX:+UseParallelGC -XX:+AlwaysPreTouch
# Blackhole mode: compiler (auto-detected, use -Djmh.blackhole.autoDetect=false to disable)
# Warmup: 5 iterations, 1 s each
# Measurement: 5 iterations, 1 s each
# Timeout: 10 min per iteration
# Threads: 1 thread, will synchronize iterations
# Benchmark mode: Average time, time/op
# Benchmark: bench.paths.ExtendedPersonBench.serialize
# Parameters: (gen = nested, strLen = 0)

# Run progress: 50.00% complete, ETA 00:02:35
# Fork: 1 of 15
WARNING: A terminally deprecated method in sun.misc.Unsafe has been called
WARNING: sun.misc.Unsafe::objectFieldOffset has been called by org.openjdk.jmh.util.Utils (file:/home/forked_franz/IdeaProjects/c2-writestring-spill-jmh/arms/benchmarks-both.jar)
WARNING: Please consider reporting this to the maintainers of class org.openjdk.jmh.util.Utils
WARNING: sun.misc.Unsafe::objectFieldOffset will be removed in a future release
# Warmup Iteration   1: 2810.220 ns/op
# Warmup Iteration   2: 2678.891 ns/op
# Warmup Iteration   3: 2698.208 ns/op
# Warmup Iteration   4: 2702.039 ns/op
# Warmup Iteration   5: 3044.977 ns/op
Iteration   1: 2992.834 ns/op
Iteration   2: 2665.795 ns/op
Iteration   3: 2834.479 ns/op
Iteration   4: 2788.306 ns/op
Iteration   5: 2679.108 ns/op

# Run progress: 53.33% complete, ETA 00:02:25
# Fork: 2 of 15
WARNING: A terminally deprecated method in sun.misc.Unsafe has been called
WARNING: sun.misc.Unsafe::objectFieldOffset has been called by org.openjdk.jmh.util.Utils (file:/home/forked_franz/IdeaProjects/c2-writestring-spill-jmh/arms/benchmarks-both.jar)
WARNING: Please consider reporting this to the maintainers of class org.openjdk.jmh.util.Utils
WARNING: sun.misc.Unsafe::objectFieldOffset will be removed in a future release
# Warmup Iteration   1: 2879.763 ns/op
# Warmup Iteration   2: 2754.579 ns/op
# Warmup Iteration   3: 2780.492 ns/op
# Warmup Iteration   4: 2784.525 ns/op
# Warmup Iteration   5: 2960.095 ns/op
Iteration   1: 2984.390 ns/op
Iteration   2: 2747.404 ns/op
Iteration   3: 2748.828 ns/op
Iteration   4: 2771.770 ns/op
Iteration   5: 2758.018 ns/op

# Run progress: 56.67% complete, ETA 00:02:14
# Fork: 3 of 15
WARNING: A terminally deprecated method in sun.misc.Unsafe has been called
WARNING: sun.misc.Unsafe::objectFieldOffset has been called by org.openjdk.jmh.util.Utils (file:/home/forked_franz/IdeaProjects/c2-writestring-spill-jmh/arms/benchmarks-both.jar)
WARNING: Please consider reporting this to the maintainers of class org.openjdk.jmh.util.Utils
WARNING: sun.misc.Unsafe::objectFieldOffset will be removed in a future release
# Warmup Iteration   1: 2853.341 ns/op
# Warmup Iteration   2: 2749.158 ns/op
# Warmup Iteration   3: 2796.450 ns/op
# Warmup Iteration   4: 2917.856 ns/op
# Warmup Iteration   5: 2986.253 ns/op
Iteration   1: 2970.126 ns/op
Iteration   2: 2764.745 ns/op
Iteration   3: 2741.860 ns/op
Iteration   4: 2723.798 ns/op
Iteration   5: 2761.562 ns/op

# Run progress: 60.00% complete, ETA 00:02:04
# Fork: 4 of 15
WARNING: A terminally deprecated method in sun.misc.Unsafe has been called
WARNING: sun.misc.Unsafe::objectFieldOffset has been called by org.openjdk.jmh.util.Utils (file:/home/forked_franz/IdeaProjects/c2-writestring-spill-jmh/arms/benchmarks-both.jar)
WARNING: Please consider reporting this to the maintainers of class org.openjdk.jmh.util.Utils
WARNING: sun.misc.Unsafe::objectFieldOffset will be removed in a future release
# Warmup Iteration   1: 2888.634 ns/op
# Warmup Iteration   2: 2789.970 ns/op
# Warmup Iteration   3: 2810.870 ns/op
# Warmup Iteration   4: 2798.808 ns/op
# Warmup Iteration   5: 2911.454 ns/op
Iteration   1: 3001.941 ns/op
Iteration   2: 2803.599 ns/op
Iteration   3: 2780.543 ns/op
Iteration   4: 2763.194 ns/op
Iteration   5: 2790.240 ns/op

# Run progress: 63.33% complete, ETA 00:01:54
# Fork: 5 of 15
WARNING: A terminally deprecated method in sun.misc.Unsafe has been called
WARNING: sun.misc.Unsafe::objectFieldOffset has been called by org.openjdk.jmh.util.Utils (file:/home/forked_franz/IdeaProjects/c2-writestring-spill-jmh/arms/benchmarks-both.jar)
WARNING: Please consider reporting this to the maintainers of class org.openjdk.jmh.util.Utils
WARNING: sun.misc.Unsafe::objectFieldOffset will be removed in a future release
# Warmup Iteration   1: 2871.679 ns/op
# Warmup Iteration   2: 2755.504 ns/op
# Warmup Iteration   3: 2765.486 ns/op
# Warmup Iteration   4: 2750.335 ns/op
# Warmup Iteration   5: 2916.641 ns/op
Iteration   1: 3039.407 ns/op
Iteration   2: 2811.109 ns/op
Iteration   3: 2774.847 ns/op
Iteration   4: 2765.951 ns/op
Iteration   5: 2750.139 ns/op

# Run progress: 66.67% complete, ETA 00:01:43
# Fork: 6 of 15
WARNING: A terminally deprecated method in sun.misc.Unsafe has been called
WARNING: sun.misc.Unsafe::objectFieldOffset has been called by org.openjdk.jmh.util.Utils (file:/home/forked_franz/IdeaProjects/c2-writestring-spill-jmh/arms/benchmarks-both.jar)
WARNING: Please consider reporting this to the maintainers of class org.openjdk.jmh.util.Utils
WARNING: sun.misc.Unsafe::objectFieldOffset will be removed in a future release
# Warmup Iteration   1: 2943.095 ns/op
# Warmup Iteration   2: 2833.434 ns/op
# Warmup Iteration   3: 2856.401 ns/op
# Warmup Iteration   4: 2855.078 ns/op
# Warmup Iteration   5: 2938.460 ns/op
Iteration   1: 3047.336 ns/op
Iteration   2: 2856.265 ns/op
Iteration   3: 2838.882 ns/op
Iteration   4: 2848.746 ns/op
Iteration   5: 2861.158 ns/op

# Run progress: 70.00% complete, ETA 00:01:33
# Fork: 7 of 15
WARNING: A terminally deprecated method in sun.misc.Unsafe has been called
WARNING: sun.misc.Unsafe::objectFieldOffset has been called by org.openjdk.jmh.util.Utils (file:/home/forked_franz/IdeaProjects/c2-writestring-spill-jmh/arms/benchmarks-both.jar)
WARNING: Please consider reporting this to the maintainers of class org.openjdk.jmh.util.Utils
WARNING: sun.misc.Unsafe::objectFieldOffset will be removed in a future release
# Warmup Iteration   1: 2850.412 ns/op
# Warmup Iteration   2: 2736.749 ns/op
# Warmup Iteration   3: 2757.563 ns/op
# Warmup Iteration   4: 2766.037 ns/op
# Warmup Iteration   5: 2864.931 ns/op
Iteration   1: 2924.963 ns/op
Iteration   2: 2745.170 ns/op
Iteration   3: 2738.258 ns/op
Iteration   4: 2750.911 ns/op
Iteration   5: 2727.192 ns/op

# Run progress: 73.33% complete, ETA 00:01:22
# Fork: 8 of 15
WARNING: A terminally deprecated method in sun.misc.Unsafe has been called
WARNING: sun.misc.Unsafe::objectFieldOffset has been called by org.openjdk.jmh.util.Utils (file:/home/forked_franz/IdeaProjects/c2-writestring-spill-jmh/arms/benchmarks-both.jar)
WARNING: Please consider reporting this to the maintainers of class org.openjdk.jmh.util.Utils
WARNING: sun.misc.Unsafe::objectFieldOffset will be removed in a future release
# Warmup Iteration   1: 2955.659 ns/op
# Warmup Iteration   2: 2778.320 ns/op
# Warmup Iteration   3: 2777.519 ns/op
# Warmup Iteration   4: 2758.951 ns/op
# Warmup Iteration   5: 2892.244 ns/op
Iteration   1: 2966.970 ns/op
Iteration   2: 2738.856 ns/op
Iteration   3: 2736.199 ns/op
Iteration   4: 2763.236 ns/op
Iteration   5: 2733.346 ns/op

# Run progress: 76.67% complete, ETA 00:01:12
# Fork: 9 of 15
WARNING: A terminally deprecated method in sun.misc.Unsafe has been called
WARNING: sun.misc.Unsafe::objectFieldOffset has been called by org.openjdk.jmh.util.Utils (file:/home/forked_franz/IdeaProjects/c2-writestring-spill-jmh/arms/benchmarks-both.jar)
WARNING: Please consider reporting this to the maintainers of class org.openjdk.jmh.util.Utils
WARNING: sun.misc.Unsafe::objectFieldOffset will be removed in a future release
# Warmup Iteration   1: 2885.829 ns/op
# Warmup Iteration   2: 2775.685 ns/op
# Warmup Iteration   3: 2808.034 ns/op
# Warmup Iteration   4: 2787.308 ns/op
# Warmup Iteration   5: 3107.755 ns/op
Iteration   1: 3197.720 ns/op
Iteration   2: 2751.977 ns/op
Iteration   3: 2745.011 ns/op
Iteration   4: 2768.975 ns/op
Iteration   5: 2775.549 ns/op

# Run progress: 80.00% complete, ETA 00:01:02
# Fork: 10 of 15
WARNING: A terminally deprecated method in sun.misc.Unsafe has been called
WARNING: sun.misc.Unsafe::objectFieldOffset has been called by org.openjdk.jmh.util.Utils (file:/home/forked_franz/IdeaProjects/c2-writestring-spill-jmh/arms/benchmarks-both.jar)
WARNING: Please consider reporting this to the maintainers of class org.openjdk.jmh.util.Utils
WARNING: sun.misc.Unsafe::objectFieldOffset will be removed in a future release
# Warmup Iteration   1: 2872.707 ns/op
# Warmup Iteration   2: 2764.765 ns/op
# Warmup Iteration   3: 2789.663 ns/op
# Warmup Iteration   4: 2787.622 ns/op
# Warmup Iteration   5: 2926.870 ns/op
Iteration   1: 3148.444 ns/op
Iteration   2: 2848.827 ns/op
Iteration   3: 2805.707 ns/op
Iteration   4: 2751.261 ns/op
Iteration   5: 2773.158 ns/op

# Run progress: 83.33% complete, ETA 00:00:51
# Fork: 11 of 15
WARNING: A terminally deprecated method in sun.misc.Unsafe has been called
WARNING: sun.misc.Unsafe::objectFieldOffset has been called by org.openjdk.jmh.util.Utils (file:/home/forked_franz/IdeaProjects/c2-writestring-spill-jmh/arms/benchmarks-both.jar)
WARNING: Please consider reporting this to the maintainers of class org.openjdk.jmh.util.Utils
WARNING: sun.misc.Unsafe::objectFieldOffset will be removed in a future release
# Warmup Iteration   1: 2863.943 ns/op
# Warmup Iteration   2: 2746.655 ns/op
# Warmup Iteration   3: 2761.711 ns/op
# Warmup Iteration   4: 2766.514 ns/op
# Warmup Iteration   5: 2942.479 ns/op
Iteration   1: 3004.907 ns/op
Iteration   2: 2747.308 ns/op
Iteration   3: 2740.892 ns/op
Iteration   4: 2752.428 ns/op
Iteration   5: 2733.635 ns/op

# Run progress: 86.67% complete, ETA 00:00:41
# Fork: 12 of 15
WARNING: A terminally deprecated method in sun.misc.Unsafe has been called
WARNING: sun.misc.Unsafe::objectFieldOffset has been called by org.openjdk.jmh.util.Utils (file:/home/forked_franz/IdeaProjects/c2-writestring-spill-jmh/arms/benchmarks-both.jar)
WARNING: Please consider reporting this to the maintainers of class org.openjdk.jmh.util.Utils
WARNING: sun.misc.Unsafe::objectFieldOffset will be removed in a future release
# Warmup Iteration   1: 2843.600 ns/op
# Warmup Iteration   2: 2735.971 ns/op
# Warmup Iteration   3: 2759.295 ns/op
# Warmup Iteration   4: 2735.331 ns/op
# Warmup Iteration   5: 3087.697 ns/op
Iteration   1: 3114.286 ns/op
Iteration   2: 2696.266 ns/op
Iteration   3: 2699.732 ns/op
Iteration   4: 2729.481 ns/op
Iteration   5: 2688.576 ns/op

# Run progress: 90.00% complete, ETA 00:00:31
# Fork: 13 of 15
WARNING: A terminally deprecated method in sun.misc.Unsafe has been called
WARNING: sun.misc.Unsafe::objectFieldOffset has been called by org.openjdk.jmh.util.Utils (file:/home/forked_franz/IdeaProjects/c2-writestring-spill-jmh/arms/benchmarks-both.jar)
WARNING: Please consider reporting this to the maintainers of class org.openjdk.jmh.util.Utils
WARNING: sun.misc.Unsafe::objectFieldOffset will be removed in a future release
# Warmup Iteration   1: 2970.523 ns/op
# Warmup Iteration   2: 2770.608 ns/op
# Warmup Iteration   3: 2760.132 ns/op
# Warmup Iteration   4: 2765.383 ns/op
# Warmup Iteration   5: 2857.160 ns/op
Iteration   1: 2918.244 ns/op
Iteration   2: 2725.354 ns/op
Iteration   3: 2752.133 ns/op
Iteration   4: 2794.580 ns/op
Iteration   5: 2737.072 ns/op

# Run progress: 93.33% complete, ETA 00:00:20
# Fork: 14 of 15
WARNING: A terminally deprecated method in sun.misc.Unsafe has been called
WARNING: sun.misc.Unsafe::objectFieldOffset has been called by org.openjdk.jmh.util.Utils (file:/home/forked_franz/IdeaProjects/c2-writestring-spill-jmh/arms/benchmarks-both.jar)
WARNING: Please consider reporting this to the maintainers of class org.openjdk.jmh.util.Utils
WARNING: sun.misc.Unsafe::objectFieldOffset will be removed in a future release
# Warmup Iteration   1: 2865.317 ns/op
# Warmup Iteration   2: 2749.195 ns/op
# Warmup Iteration   3: 2769.306 ns/op
# Warmup Iteration   4: 2777.585 ns/op
# Warmup Iteration   5: 3061.592 ns/op
Iteration   1: 3158.124 ns/op
Iteration   2: 2747.203 ns/op
Iteration   3: 2762.821 ns/op
Iteration   4: 2776.095 ns/op
Iteration   5: 2782.809 ns/op

# Run progress: 96.67% complete, ETA 00:00:10
# Fork: 15 of 15
WARNING: A terminally deprecated method in sun.misc.Unsafe has been called
WARNING: sun.misc.Unsafe::objectFieldOffset has been called by org.openjdk.jmh.util.Utils (file:/home/forked_franz/IdeaProjects/c2-writestring-spill-jmh/arms/benchmarks-both.jar)
WARNING: Please consider reporting this to the maintainers of class org.openjdk.jmh.util.Utils
WARNING: sun.misc.Unsafe::objectFieldOffset will be removed in a future release
# Warmup Iteration   1: 2915.752 ns/op
# Warmup Iteration   2: 2741.902 ns/op
# Warmup Iteration   3: 2766.170 ns/op
# Warmup Iteration   4: 2772.651 ns/op
# Warmup Iteration   5: 2892.127 ns/op
Iteration   1: 2935.328 ns/op
Iteration   2: 2763.517 ns/op
Iteration   3: 2760.036 ns/op
Iteration   4: 2780.275 ns/op
Iteration   5: 2744.563 ns/op


Result "bench.paths.ExtendedPersonBench.serialize":
  2814.717 ±(99.9%) 47.211 ns/op [Average]
  (min, avg, max) = (2665.795, 2814.717, 3197.720), stdev = 119.308
  CI (99.9%): [2767.506, 2861.928] (assumes normal distribution)


# Run complete. Total time: 00:05:10

REMEMBER: The numbers below are just data. To gain reusable insights, you need to follow up on
why the numbers are the way they are. Use profilers (see -prof, -lprof), design factorial
experiments, perform baseline and negative tests that provide experimental control, make sure
the benchmarking environment is safe on JVM/OS/HW level, ask for reviews from the domain experts.
Do not assume the numbers tell you what you want them to tell.

NOTE: Current JVM experimentally supports Compiler Blackholes, and they are in use. Please exercise
extra caution when trusting the results, look into the generated code to check the benchmark still
works, and factor in a small probability of new VM bugs. Additionally, while comparisons between
different JVMs are already problematic, the performance difference caused by different Blackhole
modes can be very significant. Please make sure you use the consistent Blackhole mode for comparisons.

Benchmark                       (gen)  (strLen)  Mode  Cnt     Score    Error  Units
ExtendedPersonBench.serialize    main         0  avgt   75  2907.815 ± 51.102  ns/op
ExtendedPersonBench.serialize  nested         0  avgt   75  2814.717 ± 47.211  ns/op
