WARNING: A terminally deprecated method in sun.misc.Unsafe has been called
WARNING: sun.misc.Unsafe::objectFieldOffset has been called by org.openjdk.jmh.util.Utils (file:/home/forked_franz/IdeaProjects/c2-writestring-spill-jmh/arms/benchmarks-both.jar)
WARNING: Please consider reporting this to the maintainers of class org.openjdk.jmh.util.Utils
WARNING: sun.misc.Unsafe::objectFieldOffset will be removed in a future release
# JMH version: 1.37
# VM version: JDK 25, Java HotSpot(TM) 64-Bit Server VM, 25+37-LTS-3491
# VM invoker: /home/forked_franz/.sdkman/candidates/java/25-oracle/bin/java
# VM options: -Xms1g -Xmx1g -XX:+UseParallelGC -XX:+AlwaysPreTouch
# Blackhole mode: compiler (auto-detected, use -Djmh.blackhole.autoDetect=false to disable)
# Warmup: 5 iterations, 1 s each
# Measurement: 5 iterations, 1 s each
# Timeout: 10 min per iteration
# Threads: 1 thread, will synchronize iterations
# Benchmark mode: Average time, time/op
# Benchmark: bench.paths.ExtendedPersonBench.serialize
# Parameters: (gen = main, strLen = 0)

# Run progress: 0.00% complete, ETA 00:03:00
# Fork: 1 of 6
WARNING: A terminally deprecated method in sun.misc.Unsafe has been called
WARNING: sun.misc.Unsafe::objectFieldOffset has been called by org.openjdk.jmh.util.Utils (file:/home/forked_franz/IdeaProjects/c2-writestring-spill-jmh/arms/benchmarks-both.jar)
WARNING: Please consider reporting this to the maintainers of class org.openjdk.jmh.util.Utils
WARNING: sun.misc.Unsafe::objectFieldOffset will be removed in a future release
# Warmup Iteration   1: 2972.527 ns/op
# Warmup Iteration   2: 2829.202 ns/op
# Warmup Iteration   3: 2836.714 ns/op
# Warmup Iteration   4: 2840.064 ns/op
# Warmup Iteration   5: 3090.596 ns/op
Iteration   1: 3221.165 ns/op
Iteration   2: 2897.065 ns/op
Iteration   3: 2846.773 ns/op
Iteration   4: 2834.356 ns/op
Iteration   5: 2977.119 ns/op

# Run progress: 5.56% complete, ETA 00:02:56
# Fork: 2 of 6
WARNING: A terminally deprecated method in sun.misc.Unsafe has been called
WARNING: sun.misc.Unsafe::objectFieldOffset has been called by org.openjdk.jmh.util.Utils (file:/home/forked_franz/IdeaProjects/c2-writestring-spill-jmh/arms/benchmarks-both.jar)
WARNING: Please consider reporting this to the maintainers of class org.openjdk.jmh.util.Utils
WARNING: sun.misc.Unsafe::objectFieldOffset will be removed in a future release
# Warmup Iteration   1: 2935.457 ns/op
# Warmup Iteration   2: 2818.888 ns/op
# Warmup Iteration   3: 2842.299 ns/op
# Warmup Iteration   4: 2842.455 ns/op
# Warmup Iteration   5: 3116.176 ns/op
Iteration   1: 3204.805 ns/op
Iteration   2: 2854.541 ns/op
Iteration   3: 2805.130 ns/op
Iteration   4: 2831.797 ns/op
Iteration   5: 2832.303 ns/op

# Run progress: 11.11% complete, ETA 00:02:46
# Fork: 3 of 6
WARNING: A terminally deprecated method in sun.misc.Unsafe has been called
WARNING: sun.misc.Unsafe::objectFieldOffset has been called by org.openjdk.jmh.util.Utils (file:/home/forked_franz/IdeaProjects/c2-writestring-spill-jmh/arms/benchmarks-both.jar)
WARNING: Please consider reporting this to the maintainers of class org.openjdk.jmh.util.Utils
WARNING: sun.misc.Unsafe::objectFieldOffset will be removed in a future release
# Warmup Iteration   1: 2924.799 ns/op
# Warmup Iteration   2: 2816.062 ns/op
# Warmup Iteration   3: 2830.670 ns/op
# Warmup Iteration   4: 2828.738 ns/op
# Warmup Iteration   5: 3127.795 ns/op
Iteration   1: 3243.698 ns/op
Iteration   2: 2880.589 ns/op
Iteration   3: 2807.627 ns/op
Iteration   4: 2803.748 ns/op
Iteration   5: 2891.692 ns/op

# Run progress: 16.67% complete, ETA 00:02:35
# Fork: 4 of 6
WARNING: A terminally deprecated method in sun.misc.Unsafe has been called
WARNING: sun.misc.Unsafe::objectFieldOffset has been called by org.openjdk.jmh.util.Utils (file:/home/forked_franz/IdeaProjects/c2-writestring-spill-jmh/arms/benchmarks-both.jar)
WARNING: Please consider reporting this to the maintainers of class org.openjdk.jmh.util.Utils
WARNING: sun.misc.Unsafe::objectFieldOffset will be removed in a future release
# Warmup Iteration   1: 2961.363 ns/op
# Warmup Iteration   2: 2843.309 ns/op
# Warmup Iteration   3: 2859.421 ns/op
# Warmup Iteration   4: 2844.340 ns/op
# Warmup Iteration   5: 2983.231 ns/op
Iteration   1: 3074.154 ns/op
Iteration   2: 2887.502 ns/op
Iteration   3: 2842.333 ns/op
Iteration   4: 2850.537 ns/op
Iteration   5: 2857.782 ns/op

# Run progress: 22.22% complete, ETA 00:02:25
# Fork: 5 of 6
WARNING: A terminally deprecated method in sun.misc.Unsafe has been called
WARNING: sun.misc.Unsafe::objectFieldOffset has been called by org.openjdk.jmh.util.Utils (file:/home/forked_franz/IdeaProjects/c2-writestring-spill-jmh/arms/benchmarks-both.jar)
WARNING: Please consider reporting this to the maintainers of class org.openjdk.jmh.util.Utils
WARNING: sun.misc.Unsafe::objectFieldOffset will be removed in a future release
# Warmup Iteration   1: 2956.998 ns/op
# Warmup Iteration   2: 2821.416 ns/op
# Warmup Iteration   3: 2828.079 ns/op
# Warmup Iteration   4: 2822.858 ns/op
# Warmup Iteration   5: 3106.408 ns/op
Iteration   1: 3251.012 ns/op
Iteration   2: 2866.236 ns/op
Iteration   3: 2801.829 ns/op
Iteration   4: 2831.795 ns/op
Iteration   5: 2986.709 ns/op

# Run progress: 27.78% complete, ETA 00:02:14
# Fork: 6 of 6
WARNING: A terminally deprecated method in sun.misc.Unsafe has been called
WARNING: sun.misc.Unsafe::objectFieldOffset has been called by org.openjdk.jmh.util.Utils (file:/home/forked_franz/IdeaProjects/c2-writestring-spill-jmh/arms/benchmarks-both.jar)
WARNING: Please consider reporting this to the maintainers of class org.openjdk.jmh.util.Utils
WARNING: sun.misc.Unsafe::objectFieldOffset will be removed in a future release
# Warmup Iteration   1: 2949.929 ns/op
# Warmup Iteration   2: 2821.840 ns/op
# Warmup Iteration   3: 2838.639 ns/op
# Warmup Iteration   4: 2849.325 ns/op
# Warmup Iteration   5: 2981.310 ns/op
Iteration   1: 3041.088 ns/op
Iteration   2: 2828.466 ns/op
Iteration   3: 2818.787 ns/op
Iteration   4: 2817.940 ns/op
Iteration   5: 2840.279 ns/op


Result "bench.paths.ExtendedPersonBench.serialize":
  2917.628 ±(99.9%) 94.698 ns/op [Average]
  (min, avg, max) = (2801.829, 2917.628, 3251.012), stdev = 141.740
  CI (99.9%): [2822.930, 3012.327] (assumes normal distribution)


# JMH version: 1.37
# VM version: JDK 25, Java HotSpot(TM) 64-Bit Server VM, 25+37-LTS-3491
# VM invoker: /home/forked_franz/.sdkman/candidates/java/25-oracle/bin/java
# VM options: -Xms1g -Xmx1g -XX:+UseParallelGC -XX:+AlwaysPreTouch
# Blackhole mode: compiler (auto-detected, use -Djmh.blackhole.autoDetect=false to disable)
# Warmup: 5 iterations, 1 s each
# Measurement: 5 iterations, 1 s each
# Timeout: 10 min per iteration
# Threads: 1 thread, will synchronize iterations
# Benchmark mode: Average time, time/op
# Benchmark: bench.paths.ExtendedPersonBench.serialize
# Parameters: (gen = nested, strLen = 0)

# Run progress: 33.33% complete, ETA 00:02:04
# Fork: 1 of 6
WARNING: A terminally deprecated method in sun.misc.Unsafe has been called
WARNING: sun.misc.Unsafe::objectFieldOffset has been called by org.openjdk.jmh.util.Utils (file:/home/forked_franz/IdeaProjects/c2-writestring-spill-jmh/arms/benchmarks-both.jar)
WARNING: Please consider reporting this to the maintainers of class org.openjdk.jmh.util.Utils
WARNING: sun.misc.Unsafe::objectFieldOffset will be removed in a future release
# Warmup Iteration   1: 2879.960 ns/op
# Warmup Iteration   2: 2835.899 ns/op
# Warmup Iteration   3: 2796.130 ns/op
# Warmup Iteration   4: 2762.404 ns/op
# Warmup Iteration   5: 2896.386 ns/op
Iteration   1: 2970.062 ns/op
Iteration   2: 2739.280 ns/op
Iteration   3: 2744.299 ns/op
Iteration   4: 2765.992 ns/op
Iteration   5: 2740.788 ns/op

# Run progress: 38.89% complete, ETA 00:01:54
# Fork: 2 of 6
WARNING: A terminally deprecated method in sun.misc.Unsafe has been called
WARNING: sun.misc.Unsafe::objectFieldOffset has been called by org.openjdk.jmh.util.Utils (file:/home/forked_franz/IdeaProjects/c2-writestring-spill-jmh/arms/benchmarks-both.jar)
WARNING: Please consider reporting this to the maintainers of class org.openjdk.jmh.util.Utils
WARNING: sun.misc.Unsafe::objectFieldOffset will be removed in a future release
# Warmup Iteration   1: 2807.954 ns/op
# Warmup Iteration   2: 2674.583 ns/op
# Warmup Iteration   3: 2696.384 ns/op
# Warmup Iteration   4: 2701.640 ns/op
# Warmup Iteration   5: 2963.274 ns/op
Iteration   1: 2998.372 ns/op
Iteration   2: 2668.655 ns/op
Iteration   3: 2679.210 ns/op
Iteration   4: 2702.489 ns/op
Iteration   5: 2694.666 ns/op

# Run progress: 44.44% complete, ETA 00:01:43
# Fork: 3 of 6
WARNING: A terminally deprecated method in sun.misc.Unsafe has been called
WARNING: sun.misc.Unsafe::objectFieldOffset has been called by org.openjdk.jmh.util.Utils (file:/home/forked_franz/IdeaProjects/c2-writestring-spill-jmh/arms/benchmarks-both.jar)
WARNING: Please consider reporting this to the maintainers of class org.openjdk.jmh.util.Utils
WARNING: sun.misc.Unsafe::objectFieldOffset will be removed in a future release
# Warmup Iteration   1: 2801.019 ns/op
# Warmup Iteration   2: 2683.259 ns/op
# Warmup Iteration   3: 2748.198 ns/op
# Warmup Iteration   4: 2870.414 ns/op
# Warmup Iteration   5: 3069.689 ns/op
Iteration   1: 3102.343 ns/op
Iteration   2: 2680.815 ns/op
Iteration   3: 2679.795 ns/op
Iteration   4: 2705.935 ns/op
Iteration   5: 2669.150 ns/op

# Run progress: 50.00% complete, ETA 00:01:33
# Fork: 4 of 6
WARNING: A terminally deprecated method in sun.misc.Unsafe has been called
WARNING: sun.misc.Unsafe::objectFieldOffset has been called by org.openjdk.jmh.util.Utils (file:/home/forked_franz/IdeaProjects/c2-writestring-spill-jmh/arms/benchmarks-both.jar)
WARNING: Please consider reporting this to the maintainers of class org.openjdk.jmh.util.Utils
WARNING: sun.misc.Unsafe::objectFieldOffset will be removed in a future release
# Warmup Iteration   1: 3400.559 ns/op
# Warmup Iteration   2: 2981.170 ns/op
# Warmup Iteration   3: 2868.284 ns/op
# Warmup Iteration   4: 3217.452 ns/op
# Warmup Iteration   5: 2970.436 ns/op
Iteration   1: 2732.851 ns/op
Iteration   2: 2744.103 ns/op
Iteration   3: 2831.240 ns/op
Iteration   4: 2874.608 ns/op
Iteration   5: 2773.213 ns/op

# Run progress: 55.56% complete, ETA 00:01:22
# Fork: 5 of 6
WARNING: A terminally deprecated method in sun.misc.Unsafe has been called
WARNING: sun.misc.Unsafe::objectFieldOffset has been called by org.openjdk.jmh.util.Utils (file:/home/forked_franz/IdeaProjects/c2-writestring-spill-jmh/arms/benchmarks-both.jar)
WARNING: Please consider reporting this to the maintainers of class org.openjdk.jmh.util.Utils
WARNING: sun.misc.Unsafe::objectFieldOffset will be removed in a future release
# Warmup Iteration   1: 2776.887 ns/op
# Warmup Iteration   2: 2632.647 ns/op
# Warmup Iteration   3: 2646.954 ns/op
# Warmup Iteration   4: 2651.221 ns/op
# Warmup Iteration   5: 2810.932 ns/op
Iteration   1: 2833.545 ns/op
Iteration   2: 2665.345 ns/op
Iteration   3: 2627.824 ns/op
Iteration   4: 2646.823 ns/op
Iteration   5: 2632.269 ns/op

# Run progress: 61.11% complete, ETA 00:01:12
# Fork: 6 of 6
WARNING: A terminally deprecated method in sun.misc.Unsafe has been called
WARNING: sun.misc.Unsafe::objectFieldOffset has been called by org.openjdk.jmh.util.Utils (file:/home/forked_franz/IdeaProjects/c2-writestring-spill-jmh/arms/benchmarks-both.jar)
WARNING: Please consider reporting this to the maintainers of class org.openjdk.jmh.util.Utils
WARNING: sun.misc.Unsafe::objectFieldOffset will be removed in a future release
# Warmup Iteration   1: 2809.922 ns/op
# Warmup Iteration   2: 2672.483 ns/op
# Warmup Iteration   3: 2684.983 ns/op
# Warmup Iteration   4: 2677.632 ns/op
# Warmup Iteration   5: 2844.643 ns/op
Iteration   1: 2900.613 ns/op
Iteration   2: 2682.610 ns/op
Iteration   3: 2683.780 ns/op
Iteration   4: 2701.673 ns/op
Iteration   5: 2662.431 ns/op


Result "bench.paths.ExtendedPersonBench.serialize":
  2751.159 ±(99.9%) 77.284 ns/op [Average]
  (min, avg, max) = (2627.824, 2751.159, 3102.343), stdev = 115.675
  CI (99.9%): [2673.875, 2828.443] (assumes normal distribution)


# JMH version: 1.37
# VM version: JDK 25, Java HotSpot(TM) 64-Bit Server VM, 25+37-LTS-3491
# VM invoker: /home/forked_franz/.sdkman/candidates/java/25-oracle/bin/java
# VM options: -Xms1g -Xmx1g -XX:+UseParallelGC -XX:+AlwaysPreTouch
# Blackhole mode: compiler (auto-detected, use -Djmh.blackhole.autoDetect=false to disable)
# Warmup: 5 iterations, 1 s each
# Measurement: 5 iterations, 1 s each
# Timeout: 10 min per iteration
# Threads: 1 thread, will synchronize iterations
# Benchmark mode: Average time, time/op
# Benchmark: bench.paths.ExtendedPersonBench.serialize
# Parameters: (gen = resolved, strLen = 0)

# Run progress: 66.67% complete, ETA 00:01:02
# Fork: 1 of 6
WARNING: A terminally deprecated method in sun.misc.Unsafe has been called
WARNING: sun.misc.Unsafe::objectFieldOffset has been called by org.openjdk.jmh.util.Utils (file:/home/forked_franz/IdeaProjects/c2-writestring-spill-jmh/arms/benchmarks-both.jar)
WARNING: Please consider reporting this to the maintainers of class org.openjdk.jmh.util.Utils
WARNING: sun.misc.Unsafe::objectFieldOffset will be removed in a future release
# Warmup Iteration   1: 2862.816 ns/op
# Warmup Iteration   2: 2769.148 ns/op
# Warmup Iteration   3: 2768.286 ns/op
# Warmup Iteration   4: 2763.051 ns/op
# Warmup Iteration   5: 2934.869 ns/op
Iteration   1: 3013.699 ns/op
Iteration   2: 2746.948 ns/op
Iteration   3: 2752.119 ns/op
Iteration   4: 2779.197 ns/op
Iteration   5: 2749.661 ns/op

# Run progress: 72.22% complete, ETA 00:00:51
# Fork: 2 of 6
WARNING: A terminally deprecated method in sun.misc.Unsafe has been called
WARNING: sun.misc.Unsafe::objectFieldOffset has been called by org.openjdk.jmh.util.Utils (file:/home/forked_franz/IdeaProjects/c2-writestring-spill-jmh/arms/benchmarks-both.jar)
WARNING: Please consider reporting this to the maintainers of class org.openjdk.jmh.util.Utils
WARNING: sun.misc.Unsafe::objectFieldOffset will be removed in a future release
# Warmup Iteration   1: 2792.519 ns/op
# Warmup Iteration   2: 2734.530 ns/op
# Warmup Iteration   3: 2740.185 ns/op
# Warmup Iteration   4: 2694.980 ns/op
# Warmup Iteration   5: 2838.918 ns/op
Iteration   1: 2894.895 ns/op
Iteration   2: 2674.122 ns/op
Iteration   3: 2682.360 ns/op
Iteration   4: 2718.981 ns/op
Iteration   5: 2714.949 ns/op

# Run progress: 77.78% complete, ETA 00:00:41
# Fork: 3 of 6
WARNING: A terminally deprecated method in sun.misc.Unsafe has been called
WARNING: sun.misc.Unsafe::objectFieldOffset has been called by org.openjdk.jmh.util.Utils (file:/home/forked_franz/IdeaProjects/c2-writestring-spill-jmh/arms/benchmarks-both.jar)
WARNING: Please consider reporting this to the maintainers of class org.openjdk.jmh.util.Utils
WARNING: sun.misc.Unsafe::objectFieldOffset will be removed in a future release
# Warmup Iteration   1: 2874.042 ns/op
# Warmup Iteration   2: 2769.629 ns/op
# Warmup Iteration   3: 2787.185 ns/op
# Warmup Iteration   4: 2785.607 ns/op
# Warmup Iteration   5: 2969.701 ns/op
Iteration   1: 3019.041 ns/op
Iteration   2: 2765.220 ns/op
Iteration   3: 2761.216 ns/op
Iteration   4: 2777.356 ns/op
Iteration   5: 2763.778 ns/op

# Run progress: 83.33% complete, ETA 00:00:31
# Fork: 4 of 6
WARNING: A terminally deprecated method in sun.misc.Unsafe has been called
WARNING: sun.misc.Unsafe::objectFieldOffset has been called by org.openjdk.jmh.util.Utils (file:/home/forked_franz/IdeaProjects/c2-writestring-spill-jmh/arms/benchmarks-both.jar)
WARNING: Please consider reporting this to the maintainers of class org.openjdk.jmh.util.Utils
WARNING: sun.misc.Unsafe::objectFieldOffset will be removed in a future release
# Warmup Iteration   1: 2849.340 ns/op
# Warmup Iteration   2: 2765.204 ns/op
# Warmup Iteration   3: 2770.928 ns/op
# Warmup Iteration   4: 2758.698 ns/op
# Warmup Iteration   5: 2942.427 ns/op
Iteration   1: 2976.761 ns/op
Iteration   2: 2760.675 ns/op
Iteration   3: 2909.648 ns/op
Iteration   4: 2896.276 ns/op
Iteration   5: 2921.467 ns/op

# Run progress: 88.89% complete, ETA 00:00:20
# Fork: 5 of 6
WARNING: A terminally deprecated method in sun.misc.Unsafe has been called
WARNING: sun.misc.Unsafe::objectFieldOffset has been called by org.openjdk.jmh.util.Utils (file:/home/forked_franz/IdeaProjects/c2-writestring-spill-jmh/arms/benchmarks-both.jar)
WARNING: Please consider reporting this to the maintainers of class org.openjdk.jmh.util.Utils
WARNING: sun.misc.Unsafe::objectFieldOffset will be removed in a future release
# Warmup Iteration   1: 2888.220 ns/op
# Warmup Iteration   2: 2775.541 ns/op
# Warmup Iteration   3: 2796.399 ns/op
# Warmup Iteration   4: 2798.151 ns/op
# Warmup Iteration   5: 3065.015 ns/op
Iteration   1: 3078.024 ns/op
Iteration   2: 2785.220 ns/op
Iteration   3: 2792.204 ns/op
Iteration   4: 2784.959 ns/op
Iteration   5: 2799.700 ns/op

# Run progress: 94.44% complete, ETA 00:00:10
# Fork: 6 of 6
WARNING: A terminally deprecated method in sun.misc.Unsafe has been called
WARNING: sun.misc.Unsafe::objectFieldOffset has been called by org.openjdk.jmh.util.Utils (file:/home/forked_franz/IdeaProjects/c2-writestring-spill-jmh/arms/benchmarks-both.jar)
WARNING: Please consider reporting this to the maintainers of class org.openjdk.jmh.util.Utils
WARNING: sun.misc.Unsafe::objectFieldOffset will be removed in a future release
# Warmup Iteration   1: 2887.310 ns/op
# Warmup Iteration   2: 2810.332 ns/op
# Warmup Iteration   3: 2921.898 ns/op
# Warmup Iteration   4: 3203.091 ns/op
# Warmup Iteration   5: 2933.933 ns/op
Iteration   1: 2764.572 ns/op
Iteration   2: 2828.737 ns/op
Iteration   3: 2894.402 ns/op
Iteration   4: 2908.919 ns/op
Iteration   5: 2818.230 ns/op


Result "bench.paths.ExtendedPersonBench.serialize":
  2824.445 ±(99.9%) 69.149 ns/op [Average]
  (min, avg, max) = (2674.122, 2824.445, 3078.024), stdev = 103.499
  CI (99.9%): [2755.296, 2893.593] (assumes normal distribution)


# Run complete. Total time: 00:03:06

REMEMBER: The numbers below are just data. To gain reusable insights, you need to follow up on
why the numbers are the way they are. Use profilers (see -prof, -lprof), design factorial
experiments, perform baseline and negative tests that provide experimental control, make sure
the benchmarking environment is safe on JVM/OS/HW level, ask for reviews from the domain experts.
Do not assume the numbers tell you what you want them to tell.

NOTE: Current JVM experimentally supports Compiler Blackholes, and they are in use. Please exercise
extra caution when trusting the results, look into the generated code to check the benchmark still
works, and factor in a small probability of new VM bugs. Additionally, while comparisons between
different JVMs are already problematic, the performance difference caused by different Blackhole
modes can be very significant. Please make sure you use the consistent Blackhole mode for comparisons.

Benchmark                         (gen)  (strLen)  Mode  Cnt     Score    Error  Units
ExtendedPersonBench.serialize      main         0  avgt   30  2917.628 ± 94.698  ns/op
ExtendedPersonBench.serialize    nested         0  avgt   30  2751.159 ± 77.284  ns/op
ExtendedPersonBench.serialize  resolved         0  avgt   30  2824.445 ± 69.149  ns/op
