WARNING: A terminally deprecated method in sun.misc.Unsafe has been called
WARNING: sun.misc.Unsafe::objectFieldOffset has been called by org.openjdk.jmh.util.Utils (file:/home/forked_franz/IdeaProjects/c2-writestring-spill-jmh/arms/benchmarks-both.jar)
WARNING: Please consider reporting this to the maintainers of class org.openjdk.jmh.util.Utils
WARNING: sun.misc.Unsafe::objectFieldOffset will be removed in a future release
# JMH version: 1.37
# VM version: JDK 25, Java HotSpot(TM) 64-Bit Server VM, 25+37-LTS-3491
# VM invoker: /home/forked_franz/.sdkman/candidates/java/25-oracle/bin/java
# VM options: -Xms1g -Xmx1g -XX:+UseParallelGC -XX:+AlwaysPreTouch
# Blackhole mode: compiler (auto-detected, use -Djmh.blackhole.autoDetect=false to disable)
# Warmup: 5 iterations, 1 s each
# Measurement: 5 iterations, 1 s each
# Timeout: 10 min per iteration
# Threads: 1 thread, will synchronize iterations
# Benchmark mode: Average time, time/op
# Benchmark: bench.paths.AccessorBench.serialize
# Parameters: (strLen = 64, writers = beanser)

# Run progress: 0.00% complete, ETA 00:01:00
# Fork: 1 of 3
WARNING: A terminally deprecated method in sun.misc.Unsafe has been called
WARNING: sun.misc.Unsafe::objectFieldOffset has been called by org.openjdk.jmh.util.Utils (file:/home/forked_franz/IdeaProjects/c2-writestring-spill-jmh/arms/benchmarks-both.jar)
WARNING: Please consider reporting this to the maintainers of class org.openjdk.jmh.util.Utils
WARNING: sun.misc.Unsafe::objectFieldOffset will be removed in a future release
# Warmup Iteration   1: 9390.594 ns/op
# Warmup Iteration   2: 8915.378 ns/op
# Warmup Iteration   3: 8973.984 ns/op
# Warmup Iteration   4: 8973.782 ns/op
# Warmup Iteration   5: 9177.563 ns/op
Iteration   1: 9161.788 ns/op
Iteration   2: 9124.316 ns/op
Iteration   3: 9214.951 ns/op
Iteration   4: 9156.979 ns/op
Iteration   5: 8934.681 ns/op

# Run progress: 16.67% complete, ETA 00:00:51
# Fork: 2 of 3
WARNING: A terminally deprecated method in sun.misc.Unsafe has been called
WARNING: sun.misc.Unsafe::objectFieldOffset has been called by org.openjdk.jmh.util.Utils (file:/home/forked_franz/IdeaProjects/c2-writestring-spill-jmh/arms/benchmarks-both.jar)
WARNING: Please consider reporting this to the maintainers of class org.openjdk.jmh.util.Utils
WARNING: sun.misc.Unsafe::objectFieldOffset will be removed in a future release
# Warmup Iteration   1: 9155.869 ns/op
# Warmup Iteration   2: 8966.982 ns/op
# Warmup Iteration   3: 8474.308 ns/op
# Warmup Iteration   4: 8485.607 ns/op
# Warmup Iteration   5: 8509.396 ns/op
Iteration   1: 8546.261 ns/op
Iteration   2: 8615.922 ns/op
Iteration   3: 8517.117 ns/op
Iteration   4: 8440.639 ns/op
Iteration   5: 8368.533 ns/op

# Run progress: 33.33% complete, ETA 00:00:41
# Fork: 3 of 3
WARNING: A terminally deprecated method in sun.misc.Unsafe has been called
WARNING: sun.misc.Unsafe::objectFieldOffset has been called by org.openjdk.jmh.util.Utils (file:/home/forked_franz/IdeaProjects/c2-writestring-spill-jmh/arms/benchmarks-both.jar)
WARNING: Please consider reporting this to the maintainers of class org.openjdk.jmh.util.Utils
WARNING: sun.misc.Unsafe::objectFieldOffset will be removed in a future release
# Warmup Iteration   1: 8909.808 ns/op
# Warmup Iteration   2: 8307.713 ns/op
# Warmup Iteration   3: 8383.537 ns/op
# Warmup Iteration   4: 8501.680 ns/op
# Warmup Iteration   5: 8781.423 ns/op
Iteration   1: 8629.576 ns/op
Iteration   2: 8705.797 ns/op
Iteration   3: 8610.339 ns/op
Iteration   4: 8539.735 ns/op
Iteration   5: 8312.004 ns/op


Result "bench.paths.AccessorBench.serialize":
  8725.242 ±(99.9%) 331.158 ns/op [Average]
  (min, avg, max) = (8312.004, 8725.242, 9214.951), stdev = 309.765
  CI (99.9%): [8394.085, 9056.400] (assumes normal distribution)


# JMH version: 1.37
# VM version: JDK 25, Java HotSpot(TM) 64-Bit Server VM, 25+37-LTS-3491
# VM invoker: /home/forked_franz/.sdkman/candidates/java/25-oracle/bin/java
# VM options: -Xms1g -Xmx1g -XX:+UseParallelGC -XX:+AlwaysPreTouch
# Blackhole mode: compiler (auto-detected, use -Djmh.blackhole.autoDetect=false to disable)
# Warmup: 5 iterations, 1 s each
# Measurement: 5 iterations, 1 s each
# Timeout: 10 min per iteration
# Threads: 1 thread, will synchronize iterations
# Benchmark mode: Average time, time/op
# Benchmark: bench.paths.ExtendedPersonBench.serialize
# Parameters: (strLen = 64)

# Run progress: 50.00% complete, ETA 00:00:31
# Fork: 1 of 3
WARNING: A terminally deprecated method in sun.misc.Unsafe has been called
WARNING: sun.misc.Unsafe::objectFieldOffset has been called by org.openjdk.jmh.util.Utils (file:/home/forked_franz/IdeaProjects/c2-writestring-spill-jmh/arms/benchmarks-both.jar)
WARNING: Please consider reporting this to the maintainers of class org.openjdk.jmh.util.Utils
WARNING: sun.misc.Unsafe::objectFieldOffset will be removed in a future release
# Warmup Iteration   1: 8982.638 ns/op
# Warmup Iteration   2: 8678.712 ns/op
# Warmup Iteration   3: 8675.551 ns/op
# Warmup Iteration   4: 8512.738 ns/op
# Warmup Iteration   5: 8682.784 ns/op
Iteration   1: 8660.663 ns/op
Iteration   2: 8540.454 ns/op
Iteration   3: 8657.602 ns/op
Iteration   4: 8426.996 ns/op
Iteration   5: 8244.991 ns/op

# Run progress: 66.67% complete, ETA 00:00:20
# Fork: 2 of 3
WARNING: A terminally deprecated method in sun.misc.Unsafe has been called
WARNING: sun.misc.Unsafe::objectFieldOffset has been called by org.openjdk.jmh.util.Utils (file:/home/forked_franz/IdeaProjects/c2-writestring-spill-jmh/arms/benchmarks-both.jar)
WARNING: Please consider reporting this to the maintainers of class org.openjdk.jmh.util.Utils
WARNING: sun.misc.Unsafe::objectFieldOffset will be removed in a future release
# Warmup Iteration   1: 7904.355 ns/op
# Warmup Iteration   2: 7579.519 ns/op
# Warmup Iteration   3: 7631.860 ns/op
# Warmup Iteration   4: 7900.190 ns/op
# Warmup Iteration   5: 8006.784 ns/op
Iteration   1: 8024.521 ns/op
Iteration   2: 7910.439 ns/op
Iteration   3: 7867.697 ns/op
Iteration   4: 7590.923 ns/op
Iteration   5: 7582.648 ns/op

# Run progress: 83.33% complete, ETA 00:00:10
# Fork: 3 of 3
WARNING: A terminally deprecated method in sun.misc.Unsafe has been called
WARNING: sun.misc.Unsafe::objectFieldOffset has been called by org.openjdk.jmh.util.Utils (file:/home/forked_franz/IdeaProjects/c2-writestring-spill-jmh/arms/benchmarks-both.jar)
WARNING: Please consider reporting this to the maintainers of class org.openjdk.jmh.util.Utils
WARNING: sun.misc.Unsafe::objectFieldOffset will be removed in a future release
# Warmup Iteration   1: 8539.178 ns/op
# Warmup Iteration   2: 8181.751 ns/op
# Warmup Iteration   3: 8264.466 ns/op
# Warmup Iteration   4: 8379.074 ns/op
# Warmup Iteration   5: 8579.583 ns/op
Iteration   1: 8596.815 ns/op
Iteration   2: 8507.426 ns/op
Iteration   3: 8519.862 ns/op
Iteration   4: 8289.475 ns/op
Iteration   5: 8159.806 ns/op


Result "bench.paths.ExtendedPersonBench.serialize":
  8238.688 ±(99.9%) 394.839 ns/op [Average]
  (min, avg, max) = (7582.648, 8238.688, 8660.663), stdev = 369.332
  CI (99.9%): [7843.849, 8633.526] (assumes normal distribution)


# Run complete. Total time: 00:01:02

REMEMBER: The numbers below are just data. To gain reusable insights, you need to follow up on
why the numbers are the way they are. Use profilers (see -prof, -lprof), design factorial
experiments, perform baseline and negative tests that provide experimental control, make sure
the benchmarking environment is safe on JVM/OS/HW level, ask for reviews from the domain experts.
Do not assume the numbers tell you what you want them to tell.

NOTE: Current JVM experimentally supports Compiler Blackholes, and they are in use. Please exercise
extra caution when trusting the results, look into the generated code to check the benchmark still
works, and factor in a small probability of new VM bugs. Additionally, while comparisons between
different JVMs are already problematic, the performance difference caused by different Blackhole
modes can be very significant. Please make sure you use the consistent Blackhole mode for comparisons.

Benchmark                      (strLen)  (writers)  Mode  Cnt     Score     Error  Units
AccessorBench.serialize              64    beanser  avgt   15  8725.242 ± 331.158  ns/op
ExtendedPersonBench.serialize        64        N/A  avgt   15  8238.688 ± 394.839  ns/op
