WARNING: A terminally deprecated method in sun.misc.Unsafe has been called
WARNING: sun.misc.Unsafe::objectFieldOffset has been called by org.openjdk.jmh.util.Utils (file:/home/forked_franz/IdeaProjects/c2-writestring-spill-jmh/arms/benchmarks-6183.jar)
WARNING: Please consider reporting this to the maintainers of class org.openjdk.jmh.util.Utils
WARNING: sun.misc.Unsafe::objectFieldOffset will be removed in a future release
# JMH version: 1.37
# VM version: JDK 25, Java HotSpot(TM) 64-Bit Server VM, 25+37-LTS-3491
# VM invoker: /home/forked_franz/.sdkman/candidates/java/25-oracle/bin/java
# VM options: -Xms2g -Xmx2g -XX:+AlwaysPreTouch -XX:LoopUnrollLimit=0
# Blackhole mode: compiler (auto-detected, use -Djmh.blackhole.autoDetect=false to disable)
# Warmup: 5 iterations, 2 s each
# Measurement: 5 iterations, 2 s each
# Timeout: 10 min per iteration
# Threads: 1 thread, will synchronize iterations
# Benchmark mode: Average time, time/op
# Benchmark: bench.paths.ExtendedPersonBench.serialize
# Parameters: (strLen = 64)

# Run progress: 0.00% complete, ETA 00:00:20
# Fork: 1 of 1
# Preparing profilers: LinuxPerfNormProfiler 
# Profilers consume stderr from target VM, use -v EXTRA to copy to console
# Warmup Iteration   1: 7979.016 ns/op
# Warmup Iteration   2: 7821.139 ns/op
# Warmup Iteration   3: 7811.451 ns/op
# Warmup Iteration   4: 7816.297 ns/op
# Warmup Iteration   5: 7812.405 ns/op
Iteration   1: 7808.241 ns/op
Iteration   2: 7808.110 ns/op
Iteration   3: 7807.360 ns/op
Iteration   4: 7824.522 ns/op
Iteration   5: 7792.799 ns/op
# Processing profiler results: LinuxPerfNormProfiler 


Result "bench.paths.ExtendedPersonBench.serialize":
  7808.206 ±(99.9%) 43.236 ns/op [Average]
  (min, avg, max) = (7792.799, 7808.206, 7824.522), stdev = 11.228
  CI (99.9%): [7764.970, 7851.442] (assumes normal distribution)

Secondary result "bench.paths.ExtendedPersonBench.serialize:CPI":
  0.183 clks/insn

Secondary result "bench.paths.ExtendedPersonBench.serialize:IPC":
  5.469 insns/clk

Secondary result "bench.paths.ExtendedPersonBench.serialize:L1-dcache-load-misses":
  66.097 #/op

Secondary result "bench.paths.ExtendedPersonBench.serialize:L1-dcache-loads":
  40444.486 #/op

Secondary result "bench.paths.ExtendedPersonBench.serialize:L1-icache-load-misses":
  0.665 #/op

Secondary result "bench.paths.ExtendedPersonBench.serialize:L1-icache-loads":
  262.634 #/op

Secondary result "bench.paths.ExtendedPersonBench.serialize:branch-misses":
  5.392 #/op

Secondary result "bench.paths.ExtendedPersonBench.serialize:branches":
  40954.087 #/op

Secondary result "bench.paths.ExtendedPersonBench.serialize:cycles":
  33256.215 #/op

Secondary result "bench.paths.ExtendedPersonBench.serialize:dTLB-load-misses":
  0.140 #/op

Secondary result "bench.paths.ExtendedPersonBench.serialize:dTLB-loads":
  1.236 #/op

Secondary result "bench.paths.ExtendedPersonBench.serialize:iTLB-load-misses":
  0.073 #/op

Secondary result "bench.paths.ExtendedPersonBench.serialize:iTLB-loads":
  0.151 #/op

Secondary result "bench.paths.ExtendedPersonBench.serialize:instructions":
  181878.412 #/op

Secondary result "bench.paths.ExtendedPersonBench.serialize:stalled-cycles-frontend":
  211.604 #/op


# Run complete. Total time: 00:00:21

REMEMBER: The numbers below are just data. To gain reusable insights, you need to follow up on
why the numbers are the way they are. Use profilers (see -prof, -lprof), design factorial
experiments, perform baseline and negative tests that provide experimental control, make sure
the benchmarking environment is safe on JVM/OS/HW level, ask for reviews from the domain experts.
Do not assume the numbers tell you what you want them to tell.

NOTE: Current JVM experimentally supports Compiler Blackholes, and they are in use. Please exercise
extra caution when trusting the results, look into the generated code to check the benchmark still
works, and factor in a small probability of new VM bugs. Additionally, while comparisons between
different JVMs are already problematic, the performance difference caused by different Blackhole
modes can be very significant. Please make sure you use the consistent Blackhole mode for comparisons.

Benchmark                                              (strLen)  Mode  Cnt       Score    Error      Units
ExtendedPersonBench.serialize                                64  avgt    5    7808.206 ± 43.236      ns/op
ExtendedPersonBench.serialize:CPI                            64  avgt            0.183           clks/insn
ExtendedPersonBench.serialize:IPC                            64  avgt            5.469           insns/clk
ExtendedPersonBench.serialize:L1-dcache-load-misses          64  avgt           66.097                #/op
ExtendedPersonBench.serialize:L1-dcache-loads                64  avgt        40444.486                #/op
ExtendedPersonBench.serialize:L1-icache-load-misses          64  avgt            0.665                #/op
ExtendedPersonBench.serialize:L1-icache-loads                64  avgt          262.634                #/op
ExtendedPersonBench.serialize:branch-misses                  64  avgt            5.392                #/op
ExtendedPersonBench.serialize:branches                       64  avgt        40954.087                #/op
ExtendedPersonBench.serialize:cycles                         64  avgt        33256.215                #/op
ExtendedPersonBench.serialize:dTLB-load-misses               64  avgt            0.140                #/op
ExtendedPersonBench.serialize:dTLB-loads                     64  avgt            1.236                #/op
ExtendedPersonBench.serialize:iTLB-load-misses               64  avgt            0.073                #/op
ExtendedPersonBench.serialize:iTLB-loads                     64  avgt            0.151                #/op
ExtendedPersonBench.serialize:instructions                   64  avgt       181878.412                #/op
ExtendedPersonBench.serialize:stalled-cycles-frontend        64  avgt          211.604                #/op
