WARNING: A terminally deprecated method in sun.misc.Unsafe has been called
WARNING: sun.misc.Unsafe::objectFieldOffset has been called by org.openjdk.jmh.util.Utils (file:/home/forked_franz/IdeaProjects/c2-writestring-spill-jmh/arms/benchmarks-both.jar)
WARNING: Please consider reporting this to the maintainers of class org.openjdk.jmh.util.Utils
WARNING: sun.misc.Unsafe::objectFieldOffset will be removed in a future release
# JMH version: 1.37
# VM version: JDK 25, Java HotSpot(TM) 64-Bit Server VM, 25+37-LTS-3491
# VM invoker: /home/forked_franz/.sdkman/candidates/java/25-oracle/bin/java
# VM options: -Xms2g -Xmx2g -XX:+AlwaysPreTouch -XX:LoopUnrollLimit=0
# Blackhole mode: compiler (auto-detected, use -Djmh.blackhole.autoDetect=false to disable)
# Warmup: 5 iterations, 2 s each
# Measurement: 5 iterations, 2 s each
# Timeout: 10 min per iteration
# Threads: 1 thread, will synchronize iterations
# Benchmark mode: Average time, time/op
# Benchmark: bench.paths.ExtendedPersonBench.serialize
# Parameters: (strLen = 64)

# Run progress: 0.00% complete, ETA 00:00:20
# Fork: 1 of 1
# Preparing profilers: LinuxPerfNormProfiler 
# Profilers consume stderr from target VM, use -v EXTRA to copy to console
# Warmup Iteration   1: 8335.403 ns/op
# Warmup Iteration   2: 8133.511 ns/op
# Warmup Iteration   3: 8136.404 ns/op
# Warmup Iteration   4: 8138.934 ns/op
# Warmup Iteration   5: 8152.029 ns/op
Iteration   1: 8128.043 ns/op
Iteration   2: 8134.147 ns/op
Iteration   3: 8119.706 ns/op
Iteration   4: 8124.061 ns/op
Iteration   5: 8104.138 ns/op
# Processing profiler results: LinuxPerfNormProfiler 


Result "bench.paths.ExtendedPersonBench.serialize":
  8122.019 ±(99.9%) 43.592 ns/op [Average]
  (min, avg, max) = (8104.138, 8122.019, 8134.147), stdev = 11.321
  CI (99.9%): [8078.427, 8165.611] (assumes normal distribution)

Secondary result "bench.paths.ExtendedPersonBench.serialize:CPI":
  0.190 clks/insn

Secondary result "bench.paths.ExtendedPersonBench.serialize:IPC":
  5.251 insns/clk

Secondary result "bench.paths.ExtendedPersonBench.serialize:L1-dcache-load-misses":
  65.267 #/op

Secondary result "bench.paths.ExtendedPersonBench.serialize:L1-dcache-loads":
  32775.804 #/op

Secondary result "bench.paths.ExtendedPersonBench.serialize:L1-icache-load-misses":
  0.504 #/op

Secondary result "bench.paths.ExtendedPersonBench.serialize:L1-icache-loads":
  365.292 #/op

Secondary result "bench.paths.ExtendedPersonBench.serialize:branch-misses":
  6.590 #/op

Secondary result "bench.paths.ExtendedPersonBench.serialize:branches":
  41019.805 #/op

Secondary result "bench.paths.ExtendedPersonBench.serialize:cycles":
  34591.432 #/op

Secondary result "bench.paths.ExtendedPersonBench.serialize:dTLB-load-misses":
  0.259 #/op

Secondary result "bench.paths.ExtendedPersonBench.serialize:dTLB-loads":
  1.399 #/op

Secondary result "bench.paths.ExtendedPersonBench.serialize:iTLB-load-misses":
  0.097 #/op

Secondary result "bench.paths.ExtendedPersonBench.serialize:iTLB-loads":
  0.119 #/op

Secondary result "bench.paths.ExtendedPersonBench.serialize:instructions":
  181634.634 #/op

Secondary result "bench.paths.ExtendedPersonBench.serialize:stalled-cycles-frontend":
  242.046 #/op


# Run complete. Total time: 00:00:21

REMEMBER: The numbers below are just data. To gain reusable insights, you need to follow up on
why the numbers are the way they are. Use profilers (see -prof, -lprof), design factorial
experiments, perform baseline and negative tests that provide experimental control, make sure
the benchmarking environment is safe on JVM/OS/HW level, ask for reviews from the domain experts.
Do not assume the numbers tell you what you want them to tell.

NOTE: Current JVM experimentally supports Compiler Blackholes, and they are in use. Please exercise
extra caution when trusting the results, look into the generated code to check the benchmark still
works, and factor in a small probability of new VM bugs. Additionally, while comparisons between
different JVMs are already problematic, the performance difference caused by different Blackhole
modes can be very significant. Please make sure you use the consistent Blackhole mode for comparisons.

Benchmark                                              (strLen)  Mode  Cnt       Score    Error      Units
ExtendedPersonBench.serialize                                64  avgt    5    8122.019 ± 43.592      ns/op
ExtendedPersonBench.serialize:CPI                            64  avgt            0.190           clks/insn
ExtendedPersonBench.serialize:IPC                            64  avgt            5.251           insns/clk
ExtendedPersonBench.serialize:L1-dcache-load-misses          64  avgt           65.267                #/op
ExtendedPersonBench.serialize:L1-dcache-loads                64  avgt        32775.804                #/op
ExtendedPersonBench.serialize:L1-icache-load-misses          64  avgt            0.504                #/op
ExtendedPersonBench.serialize:L1-icache-loads                64  avgt          365.292                #/op
ExtendedPersonBench.serialize:branch-misses                  64  avgt            6.590                #/op
ExtendedPersonBench.serialize:branches                       64  avgt        41019.805                #/op
ExtendedPersonBench.serialize:cycles                         64  avgt        34591.432                #/op
ExtendedPersonBench.serialize:dTLB-load-misses               64  avgt            0.259                #/op
ExtendedPersonBench.serialize:dTLB-loads                     64  avgt            1.399                #/op
ExtendedPersonBench.serialize:iTLB-load-misses               64  avgt            0.097                #/op
ExtendedPersonBench.serialize:iTLB-loads                     64  avgt            0.119                #/op
ExtendedPersonBench.serialize:instructions                   64  avgt       181634.634                #/op
ExtendedPersonBench.serialize:stalled-cycles-frontend        64  avgt          242.046                #/op
