WARNING: A terminally deprecated method in sun.misc.Unsafe has been called
WARNING: sun.misc.Unsafe::objectFieldOffset has been called by org.openjdk.jmh.util.Utils (file:/home/forked_franz/IdeaProjects/c2-writestring-spill-jmh/arms/benchmarks-both.jar)
WARNING: Please consider reporting this to the maintainers of class org.openjdk.jmh.util.Utils
WARNING: sun.misc.Unsafe::objectFieldOffset will be removed in a future release
# JMH version: 1.37
# VM version: JDK 25, Java HotSpot(TM) 64-Bit Server VM, 25+37-LTS-3491
# VM invoker: /home/forked_franz/.sdkman/candidates/java/25-oracle/bin/java
# VM options: -Xms2g -Xmx2g -XX:+AlwaysPreTouch -XX:LoopUnrollLimit=0
# Blackhole mode: compiler (auto-detected, use -Djmh.blackhole.autoDetect=false to disable)
# Warmup: 5 iterations, 2 s each
# Measurement: 5 iterations, 2 s each
# Timeout: 10 min per iteration
# Threads: 1 thread, will synchronize iterations
# Benchmark mode: Average time, time/op
# Benchmark: bench.paths.ExtendedPersonBench.serialize
# Parameters: (strLen = 64)

# Run progress: 0.00% complete, ETA 00:00:20
# Fork: 1 of 1
# Preparing profilers: LinuxPerfNormProfiler 
# Profilers consume stderr from target VM, use -v EXTRA to copy to console
# Warmup Iteration   1: 8290.132 ns/op
# Warmup Iteration   2: 8093.662 ns/op
# Warmup Iteration   3: 8088.321 ns/op
# Warmup Iteration   4: 8109.687 ns/op
# Warmup Iteration   5: 8085.613 ns/op
Iteration   1: 8089.589 ns/op
Iteration   2: 8093.108 ns/op
Iteration   3: 8086.418 ns/op
Iteration   4: 8113.478 ns/op
Iteration   5: 8095.324 ns/op
# Processing profiler results: LinuxPerfNormProfiler 


Result "bench.paths.ExtendedPersonBench.serialize":
  8095.583 ±(99.9%) 40.676 ns/op [Average]
  (min, avg, max) = (8086.418, 8095.583, 8113.478), stdev = 10.564
  CI (99.9%): [8054.907, 8136.260] (assumes normal distribution)

Secondary result "bench.paths.ExtendedPersonBench.serialize:CPI":
  0.190 clks/insn

Secondary result "bench.paths.ExtendedPersonBench.serialize:IPC":
  5.258 insns/clk

Secondary result "bench.paths.ExtendedPersonBench.serialize:cycles":
  34483.981 #/op

Secondary result "bench.paths.ExtendedPersonBench.serialize:de_no_dispatch_per_slot.backend_stalls":
  41905.335 #/op

Secondary result "bench.paths.ExtendedPersonBench.serialize:ex_ret_brn_misp":
  6.725 #/op

Secondary result "bench.paths.ExtendedPersonBench.serialize:ex_ret_brn_tkn":
  9006.458 #/op

Secondary result "bench.paths.ExtendedPersonBench.serialize:ex_ret_fused_instr":
  38972.090 #/op

Secondary result "bench.paths.ExtendedPersonBench.serialize:ex_ret_ops":
  161227.958 #/op

Secondary result "bench.paths.ExtendedPersonBench.serialize:instructions":
  181309.728 #/op

Secondary result "bench.paths.ExtendedPersonBench.serialize:op_cache_hit_miss.op_cache_miss":
  167.908 #/op


# Run complete. Total time: 00:00:20

REMEMBER: The numbers below are just data. To gain reusable insights, you need to follow up on
why the numbers are the way they are. Use profilers (see -prof, -lprof), design factorial
experiments, perform baseline and negative tests that provide experimental control, make sure
the benchmarking environment is safe on JVM/OS/HW level, ask for reviews from the domain experts.
Do not assume the numbers tell you what you want them to tell.

NOTE: Current JVM experimentally supports Compiler Blackholes, and they are in use. Please exercise
extra caution when trusting the results, look into the generated code to check the benchmark still
works, and factor in a small probability of new VM bugs. Additionally, while comparisons between
different JVMs are already problematic, the performance difference caused by different Blackhole
modes can be very significant. Please make sure you use the consistent Blackhole mode for comparisons.

Benchmark                                                             (strLen)  Mode  Cnt       Score    Error      Units
ExtendedPersonBench.serialize                                               64  avgt    5    8095.583 ± 40.676      ns/op
ExtendedPersonBench.serialize:CPI                                           64  avgt            0.190           clks/insn
ExtendedPersonBench.serialize:IPC                                           64  avgt            5.258           insns/clk
ExtendedPersonBench.serialize:cycles                                        64  avgt        34483.981                #/op
ExtendedPersonBench.serialize:de_no_dispatch_per_slot.backend_stalls        64  avgt        41905.335                #/op
ExtendedPersonBench.serialize:ex_ret_brn_misp                               64  avgt            6.725                #/op
ExtendedPersonBench.serialize:ex_ret_brn_tkn                                64  avgt         9006.458                #/op
ExtendedPersonBench.serialize:ex_ret_fused_instr                            64  avgt        38972.090                #/op
ExtendedPersonBench.serialize:ex_ret_ops                                    64  avgt       161227.958                #/op
ExtendedPersonBench.serialize:instructions                                  64  avgt       181309.728                #/op
ExtendedPersonBench.serialize:op_cache_hit_miss.op_cache_miss               64  avgt          167.908                #/op
