WARNING: A terminally deprecated method in sun.misc.Unsafe has been called
WARNING: sun.misc.Unsafe::objectFieldOffset has been called by org.openjdk.jmh.util.Utils (file:/home/forked_franz/IdeaProjects/c2-writestring-spill-jmh/arms/benchmarks-both.jar)
WARNING: Please consider reporting this to the maintainers of class org.openjdk.jmh.util.Utils
WARNING: sun.misc.Unsafe::objectFieldOffset will be removed in a future release
# JMH version: 1.37
# VM version: JDK 25, Java HotSpot(TM) 64-Bit Server VM, 25+37-LTS-3491
# VM invoker: /home/forked_franz/.sdkman/candidates/java/25-oracle/bin/java
# VM options: -Xms1g -Xmx1g -XX:+UseParallelGC -XX:+AlwaysPreTouch
# Blackhole mode: compiler (auto-detected, use -Djmh.blackhole.autoDetect=false to disable)
# Warmup: 5 iterations, 1 s each
# Measurement: 5 iterations, 1 s each
# Timeout: 10 min per iteration
# Threads: 1 thread, will synchronize iterations
# Benchmark mode: Average time, time/op
# Benchmark: bench.paths.AccessorBench.serialize
# Parameters: (strLen = 64, writers = beanser)

# Run progress: 0.00% complete, ETA 00:00:20
# Fork: 1 of 2
# Preparing profilers: LinuxPerfNormProfiler 
# Profilers consume stderr from target VM, use -v EXTRA to copy to console
# Warmup Iteration   1: 8954.666 ns/op
# Warmup Iteration   2: 8504.862 ns/op
# Warmup Iteration   3: 8469.437 ns/op
# Warmup Iteration   4: 9083.913 ns/op
# Warmup Iteration   5: 9202.657 ns/op
Iteration   1: 9043.195 ns/op
Iteration   2: 8593.554 ns/op
Iteration   3: 8639.765 ns/op
Iteration   4: 8359.231 ns/op
Iteration   5: 8364.113 ns/op
# Processing profiler results: LinuxPerfNormProfiler 

# Run progress: 50.00% complete, ETA 00:00:10
# Fork: 2 of 2
# Preparing profilers: LinuxPerfNormProfiler 
# Profilers consume stderr from target VM, use -v EXTRA to copy to console
# Warmup Iteration   1: 8960.409 ns/op
# Warmup Iteration   2: 8501.217 ns/op
# Warmup Iteration   3: 8587.475 ns/op
# Warmup Iteration   4: 9030.104 ns/op
# Warmup Iteration   5: 8955.323 ns/op
Iteration   1: 8931.224 ns/op
Iteration   2: 8887.158 ns/op
Iteration   3: 8962.048 ns/op
Iteration   4: 8646.243 ns/op
Iteration   5: 8573.462 ns/op
# Processing profiler results: LinuxPerfNormProfiler 


Result "bench.paths.AccessorBench.serialize":
  8699.999 ±(99.9%) 369.555 ns/op [Average]
  (min, avg, max) = (8359.231, 8699.999, 9043.195), stdev = 244.438
  CI (99.9%): [8330.444, 9069.554] (assumes normal distribution)

Secondary result "bench.paths.AccessorBench.serialize:CPI":
  0.220 clks/insn

Secondary result "bench.paths.AccessorBench.serialize:IPC":
  4.554 insns/clk

Secondary result "bench.paths.AccessorBench.serialize:L1-dcache-load-misses":
  122.710 #/op

Secondary result "bench.paths.AccessorBench.serialize:L1-dcache-loads":
  36315.045 #/op

Secondary result "bench.paths.AccessorBench.serialize:L1-icache-load-misses":
  2.724 #/op

Secondary result "bench.paths.AccessorBench.serialize:L1-icache-loads":
  1243.557 #/op

Secondary result "bench.paths.AccessorBench.serialize:branch-misses":
  21.292 #/op

Secondary result "bench.paths.AccessorBench.serialize:branches":
  35722.009 #/op

Secondary result "bench.paths.AccessorBench.serialize:cycles":
  37298.872 #/op

Secondary result "bench.paths.AccessorBench.serialize:dTLB-load-misses":
  0.589 #/op

Secondary result "bench.paths.AccessorBench.serialize:dTLB-loads":
  6.395 #/op

Secondary result "bench.paths.AccessorBench.serialize:iTLB-load-misses":
  0.315 #/op

Secondary result "bench.paths.AccessorBench.serialize:iTLB-loads":
  0.148 #/op

Secondary result "bench.paths.AccessorBench.serialize:instructions":
  169844.722 #/op

Secondary result "bench.paths.AccessorBench.serialize:stalled-cycles-frontend":
  748.961 #/op


# Run complete. Total time: 00:00:21

REMEMBER: The numbers below are just data. To gain reusable insights, you need to follow up on
why the numbers are the way they are. Use profilers (see -prof, -lprof), design factorial
experiments, perform baseline and negative tests that provide experimental control, make sure
the benchmarking environment is safe on JVM/OS/HW level, ask for reviews from the domain experts.
Do not assume the numbers tell you what you want them to tell.

NOTE: Current JVM experimentally supports Compiler Blackholes, and they are in use. Please exercise
extra caution when trusting the results, look into the generated code to check the benchmark still
works, and factor in a small probability of new VM bugs. Additionally, while comparisons between
different JVMs are already problematic, the performance difference caused by different Blackhole
modes can be very significant. Please make sure you use the consistent Blackhole mode for comparisons.

Benchmark                                        (strLen)  (writers)  Mode  Cnt       Score     Error      Units
AccessorBench.serialize                                64    beanser  avgt   10    8699.999 ± 369.555      ns/op
AccessorBench.serialize:CPI                            64    beanser  avgt    2       0.220            clks/insn
AccessorBench.serialize:IPC                            64    beanser  avgt    2       4.554            insns/clk
AccessorBench.serialize:L1-dcache-load-misses          64    beanser  avgt    2     122.710                 #/op
AccessorBench.serialize:L1-dcache-loads                64    beanser  avgt    2   36315.045                 #/op
AccessorBench.serialize:L1-icache-load-misses          64    beanser  avgt    2       2.724                 #/op
AccessorBench.serialize:L1-icache-loads                64    beanser  avgt    2    1243.557                 #/op
AccessorBench.serialize:branch-misses                  64    beanser  avgt    2      21.292                 #/op
AccessorBench.serialize:branches                       64    beanser  avgt    2   35722.009                 #/op
AccessorBench.serialize:cycles                         64    beanser  avgt    2   37298.872                 #/op
AccessorBench.serialize:dTLB-load-misses               64    beanser  avgt    2       0.589                 #/op
AccessorBench.serialize:dTLB-loads                     64    beanser  avgt    2       6.395                 #/op
AccessorBench.serialize:iTLB-load-misses               64    beanser  avgt    2       0.315                 #/op
AccessorBench.serialize:iTLB-loads                     64    beanser  avgt    2       0.148                 #/op
AccessorBench.serialize:instructions                   64    beanser  avgt    2  169844.722                 #/op
AccessorBench.serialize:stalled-cycles-frontend        64    beanser  avgt    2     748.961                 #/op
WARNING: A terminally deprecated method in sun.misc.Unsafe has been called
WARNING: sun.misc.Unsafe::objectFieldOffset has been called by org.openjdk.jmh.util.Utils (file:/home/forked_franz/IdeaProjects/c2-writestring-spill-jmh/arms/benchmarks-both.jar)
WARNING: Please consider reporting this to the maintainers of class org.openjdk.jmh.util.Utils
WARNING: sun.misc.Unsafe::objectFieldOffset will be removed in a future release
# JMH version: 1.37
# VM version: JDK 25, Java HotSpot(TM) 64-Bit Server VM, 25+37-LTS-3491
# VM invoker: /home/forked_franz/.sdkman/candidates/java/25-oracle/bin/java
# VM options: -Xms1g -Xmx1g -XX:+UseParallelGC -XX:+AlwaysPreTouch
# Blackhole mode: compiler (auto-detected, use -Djmh.blackhole.autoDetect=false to disable)
# Warmup: 5 iterations, 1 s each
# Measurement: 5 iterations, 1 s each
# Timeout: 10 min per iteration
# Threads: 1 thread, will synchronize iterations
# Benchmark mode: Average time, time/op
# Benchmark: bench.paths.ExtendedPersonBench.serialize
# Parameters: (strLen = 64)

# Run progress: 0.00% complete, ETA 00:00:20
# Fork: 1 of 2
# Preparing profilers: LinuxPerfNormProfiler 
# Profilers consume stderr from target VM, use -v EXTRA to copy to console
# Warmup Iteration   1: 8791.668 ns/op
# Warmup Iteration   2: 8283.618 ns/op
# Warmup Iteration   3: 8328.881 ns/op
# Warmup Iteration   4: 8917.414 ns/op
# Warmup Iteration   5: 8784.912 ns/op
Iteration   1: 8646.428 ns/op
Iteration   2: 8690.200 ns/op
Iteration   3: 8676.952 ns/op
Iteration   4: 8421.672 ns/op
Iteration   5: 8326.961 ns/op
# Processing profiler results: LinuxPerfNormProfiler 

# Run progress: 50.00% complete, ETA 00:00:10
# Fork: 2 of 2
# Preparing profilers: LinuxPerfNormProfiler 
# Profilers consume stderr from target VM, use -v EXTRA to copy to console
# Warmup Iteration   1: 8582.480 ns/op
# Warmup Iteration   2: 8244.663 ns/op
# Warmup Iteration   3: 8292.940 ns/op
# Warmup Iteration   4: 8427.741 ns/op
# Warmup Iteration   5: 8491.388 ns/op
Iteration   1: 8505.492 ns/op
Iteration   2: 8475.091 ns/op
Iteration   3: 8543.116 ns/op
Iteration   4: 8236.391 ns/op
Iteration   5: 8260.587 ns/op
# Processing profiler results: LinuxPerfNormProfiler 


Result "bench.paths.ExtendedPersonBench.serialize":
  8478.289 ±(99.9%) 251.780 ns/op [Average]
  (min, avg, max) = (8236.391, 8478.289, 8690.200), stdev = 166.537
  CI (99.9%): [8226.509, 8730.069] (assumes normal distribution)

Secondary result "bench.paths.ExtendedPersonBench.serialize:CPI":
  0.214 clks/insn

Secondary result "bench.paths.ExtendedPersonBench.serialize:IPC":
  4.681 insns/clk

Secondary result "bench.paths.ExtendedPersonBench.serialize:L1-dcache-load-misses":
  133.815 #/op

Secondary result "bench.paths.ExtendedPersonBench.serialize:L1-dcache-loads":
  33460.412 #/op

Secondary result "bench.paths.ExtendedPersonBench.serialize:L1-icache-load-misses":
  3.274 #/op

Secondary result "bench.paths.ExtendedPersonBench.serialize:L1-icache-loads":
  742.971 #/op

Secondary result "bench.paths.ExtendedPersonBench.serialize:branch-misses":
  20.678 #/op

Secondary result "bench.paths.ExtendedPersonBench.serialize:branches":
  34789.423 #/op

Secondary result "bench.paths.ExtendedPersonBench.serialize:cycles":
  36299.131 #/op

Secondary result "bench.paths.ExtendedPersonBench.serialize:dTLB-load-misses":
  0.638 #/op

Secondary result "bench.paths.ExtendedPersonBench.serialize:dTLB-loads":
  7.212 #/op

Secondary result "bench.paths.ExtendedPersonBench.serialize:iTLB-load-misses":
  0.425 #/op

Secondary result "bench.paths.ExtendedPersonBench.serialize:iTLB-loads":
  0.220 #/op

Secondary result "bench.paths.ExtendedPersonBench.serialize:instructions":
  169891.092 #/op

Secondary result "bench.paths.ExtendedPersonBench.serialize:stalled-cycles-frontend":
  805.486 #/op


# Run complete. Total time: 00:00:21

REMEMBER: The numbers below are just data. To gain reusable insights, you need to follow up on
why the numbers are the way they are. Use profilers (see -prof, -lprof), design factorial
experiments, perform baseline and negative tests that provide experimental control, make sure
the benchmarking environment is safe on JVM/OS/HW level, ask for reviews from the domain experts.
Do not assume the numbers tell you what you want them to tell.

NOTE: Current JVM experimentally supports Compiler Blackholes, and they are in use. Please exercise
extra caution when trusting the results, look into the generated code to check the benchmark still
works, and factor in a small probability of new VM bugs. Additionally, while comparisons between
different JVMs are already problematic, the performance difference caused by different Blackhole
modes can be very significant. Please make sure you use the consistent Blackhole mode for comparisons.

Benchmark                                              (strLen)  Mode  Cnt       Score     Error      Units
ExtendedPersonBench.serialize                                64  avgt   10    8478.289 ± 251.780      ns/op
ExtendedPersonBench.serialize:CPI                            64  avgt    2       0.214            clks/insn
ExtendedPersonBench.serialize:IPC                            64  avgt    2       4.681            insns/clk
ExtendedPersonBench.serialize:L1-dcache-load-misses          64  avgt    2     133.815                 #/op
ExtendedPersonBench.serialize:L1-dcache-loads                64  avgt    2   33460.412                 #/op
ExtendedPersonBench.serialize:L1-icache-load-misses          64  avgt    2       3.274                 #/op
ExtendedPersonBench.serialize:L1-icache-loads                64  avgt    2     742.971                 #/op
ExtendedPersonBench.serialize:branch-misses                  64  avgt    2      20.678                 #/op
ExtendedPersonBench.serialize:branches                       64  avgt    2   34789.423                 #/op
ExtendedPersonBench.serialize:cycles                         64  avgt    2   36299.131                 #/op
ExtendedPersonBench.serialize:dTLB-load-misses               64  avgt    2       0.638                 #/op
ExtendedPersonBench.serialize:dTLB-loads                     64  avgt    2       7.212                 #/op
ExtendedPersonBench.serialize:iTLB-load-misses               64  avgt    2       0.425                 #/op
ExtendedPersonBench.serialize:iTLB-loads                     64  avgt    2       0.220                 #/op
ExtendedPersonBench.serialize:instructions                   64  avgt    2  169891.092                 #/op
ExtendedPersonBench.serialize:stalled-cycles-frontend        64  avgt    2     805.486                 #/op
