WARNING: A terminally deprecated method in sun.misc.Unsafe has been called
WARNING: sun.misc.Unsafe::objectFieldOffset has been called by org.openjdk.jmh.util.Utils (file:/home/forked_franz/IdeaProjects/c2-writestring-spill-jmh/arms/benchmarks-both.jar)
WARNING: Please consider reporting this to the maintainers of class org.openjdk.jmh.util.Utils
WARNING: sun.misc.Unsafe::objectFieldOffset will be removed in a future release
# JMH version: 1.37
# VM version: JDK 25, Java HotSpot(TM) 64-Bit Server VM, 25+37-LTS-3491
# VM invoker: /home/forked_franz/.sdkman/candidates/java/25-oracle/bin/java
# VM options: -Xms1g -Xmx1g -XX:+UseParallelGC -XX:+AlwaysPreTouch -XX:CompileCommand=dontinline,tools.jackson.core.json.UTF8JsonGenerator::writeString
# Blackhole mode: compiler (auto-detected, use -Djmh.blackhole.autoDetect=false to disable)
# Warmup: 5 iterations, 1 s each
# Measurement: 5 iterations, 1 s each
# Timeout: 10 min per iteration
# Threads: 1 thread, will synchronize iterations
# Benchmark mode: Average time, time/op
# Benchmark: bench.paths.AccessorBench.serialize
# Parameters: (strLen = 64, writers = beanser)

# Run progress: 0.00% complete, ETA 00:00:20
# Fork: 1 of 2
# Preparing profilers: LinuxPerfNormProfiler 
# Profilers consume stderr from target VM, use -v EXTRA to copy to console
CompileCommand: dontinline tools/jackson/core/json/UTF8JsonGenerator.writeString bool dontinline = true
# Warmup Iteration   1: 9135.851 ns/op
# Warmup Iteration   2: 8645.063 ns/op
# Warmup Iteration   3: 8727.308 ns/op
# Warmup Iteration   4: 9044.347 ns/op
# Warmup Iteration   5: 8948.309 ns/op
Iteration   1: 9127.032 ns/op
Iteration   2: 8941.708 ns/op
Iteration   3: 9084.174 ns/op
Iteration   4: 8805.131 ns/op
Iteration   5: 8698.220 ns/op
# Processing profiler results: LinuxPerfNormProfiler 

# Run progress: 50.00% complete, ETA 00:00:10
# Fork: 2 of 2
# Preparing profilers: LinuxPerfNormProfiler 
# Profilers consume stderr from target VM, use -v EXTRA to copy to console
CompileCommand: dontinline tools/jackson/core/json/UTF8JsonGenerator.writeString bool dontinline = true
# Warmup Iteration   1: 9084.721 ns/op
# Warmup Iteration   2: 8612.512 ns/op
# Warmup Iteration   3: 8670.652 ns/op
# Warmup Iteration   4: 9001.486 ns/op
# Warmup Iteration   5: 8959.522 ns/op
Iteration   1: 8975.960 ns/op
Iteration   2: 8962.786 ns/op
Iteration   3: 8934.921 ns/op
Iteration   4: 8736.052 ns/op
Iteration   5: 8658.290 ns/op
# Processing profiler results: LinuxPerfNormProfiler 


Result "bench.paths.AccessorBench.serialize":
  8892.427 ±(99.9%) 243.038 ns/op [Average]
  (min, avg, max) = (8658.290, 8892.427, 9127.032), stdev = 160.755
  CI (99.9%): [8649.389, 9135.466] (assumes normal distribution)

Secondary result "bench.paths.AccessorBench.serialize:CPI":
  0.232 clks/insn

Secondary result "bench.paths.AccessorBench.serialize:IPC":
  4.308 insns/clk

Secondary result "bench.paths.AccessorBench.serialize:L1-dcache-load-misses":
  126.380 #/op

Secondary result "bench.paths.AccessorBench.serialize:L1-dcache-loads":
  35558.561 #/op

Secondary result "bench.paths.AccessorBench.serialize:L1-icache-load-misses":
  1.750 #/op

Secondary result "bench.paths.AccessorBench.serialize:L1-icache-loads":
  653.246 #/op

Secondary result "bench.paths.AccessorBench.serialize:branch-misses":
  22.809 #/op

Secondary result "bench.paths.AccessorBench.serialize:branches":
  36277.460 #/op

Secondary result "bench.paths.AccessorBench.serialize:cycles":
  38110.470 #/op

Secondary result "bench.paths.AccessorBench.serialize:dTLB-load-misses":
  0.690 #/op

Secondary result "bench.paths.AccessorBench.serialize:dTLB-loads":
  7.018 #/op

Secondary result "bench.paths.AccessorBench.serialize:iTLB-load-misses":
  0.423 #/op

Secondary result "bench.paths.AccessorBench.serialize:iTLB-loads":
  0.219 #/op

Secondary result "bench.paths.AccessorBench.serialize:instructions":
  164160.764 #/op

Secondary result "bench.paths.AccessorBench.serialize:stalled-cycles-frontend":
  944.048 #/op


# Run complete. Total time: 00:00:21

REMEMBER: The numbers below are just data. To gain reusable insights, you need to follow up on
why the numbers are the way they are. Use profilers (see -prof, -lprof), design factorial
experiments, perform baseline and negative tests that provide experimental control, make sure
the benchmarking environment is safe on JVM/OS/HW level, ask for reviews from the domain experts.
Do not assume the numbers tell you what you want them to tell.

NOTE: Current JVM experimentally supports Compiler Blackholes, and they are in use. Please exercise
extra caution when trusting the results, look into the generated code to check the benchmark still
works, and factor in a small probability of new VM bugs. Additionally, while comparisons between
different JVMs are already problematic, the performance difference caused by different Blackhole
modes can be very significant. Please make sure you use the consistent Blackhole mode for comparisons.

Benchmark                                        (strLen)  (writers)  Mode  Cnt       Score     Error      Units
AccessorBench.serialize                                64    beanser  avgt   10    8892.427 ± 243.038      ns/op
AccessorBench.serialize:CPI                            64    beanser  avgt    2       0.232            clks/insn
AccessorBench.serialize:IPC                            64    beanser  avgt    2       4.308            insns/clk
AccessorBench.serialize:L1-dcache-load-misses          64    beanser  avgt    2     126.380                 #/op
AccessorBench.serialize:L1-dcache-loads                64    beanser  avgt    2   35558.561                 #/op
AccessorBench.serialize:L1-icache-load-misses          64    beanser  avgt    2       1.750                 #/op
AccessorBench.serialize:L1-icache-loads                64    beanser  avgt    2     653.246                 #/op
AccessorBench.serialize:branch-misses                  64    beanser  avgt    2      22.809                 #/op
AccessorBench.serialize:branches                       64    beanser  avgt    2   36277.460                 #/op
AccessorBench.serialize:cycles                         64    beanser  avgt    2   38110.470                 #/op
AccessorBench.serialize:dTLB-load-misses               64    beanser  avgt    2       0.690                 #/op
AccessorBench.serialize:dTLB-loads                     64    beanser  avgt    2       7.018                 #/op
AccessorBench.serialize:iTLB-load-misses               64    beanser  avgt    2       0.423                 #/op
AccessorBench.serialize:iTLB-loads                     64    beanser  avgt    2       0.219                 #/op
AccessorBench.serialize:instructions                   64    beanser  avgt    2  164160.764                 #/op
AccessorBench.serialize:stalled-cycles-frontend        64    beanser  avgt    2     944.048                 #/op
WARNING: A terminally deprecated method in sun.misc.Unsafe has been called
WARNING: sun.misc.Unsafe::objectFieldOffset has been called by org.openjdk.jmh.util.Utils (file:/home/forked_franz/IdeaProjects/c2-writestring-spill-jmh/arms/benchmarks-both.jar)
WARNING: Please consider reporting this to the maintainers of class org.openjdk.jmh.util.Utils
WARNING: sun.misc.Unsafe::objectFieldOffset will be removed in a future release
# JMH version: 1.37
# VM version: JDK 25, Java HotSpot(TM) 64-Bit Server VM, 25+37-LTS-3491
# VM invoker: /home/forked_franz/.sdkman/candidates/java/25-oracle/bin/java
# VM options: -Xms1g -Xmx1g -XX:+UseParallelGC -XX:+AlwaysPreTouch -XX:CompileCommand=dontinline,tools.jackson.core.json.UTF8JsonGenerator::writeString
# Blackhole mode: compiler (auto-detected, use -Djmh.blackhole.autoDetect=false to disable)
# Warmup: 5 iterations, 1 s each
# Measurement: 5 iterations, 1 s each
# Timeout: 10 min per iteration
# Threads: 1 thread, will synchronize iterations
# Benchmark mode: Average time, time/op
# Benchmark: bench.paths.ExtendedPersonBench.serialize
# Parameters: (strLen = 64)

# Run progress: 0.00% complete, ETA 00:00:20
# Fork: 1 of 2
# Preparing profilers: LinuxPerfNormProfiler 
# Profilers consume stderr from target VM, use -v EXTRA to copy to console
CompileCommand: dontinline tools/jackson/core/json/UTF8JsonGenerator.writeString bool dontinline = true
# Warmup Iteration   1: 9099.194 ns/op
# Warmup Iteration   2: 8684.965 ns/op
# Warmup Iteration   3: 8748.590 ns/op
# Warmup Iteration   4: 9051.152 ns/op
# Warmup Iteration   5: 9127.357 ns/op
Iteration   1: 9152.701 ns/op
Iteration   2: 9130.424 ns/op
Iteration   3: 9027.054 ns/op
Iteration   4: 8877.770 ns/op
Iteration   5: 8760.605 ns/op
# Processing profiler results: LinuxPerfNormProfiler 

# Run progress: 50.00% complete, ETA 00:00:10
# Fork: 2 of 2
# Preparing profilers: LinuxPerfNormProfiler 
# Profilers consume stderr from target VM, use -v EXTRA to copy to console
CompileCommand: dontinline tools/jackson/core/json/UTF8JsonGenerator.writeString bool dontinline = true
# Warmup Iteration   1: 8998.143 ns/op
# Warmup Iteration   2: 8680.160 ns/op
# Warmup Iteration   3: 8737.860 ns/op
# Warmup Iteration   4: 9056.981 ns/op
# Warmup Iteration   5: 9122.990 ns/op
Iteration   1: 9133.148 ns/op
Iteration   2: 9040.702 ns/op
Iteration   3: 9004.192 ns/op
Iteration   4: 8810.602 ns/op
Iteration   5: 8649.216 ns/op
# Processing profiler results: LinuxPerfNormProfiler 


Result "bench.paths.ExtendedPersonBench.serialize":
  8958.641 ±(99.9%) 264.048 ns/op [Average]
  (min, avg, max) = (8649.216, 8958.641, 9152.701), stdev = 174.652
  CI (99.9%): [8694.593, 9222.690] (assumes normal distribution)

Secondary result "bench.paths.ExtendedPersonBench.serialize:CPI":
  0.238 clks/insn

Secondary result "bench.paths.ExtendedPersonBench.serialize:IPC":
  4.196 insns/clk

Secondary result "bench.paths.ExtendedPersonBench.serialize:L1-dcache-load-misses":
  134.708 #/op

Secondary result "bench.paths.ExtendedPersonBench.serialize:L1-dcache-loads":
  35833.454 #/op

Secondary result "bench.paths.ExtendedPersonBench.serialize:L1-icache-load-misses":
  2.835 #/op

Secondary result "bench.paths.ExtendedPersonBench.serialize:L1-icache-loads":
  708.773 #/op

Secondary result "bench.paths.ExtendedPersonBench.serialize:branch-misses":
  26.160 #/op

Secondary result "bench.paths.ExtendedPersonBench.serialize:branches":
  35451.200 #/op

Secondary result "bench.paths.ExtendedPersonBench.serialize:cycles":
  38362.917 #/op

Secondary result "bench.paths.ExtendedPersonBench.serialize:dTLB-load-misses":
  0.760 #/op

Secondary result "bench.paths.ExtendedPersonBench.serialize:dTLB-loads":
  8.609 #/op

Secondary result "bench.paths.ExtendedPersonBench.serialize:iTLB-load-misses":
  0.360 #/op

Secondary result "bench.paths.ExtendedPersonBench.serialize:iTLB-loads":
  0.209 #/op

Secondary result "bench.paths.ExtendedPersonBench.serialize:instructions":
  160970.416 #/op

Secondary result "bench.paths.ExtendedPersonBench.serialize:stalled-cycles-frontend":
  1001.420 #/op


# Run complete. Total time: 00:00:21

REMEMBER: The numbers below are just data. To gain reusable insights, you need to follow up on
why the numbers are the way they are. Use profilers (see -prof, -lprof), design factorial
experiments, perform baseline and negative tests that provide experimental control, make sure
the benchmarking environment is safe on JVM/OS/HW level, ask for reviews from the domain experts.
Do not assume the numbers tell you what you want them to tell.

NOTE: Current JVM experimentally supports Compiler Blackholes, and they are in use. Please exercise
extra caution when trusting the results, look into the generated code to check the benchmark still
works, and factor in a small probability of new VM bugs. Additionally, while comparisons between
different JVMs are already problematic, the performance difference caused by different Blackhole
modes can be very significant. Please make sure you use the consistent Blackhole mode for comparisons.

Benchmark                                              (strLen)  Mode  Cnt       Score     Error      Units
ExtendedPersonBench.serialize                                64  avgt   10    8958.641 ± 264.048      ns/op
ExtendedPersonBench.serialize:CPI                            64  avgt    2       0.238            clks/insn
ExtendedPersonBench.serialize:IPC                            64  avgt    2       4.196            insns/clk
ExtendedPersonBench.serialize:L1-dcache-load-misses          64  avgt    2     134.708                 #/op
ExtendedPersonBench.serialize:L1-dcache-loads                64  avgt    2   35833.454                 #/op
ExtendedPersonBench.serialize:L1-icache-load-misses          64  avgt    2       2.835                 #/op
ExtendedPersonBench.serialize:L1-icache-loads                64  avgt    2     708.773                 #/op
ExtendedPersonBench.serialize:branch-misses                  64  avgt    2      26.160                 #/op
ExtendedPersonBench.serialize:branches                       64  avgt    2   35451.200                 #/op
ExtendedPersonBench.serialize:cycles                         64  avgt    2   38362.917                 #/op
ExtendedPersonBench.serialize:dTLB-load-misses               64  avgt    2       0.760                 #/op
ExtendedPersonBench.serialize:dTLB-loads                     64  avgt    2       8.609                 #/op
ExtendedPersonBench.serialize:iTLB-load-misses               64  avgt    2       0.360                 #/op
ExtendedPersonBench.serialize:iTLB-loads                     64  avgt    2       0.209                 #/op
ExtendedPersonBench.serialize:instructions                   64  avgt    2  160970.416                 #/op
ExtendedPersonBench.serialize:stalled-cycles-frontend        64  avgt    2    1001.420                 #/op
