WARNING: A terminally deprecated method in sun.misc.Unsafe has been called
WARNING: sun.misc.Unsafe::objectFieldOffset has been called by org.openjdk.jmh.util.Utils (file:/home/forked_franz/IdeaProjects/c2-writestring-spill-jmh/arms/benchmarks-both.jar)
WARNING: Please consider reporting this to the maintainers of class org.openjdk.jmh.util.Utils
WARNING: sun.misc.Unsafe::objectFieldOffset will be removed in a future release
# JMH version: 1.37
# VM version: JDK 25, Java HotSpot(TM) 64-Bit Server VM, 25+37-LTS-3491
# VM invoker: /home/forked_franz/.sdkman/candidates/java/25-oracle/bin/java
# VM options: -Xms2g -Xmx2g -XX:+AlwaysPreTouch
# Blackhole mode: compiler (auto-detected, use -Djmh.blackhole.autoDetect=false to disable)
# Warmup: 5 iterations, 2 s each
# Measurement: 5 iterations, 2 s each
# Timeout: 10 min per iteration
# Threads: 1 thread, will synchronize iterations
# Benchmark mode: Average time, time/op
# Benchmark: bench.paths.ExtendedPersonBench.serialize
# Parameters: (strLen = 64)

# Run progress: 0.00% complete, ETA 00:00:20
# Fork: 1 of 1
# Preparing profilers: LinuxPerfNormProfiler 
# Profilers consume stderr from target VM, use -v EXTRA to copy to console
# Warmup Iteration   1: 7706.502 ns/op
# Warmup Iteration   2: 7474.110 ns/op
# Warmup Iteration   3: 7475.417 ns/op
# Warmup Iteration   4: 7487.715 ns/op
# Warmup Iteration   5: 7490.768 ns/op
Iteration   1: 7491.704 ns/op
Iteration   2: 7492.944 ns/op
Iteration   3: 7492.173 ns/op
Iteration   4: 7515.489 ns/op
Iteration   5: 7513.584 ns/op
# Processing profiler results: LinuxPerfNormProfiler 


Result "bench.paths.ExtendedPersonBench.serialize":
  7501.179 ±(99.9%) 47.057 ns/op [Average]
  (min, avg, max) = (7491.704, 7501.179, 7515.489), stdev = 12.220
  CI (99.9%): [7454.122, 7548.236] (assumes normal distribution)

Secondary result "bench.paths.ExtendedPersonBench.serialize:CPI":
  0.201 clks/insn

Secondary result "bench.paths.ExtendedPersonBench.serialize:IPC":
  4.964 insns/clk

Secondary result "bench.paths.ExtendedPersonBench.serialize:L1-dcache-load-misses":
  67.792 #/op

Secondary result "bench.paths.ExtendedPersonBench.serialize:L1-dcache-loads":
  35232.737 #/op

Secondary result "bench.paths.ExtendedPersonBench.serialize:L1-icache-load-misses":
  0.348 #/op

Secondary result "bench.paths.ExtendedPersonBench.serialize:L1-icache-loads":
  425.047 #/op

Secondary result "bench.paths.ExtendedPersonBench.serialize:branch-misses":
  5.473 #/op

Secondary result "bench.paths.ExtendedPersonBench.serialize:branches":
  35899.724 #/op

Secondary result "bench.paths.ExtendedPersonBench.serialize:cycles":
  31947.125 #/op

Secondary result "bench.paths.ExtendedPersonBench.serialize:dTLB-load-misses":
  0.180 #/op

Secondary result "bench.paths.ExtendedPersonBench.serialize:dTLB-loads":
  1.216 #/op

Secondary result "bench.paths.ExtendedPersonBench.serialize:iTLB-load-misses":
  0.064 #/op

Secondary result "bench.paths.ExtendedPersonBench.serialize:iTLB-loads":
  0.097 #/op

Secondary result "bench.paths.ExtendedPersonBench.serialize:instructions":
  158588.711 #/op

Secondary result "bench.paths.ExtendedPersonBench.serialize:stalled-cycles-frontend":
  240.006 #/op


# Run complete. Total time: 00:00:21

REMEMBER: The numbers below are just data. To gain reusable insights, you need to follow up on
why the numbers are the way they are. Use profilers (see -prof, -lprof), design factorial
experiments, perform baseline and negative tests that provide experimental control, make sure
the benchmarking environment is safe on JVM/OS/HW level, ask for reviews from the domain experts.
Do not assume the numbers tell you what you want them to tell.

NOTE: Current JVM experimentally supports Compiler Blackholes, and they are in use. Please exercise
extra caution when trusting the results, look into the generated code to check the benchmark still
works, and factor in a small probability of new VM bugs. Additionally, while comparisons between
different JVMs are already problematic, the performance difference caused by different Blackhole
modes can be very significant. Please make sure you use the consistent Blackhole mode for comparisons.

Benchmark                                              (strLen)  Mode  Cnt       Score    Error      Units
ExtendedPersonBench.serialize                                64  avgt    5    7501.179 ± 47.057      ns/op
ExtendedPersonBench.serialize:CPI                            64  avgt            0.201           clks/insn
ExtendedPersonBench.serialize:IPC                            64  avgt            4.964           insns/clk
ExtendedPersonBench.serialize:L1-dcache-load-misses          64  avgt           67.792                #/op
ExtendedPersonBench.serialize:L1-dcache-loads                64  avgt        35232.737                #/op
ExtendedPersonBench.serialize:L1-icache-load-misses          64  avgt            0.348                #/op
ExtendedPersonBench.serialize:L1-icache-loads                64  avgt          425.047                #/op
ExtendedPersonBench.serialize:branch-misses                  64  avgt            5.473                #/op
ExtendedPersonBench.serialize:branches                       64  avgt        35899.724                #/op
ExtendedPersonBench.serialize:cycles                         64  avgt        31947.125                #/op
ExtendedPersonBench.serialize:dTLB-load-misses               64  avgt            0.180                #/op
ExtendedPersonBench.serialize:dTLB-loads                     64  avgt            1.216                #/op
ExtendedPersonBench.serialize:iTLB-load-misses               64  avgt            0.064                #/op
ExtendedPersonBench.serialize:iTLB-loads                     64  avgt            0.097                #/op
ExtendedPersonBench.serialize:instructions                   64  avgt       158588.711                #/op
ExtendedPersonBench.serialize:stalled-cycles-frontend        64  avgt          240.006                #/op
