WARNING: A terminally deprecated method in sun.misc.Unsafe has been called
WARNING: sun.misc.Unsafe::objectFieldOffset has been called by org.openjdk.jmh.util.Utils (file:/home/forked_franz/IdeaProjects/c2-writestring-spill-jmh/arms/benchmarks-both.jar)
WARNING: Please consider reporting this to the maintainers of class org.openjdk.jmh.util.Utils
WARNING: sun.misc.Unsafe::objectFieldOffset will be removed in a future release
# JMH version: 1.37
# VM version: JDK 25, Java HotSpot(TM) 64-Bit Server VM, 25+37-LTS-3491
# VM invoker: /home/forked_franz/.sdkman/candidates/java/25-oracle/bin/java
# VM options: -Xms1g -Xmx1g -XX:+UseParallelGC -XX:+AlwaysPreTouch
# Blackhole mode: compiler (auto-detected, use -Djmh.blackhole.autoDetect=false to disable)
# Warmup: 5 iterations, 2 s each
# Measurement: 5 iterations, 2 s each
# Timeout: 10 min per iteration
# Threads: 1 thread, will synchronize iterations
# Benchmark mode: Average time, time/op
# Benchmark: bench.paths.ExtendedPersonBench.serialize
# Parameters: (strLen = 64)

# Run progress: 0.00% complete, ETA 00:00:40
# Fork: 1 of 2
WARNING: A terminally deprecated method in sun.misc.Unsafe has been called
WARNING: sun.misc.Unsafe::objectFieldOffset has been called by org.openjdk.jmh.util.Utils (file:/home/forked_franz/IdeaProjects/c2-writestring-spill-jmh/arms/benchmarks-both.jar)
WARNING: Please consider reporting this to the maintainers of class org.openjdk.jmh.util.Utils
WARNING: sun.misc.Unsafe::objectFieldOffset will be removed in a future release
# Warmup Iteration   1: 8320.139 ns/op
# Warmup Iteration   2: 8304.310 ns/op
# Warmup Iteration   3: 8243.712 ns/op
# Warmup Iteration   4: 8236.695 ns/op
# Warmup Iteration   5: 8143.684 ns/op
Iteration   1: 8191.541 ns/op
Iteration   2: 8163.577 ns/op
Iteration   3: 8162.343 ns/op
Iteration   4: 8149.291 ns/op
Iteration   5: 8136.484 ns/op

# Run progress: 50.00% complete, ETA 00:00:20
# Fork: 2 of 2
WARNING: A terminally deprecated method in sun.misc.Unsafe has been called
WARNING: sun.misc.Unsafe::objectFieldOffset has been called by org.openjdk.jmh.util.Utils (file:/home/forked_franz/IdeaProjects/c2-writestring-spill-jmh/arms/benchmarks-both.jar)
WARNING: Please consider reporting this to the maintainers of class org.openjdk.jmh.util.Utils
WARNING: sun.misc.Unsafe::objectFieldOffset will be removed in a future release
# Warmup Iteration   1: 8268.864 ns/op
# Warmup Iteration   2: 8126.799 ns/op
# Warmup Iteration   3: 8148.524 ns/op
# Warmup Iteration   4: 8147.173 ns/op
# Warmup Iteration   5: 8141.780 ns/op
Iteration   1: 8140.985 ns/op
Iteration   2: 8147.440 ns/op
Iteration   3: 8128.032 ns/op
Iteration   4: 8140.696 ns/op
Iteration   5: 8151.739 ns/op


Result "bench.paths.ExtendedPersonBench.serialize":
  8151.213 ±(99.9%) 27.096 ns/op [Average]
  (min, avg, max) = (8128.032, 8151.213, 8191.541), stdev = 17.922
  CI (99.9%): [8124.117, 8178.309] (assumes normal distribution)


# Run complete. Total time: 00:00:40

REMEMBER: The numbers below are just data. To gain reusable insights, you need to follow up on
why the numbers are the way they are. Use profilers (see -prof, -lprof), design factorial
experiments, perform baseline and negative tests that provide experimental control, make sure
the benchmarking environment is safe on JVM/OS/HW level, ask for reviews from the domain experts.
Do not assume the numbers tell you what you want them to tell.

NOTE: Current JVM experimentally supports Compiler Blackholes, and they are in use. Please exercise
extra caution when trusting the results, look into the generated code to check the benchmark still
works, and factor in a small probability of new VM bugs. Additionally, while comparisons between
different JVMs are already problematic, the performance difference caused by different Blackhole
modes can be very significant. Please make sure you use the consistent Blackhole mode for comparisons.

Benchmark                      (strLen)  Mode  Cnt     Score    Error  Units
ExtendedPersonBench.serialize        64  avgt   10  8151.213 ± 27.096  ns/op
