WARNING: A terminally deprecated method in sun.misc.Unsafe has been called
WARNING: sun.misc.Unsafe::objectFieldOffset has been called by org.openjdk.jmh.util.Utils (file:/home/forked_franz/IdeaProjects/c2-writestring-spill-jmh/arms/benchmarks-both.jar)
WARNING: Please consider reporting this to the maintainers of class org.openjdk.jmh.util.Utils
WARNING: sun.misc.Unsafe::objectFieldOffset will be removed in a future release
# JMH version: 1.37
# VM version: JDK 25, Java HotSpot(TM) 64-Bit Server VM, 25+37-LTS-3491
# VM invoker: /home/forked_franz/.sdkman/candidates/java/25-oracle/bin/java
# VM options: -Xms1g -Xmx1g -XX:+UseParallelGC -XX:+AlwaysPreTouch
# Blackhole mode: compiler (auto-detected, use -Djmh.blackhole.autoDetect=false to disable)
# Warmup: 5 iterations, 1 s each
# Measurement: 5 iterations, 1 s each
# Timeout: 10 min per iteration
# Threads: 1 thread, will synchronize iterations
# Benchmark mode: Average time, time/op
# Benchmark: bench.paths.ExtendedPersonBench.serialize
# Parameters: (gen = main, strLen = 0)

# Run progress: 0.00% complete, ETA 00:04:00
# Fork: 1 of 6
WARNING: A terminally deprecated method in sun.misc.Unsafe has been called
WARNING: sun.misc.Unsafe::objectFieldOffset has been called by org.openjdk.jmh.util.Utils (file:/home/forked_franz/IdeaProjects/c2-writestring-spill-jmh/arms/benchmarks-both.jar)
WARNING: Please consider reporting this to the maintainers of class org.openjdk.jmh.util.Utils
WARNING: sun.misc.Unsafe::objectFieldOffset will be removed in a future release
# Warmup Iteration   1: 2786.041 ns/op
# Warmup Iteration   2: 2681.153 ns/op
# Warmup Iteration   3: 2697.136 ns/op
# Warmup Iteration   4: 2689.053 ns/op
# Warmup Iteration   5: 3086.389 ns/op
Iteration   1: 3019.031 ns/op
Iteration   2: 2688.234 ns/op
Iteration   3: 2683.707 ns/op
Iteration   4: 2850.766 ns/op
Iteration   5: 2819.680 ns/op

# Run progress: 4.17% complete, ETA 00:03:59
# Fork: 2 of 6
WARNING: A terminally deprecated method in sun.misc.Unsafe has been called
WARNING: sun.misc.Unsafe::objectFieldOffset has been called by org.openjdk.jmh.util.Utils (file:/home/forked_franz/IdeaProjects/c2-writestring-spill-jmh/arms/benchmarks-both.jar)
WARNING: Please consider reporting this to the maintainers of class org.openjdk.jmh.util.Utils
WARNING: sun.misc.Unsafe::objectFieldOffset will be removed in a future release
# Warmup Iteration   1: 2734.424 ns/op
# Warmup Iteration   2: 2621.833 ns/op
# Warmup Iteration   3: 2646.028 ns/op
# Warmup Iteration   4: 2654.146 ns/op
# Warmup Iteration   5: 2792.068 ns/op
Iteration   1: 2809.723 ns/op
Iteration   2: 2640.217 ns/op
Iteration   3: 2596.857 ns/op
Iteration   4: 2619.432 ns/op
Iteration   5: 2598.251 ns/op

# Run progress: 8.33% complete, ETA 00:03:48
# Fork: 3 of 6
WARNING: A terminally deprecated method in sun.misc.Unsafe has been called
WARNING: sun.misc.Unsafe::objectFieldOffset has been called by org.openjdk.jmh.util.Utils (file:/home/forked_franz/IdeaProjects/c2-writestring-spill-jmh/arms/benchmarks-both.jar)
WARNING: Please consider reporting this to the maintainers of class org.openjdk.jmh.util.Utils
WARNING: sun.misc.Unsafe::objectFieldOffset will be removed in a future release
# Warmup Iteration   1: 2735.085 ns/op
# Warmup Iteration   2: 2647.036 ns/op
# Warmup Iteration   3: 2656.233 ns/op
# Warmup Iteration   4: 2651.795 ns/op
# Warmup Iteration   5: 3018.661 ns/op
Iteration   1: 2897.591 ns/op
Iteration   2: 2652.317 ns/op
Iteration   3: 2609.903 ns/op
Iteration   4: 2640.584 ns/op
Iteration   5: 2624.663 ns/op

# Run progress: 12.50% complete, ETA 00:03:37
# Fork: 4 of 6
WARNING: A terminally deprecated method in sun.misc.Unsafe has been called
WARNING: sun.misc.Unsafe::objectFieldOffset has been called by org.openjdk.jmh.util.Utils (file:/home/forked_franz/IdeaProjects/c2-writestring-spill-jmh/arms/benchmarks-both.jar)
WARNING: Please consider reporting this to the maintainers of class org.openjdk.jmh.util.Utils
WARNING: sun.misc.Unsafe::objectFieldOffset will be removed in a future release
# Warmup Iteration   1: 2739.648 ns/op
# Warmup Iteration   2: 2627.163 ns/op
# Warmup Iteration   3: 2643.382 ns/op
# Warmup Iteration   4: 2641.011 ns/op
# Warmup Iteration   5: 2824.303 ns/op
Iteration   1: 2797.276 ns/op
Iteration   2: 2621.220 ns/op
Iteration   3: 2635.350 ns/op
Iteration   4: 2651.965 ns/op
Iteration   5: 2599.183 ns/op

# Run progress: 16.67% complete, ETA 00:03:27
# Fork: 5 of 6
WARNING: A terminally deprecated method in sun.misc.Unsafe has been called
WARNING: sun.misc.Unsafe::objectFieldOffset has been called by org.openjdk.jmh.util.Utils (file:/home/forked_franz/IdeaProjects/c2-writestring-spill-jmh/arms/benchmarks-both.jar)
WARNING: Please consider reporting this to the maintainers of class org.openjdk.jmh.util.Utils
WARNING: sun.misc.Unsafe::objectFieldOffset will be removed in a future release
# Warmup Iteration   1: 2738.051 ns/op
# Warmup Iteration   2: 2677.393 ns/op
# Warmup Iteration   3: 2685.365 ns/op
# Warmup Iteration   4: 2629.074 ns/op
# Warmup Iteration   5: 2762.760 ns/op
Iteration   1: 2750.725 ns/op
Iteration   2: 2679.856 ns/op
Iteration   3: 2630.618 ns/op
Iteration   4: 2638.912 ns/op
Iteration   5: 2613.166 ns/op

# Run progress: 20.83% complete, ETA 00:03:17
# Fork: 6 of 6
WARNING: A terminally deprecated method in sun.misc.Unsafe has been called
WARNING: sun.misc.Unsafe::objectFieldOffset has been called by org.openjdk.jmh.util.Utils (file:/home/forked_franz/IdeaProjects/c2-writestring-spill-jmh/arms/benchmarks-both.jar)
WARNING: Please consider reporting this to the maintainers of class org.openjdk.jmh.util.Utils
WARNING: sun.misc.Unsafe::objectFieldOffset will be removed in a future release
# Warmup Iteration   1: 2725.962 ns/op
# Warmup Iteration   2: 2613.637 ns/op
# Warmup Iteration   3: 2628.417 ns/op
# Warmup Iteration   4: 2619.274 ns/op
# Warmup Iteration   5: 3047.759 ns/op
Iteration   1: 2929.338 ns/op
Iteration   2: 2673.949 ns/op
Iteration   3: 2615.768 ns/op
Iteration   4: 2640.774 ns/op
Iteration   5: 2638.659 ns/op


Result "bench.paths.ExtendedPersonBench.serialize":
  2695.590 ±(99.9%) 74.379 ns/op [Average]
  (min, avg, max) = (2596.857, 2695.590, 3019.031), stdev = 111.327
  CI (99.9%): [2621.212, 2769.969] (assumes normal distribution)


# JMH version: 1.37
# VM version: JDK 25, Java HotSpot(TM) 64-Bit Server VM, 25+37-LTS-3491
# VM invoker: /home/forked_franz/.sdkman/candidates/java/25-oracle/bin/java
# VM options: -Xms1g -Xmx1g -XX:+UseParallelGC -XX:+AlwaysPreTouch
# Blackhole mode: compiler (auto-detected, use -Djmh.blackhole.autoDetect=false to disable)
# Warmup: 5 iterations, 1 s each
# Measurement: 5 iterations, 1 s each
# Timeout: 10 min per iteration
# Threads: 1 thread, will synchronize iterations
# Benchmark mode: Average time, time/op
# Benchmark: bench.paths.ExtendedPersonBench.serialize
# Parameters: (gen = main, strLen = 64)

# Run progress: 25.00% complete, ETA 00:03:06
# Fork: 1 of 6
WARNING: A terminally deprecated method in sun.misc.Unsafe has been called
WARNING: sun.misc.Unsafe::objectFieldOffset has been called by org.openjdk.jmh.util.Utils (file:/home/forked_franz/IdeaProjects/c2-writestring-spill-jmh/arms/benchmarks-both.jar)
WARNING: Please consider reporting this to the maintainers of class org.openjdk.jmh.util.Utils
WARNING: sun.misc.Unsafe::objectFieldOffset will be removed in a future release
# Warmup Iteration   1: 7960.480 ns/op
# Warmup Iteration   2: 7635.751 ns/op
# Warmup Iteration   3: 7688.860 ns/op
# Warmup Iteration   4: 7783.933 ns/op
# Warmup Iteration   5: 7822.269 ns/op
Iteration   1: 7954.374 ns/op
Iteration   2: 7851.124 ns/op
Iteration   3: 7843.267 ns/op
Iteration   4: 7699.713 ns/op
Iteration   5: 7670.114 ns/op

# Run progress: 29.17% complete, ETA 00:02:56
# Fork: 2 of 6
WARNING: A terminally deprecated method in sun.misc.Unsafe has been called
WARNING: sun.misc.Unsafe::objectFieldOffset has been called by org.openjdk.jmh.util.Utils (file:/home/forked_franz/IdeaProjects/c2-writestring-spill-jmh/arms/benchmarks-both.jar)
WARNING: Please consider reporting this to the maintainers of class org.openjdk.jmh.util.Utils
WARNING: sun.misc.Unsafe::objectFieldOffset will be removed in a future release
# Warmup Iteration   1: 7937.414 ns/op
# Warmup Iteration   2: 7612.090 ns/op
# Warmup Iteration   3: 7666.839 ns/op
# Warmup Iteration   4: 7810.854 ns/op
# Warmup Iteration   5: 8118.942 ns/op
Iteration   1: 8037.935 ns/op
Iteration   2: 8002.914 ns/op
Iteration   3: 8048.451 ns/op
Iteration   4: 7862.525 ns/op
Iteration   5: 7757.730 ns/op

# Run progress: 33.33% complete, ETA 00:02:45
# Fork: 3 of 6
WARNING: A terminally deprecated method in sun.misc.Unsafe has been called
WARNING: sun.misc.Unsafe::objectFieldOffset has been called by org.openjdk.jmh.util.Utils (file:/home/forked_franz/IdeaProjects/c2-writestring-spill-jmh/arms/benchmarks-both.jar)
WARNING: Please consider reporting this to the maintainers of class org.openjdk.jmh.util.Utils
WARNING: sun.misc.Unsafe::objectFieldOffset will be removed in a future release
# Warmup Iteration   1: 8443.108 ns/op
# Warmup Iteration   2: 8118.028 ns/op
# Warmup Iteration   3: 8178.119 ns/op
# Warmup Iteration   4: 8384.054 ns/op
# Warmup Iteration   5: 8609.731 ns/op
Iteration   1: 8620.366 ns/op
Iteration   2: 8505.776 ns/op
Iteration   3: 8479.181 ns/op
Iteration   4: 8247.762 ns/op
Iteration   5: 8137.004 ns/op

# Run progress: 37.50% complete, ETA 00:02:35
# Fork: 4 of 6
WARNING: A terminally deprecated method in sun.misc.Unsafe has been called
WARNING: sun.misc.Unsafe::objectFieldOffset has been called by org.openjdk.jmh.util.Utils (file:/home/forked_franz/IdeaProjects/c2-writestring-spill-jmh/arms/benchmarks-both.jar)
WARNING: Please consider reporting this to the maintainers of class org.openjdk.jmh.util.Utils
WARNING: sun.misc.Unsafe::objectFieldOffset will be removed in a future release
# Warmup Iteration   1: 7855.568 ns/op
# Warmup Iteration   2: 7516.111 ns/op
# Warmup Iteration   3: 7567.394 ns/op
# Warmup Iteration   4: 7678.344 ns/op
# Warmup Iteration   5: 7811.908 ns/op
Iteration   1: 7730.978 ns/op
Iteration   2: 7788.495 ns/op
Iteration   3: 7674.458 ns/op
Iteration   4: 7563.072 ns/op
Iteration   5: 7509.415 ns/op

# Run progress: 41.67% complete, ETA 00:02:25
# Fork: 5 of 6
WARNING: A terminally deprecated method in sun.misc.Unsafe has been called
WARNING: sun.misc.Unsafe::objectFieldOffset has been called by org.openjdk.jmh.util.Utils (file:/home/forked_franz/IdeaProjects/c2-writestring-spill-jmh/arms/benchmarks-both.jar)
WARNING: Please consider reporting this to the maintainers of class org.openjdk.jmh.util.Utils
WARNING: sun.misc.Unsafe::objectFieldOffset will be removed in a future release
# Warmup Iteration   1: 7975.716 ns/op
# Warmup Iteration   2: 7658.428 ns/op
# Warmup Iteration   3: 7697.014 ns/op
# Warmup Iteration   4: 7950.524 ns/op
# Warmup Iteration   5: 8145.758 ns/op
Iteration   1: 8020.270 ns/op
Iteration   2: 8061.473 ns/op
Iteration   3: 7928.809 ns/op
Iteration   4: 7658.081 ns/op
Iteration   5: 7643.084 ns/op

# Run progress: 45.83% complete, ETA 00:02:14
# Fork: 6 of 6
WARNING: A terminally deprecated method in sun.misc.Unsafe has been called
WARNING: sun.misc.Unsafe::objectFieldOffset has been called by org.openjdk.jmh.util.Utils (file:/home/forked_franz/IdeaProjects/c2-writestring-spill-jmh/arms/benchmarks-both.jar)
WARNING: Please consider reporting this to the maintainers of class org.openjdk.jmh.util.Utils
WARNING: sun.misc.Unsafe::objectFieldOffset will be removed in a future release
# Warmup Iteration   1: 7908.422 ns/op
# Warmup Iteration   2: 7554.059 ns/op
# Warmup Iteration   3: 7617.852 ns/op
# Warmup Iteration   4: 7956.864 ns/op
# Warmup Iteration   5: 7994.272 ns/op
Iteration   1: 8036.214 ns/op
Iteration   2: 7897.640 ns/op
Iteration   3: 7834.311 ns/op
Iteration   4: 7605.175 ns/op
Iteration   5: 7557.352 ns/op


Result "bench.paths.ExtendedPersonBench.serialize":
  7907.569 ±(99.9%) 189.077 ns/op [Average]
  (min, avg, max) = (7509.415, 7907.569, 8620.366), stdev = 283.002
  CI (99.9%): [7718.492, 8096.646] (assumes normal distribution)


# JMH version: 1.37
# VM version: JDK 25, Java HotSpot(TM) 64-Bit Server VM, 25+37-LTS-3491
# VM invoker: /home/forked_franz/.sdkman/candidates/java/25-oracle/bin/java
# VM options: -Xms1g -Xmx1g -XX:+UseParallelGC -XX:+AlwaysPreTouch
# Blackhole mode: compiler (auto-detected, use -Djmh.blackhole.autoDetect=false to disable)
# Warmup: 5 iterations, 1 s each
# Measurement: 5 iterations, 1 s each
# Timeout: 10 min per iteration
# Threads: 1 thread, will synchronize iterations
# Benchmark mode: Average time, time/op
# Benchmark: bench.paths.ExtendedPersonBench.serialize
# Parameters: (gen = resolved, strLen = 0)

# Run progress: 50.00% complete, ETA 00:02:04
# Fork: 1 of 6
WARNING: A terminally deprecated method in sun.misc.Unsafe has been called
WARNING: sun.misc.Unsafe::objectFieldOffset has been called by org.openjdk.jmh.util.Utils (file:/home/forked_franz/IdeaProjects/c2-writestring-spill-jmh/arms/benchmarks-both.jar)
WARNING: Please consider reporting this to the maintainers of class org.openjdk.jmh.util.Utils
WARNING: sun.misc.Unsafe::objectFieldOffset will be removed in a future release
# Warmup Iteration   1: 2879.842 ns/op
# Warmup Iteration   2: 2760.334 ns/op
# Warmup Iteration   3: 2795.175 ns/op
# Warmup Iteration   4: 2787.167 ns/op
# Warmup Iteration   5: 3119.111 ns/op
Iteration   1: 3168.865 ns/op
Iteration   2: 2771.694 ns/op
Iteration   3: 2793.763 ns/op
Iteration   4: 2774.165 ns/op
Iteration   5: 2791.168 ns/op

# Run progress: 54.17% complete, ETA 00:01:54
# Fork: 2 of 6
WARNING: A terminally deprecated method in sun.misc.Unsafe has been called
WARNING: sun.misc.Unsafe::objectFieldOffset has been called by org.openjdk.jmh.util.Utils (file:/home/forked_franz/IdeaProjects/c2-writestring-spill-jmh/arms/benchmarks-both.jar)
WARNING: Please consider reporting this to the maintainers of class org.openjdk.jmh.util.Utils
WARNING: sun.misc.Unsafe::objectFieldOffset will be removed in a future release
# Warmup Iteration   1: 3105.671 ns/op
# Warmup Iteration   2: 2818.165 ns/op
# Warmup Iteration   3: 2779.347 ns/op
# Warmup Iteration   4: 2778.559 ns/op
# Warmup Iteration   5: 3039.168 ns/op
Iteration   1: 3211.100 ns/op
Iteration   2: 2824.669 ns/op
Iteration   3: 2762.647 ns/op
Iteration   4: 2761.580 ns/op
Iteration   5: 2780.945 ns/op

# Run progress: 58.33% complete, ETA 00:01:43
# Fork: 3 of 6
WARNING: A terminally deprecated method in sun.misc.Unsafe has been called
WARNING: sun.misc.Unsafe::objectFieldOffset has been called by org.openjdk.jmh.util.Utils (file:/home/forked_franz/IdeaProjects/c2-writestring-spill-jmh/arms/benchmarks-both.jar)
WARNING: Please consider reporting this to the maintainers of class org.openjdk.jmh.util.Utils
WARNING: sun.misc.Unsafe::objectFieldOffset will be removed in a future release
# Warmup Iteration   1: 2853.412 ns/op
# Warmup Iteration   2: 2750.089 ns/op
# Warmup Iteration   3: 2757.770 ns/op
# Warmup Iteration   4: 2744.812 ns/op
# Warmup Iteration   5: 3181.945 ns/op
Iteration   1: 3218.356 ns/op
Iteration   2: 2749.241 ns/op
Iteration   3: 2737.739 ns/op
Iteration   4: 2734.866 ns/op
Iteration   5: 2767.091 ns/op

# Run progress: 62.50% complete, ETA 00:01:33
# Fork: 4 of 6
WARNING: A terminally deprecated method in sun.misc.Unsafe has been called
WARNING: sun.misc.Unsafe::objectFieldOffset has been called by org.openjdk.jmh.util.Utils (file:/home/forked_franz/IdeaProjects/c2-writestring-spill-jmh/arms/benchmarks-both.jar)
WARNING: Please consider reporting this to the maintainers of class org.openjdk.jmh.util.Utils
WARNING: sun.misc.Unsafe::objectFieldOffset will be removed in a future release
# Warmup Iteration   1: 2776.733 ns/op
# Warmup Iteration   2: 2689.563 ns/op
# Warmup Iteration   3: 2706.545 ns/op
# Warmup Iteration   4: 2699.937 ns/op
# Warmup Iteration   5: 3075.144 ns/op
Iteration   1: 3096.972 ns/op
Iteration   2: 2694.554 ns/op
Iteration   3: 2688.516 ns/op
Iteration   4: 2705.924 ns/op
Iteration   5: 2679.404 ns/op

# Run progress: 66.67% complete, ETA 00:01:22
# Fork: 5 of 6
WARNING: A terminally deprecated method in sun.misc.Unsafe has been called
WARNING: sun.misc.Unsafe::objectFieldOffset has been called by org.openjdk.jmh.util.Utils (file:/home/forked_franz/IdeaProjects/c2-writestring-spill-jmh/arms/benchmarks-both.jar)
WARNING: Please consider reporting this to the maintainers of class org.openjdk.jmh.util.Utils
WARNING: sun.misc.Unsafe::objectFieldOffset will be removed in a future release
# Warmup Iteration   1: 2968.344 ns/op
# Warmup Iteration   2: 2888.295 ns/op
# Warmup Iteration   3: 2901.701 ns/op
# Warmup Iteration   4: 2889.113 ns/op
# Warmup Iteration   5: 3162.481 ns/op
Iteration   1: 3292.862 ns/op
Iteration   2: 2986.789 ns/op
Iteration   3: 2879.384 ns/op
Iteration   4: 2949.767 ns/op
Iteration   5: 2932.581 ns/op

# Run progress: 70.83% complete, ETA 00:01:12
# Fork: 6 of 6
WARNING: A terminally deprecated method in sun.misc.Unsafe has been called
WARNING: sun.misc.Unsafe::objectFieldOffset has been called by org.openjdk.jmh.util.Utils (file:/home/forked_franz/IdeaProjects/c2-writestring-spill-jmh/arms/benchmarks-both.jar)
WARNING: Please consider reporting this to the maintainers of class org.openjdk.jmh.util.Utils
WARNING: sun.misc.Unsafe::objectFieldOffset will be removed in a future release
# Warmup Iteration   1: 2886.766 ns/op
# Warmup Iteration   2: 2786.761 ns/op
# Warmup Iteration   3: 2801.626 ns/op
# Warmup Iteration   4: 2795.096 ns/op
# Warmup Iteration   5: 3096.560 ns/op
Iteration   1: 3074.599 ns/op
Iteration   2: 2753.588 ns/op
Iteration   3: 2784.375 ns/op
Iteration   4: 2832.970 ns/op
Iteration   5: 3203.858 ns/op


Result "bench.paths.ExtendedPersonBench.serialize":
  2880.134 ±(99.9%) 124.430 ns/op [Average]
  (min, avg, max) = (2679.404, 2880.134, 3292.862), stdev = 186.241
  CI (99.9%): [2755.704, 3004.564] (assumes normal distribution)


# JMH version: 1.37
# VM version: JDK 25, Java HotSpot(TM) 64-Bit Server VM, 25+37-LTS-3491
# VM invoker: /home/forked_franz/.sdkman/candidates/java/25-oracle/bin/java
# VM options: -Xms1g -Xmx1g -XX:+UseParallelGC -XX:+AlwaysPreTouch
# Blackhole mode: compiler (auto-detected, use -Djmh.blackhole.autoDetect=false to disable)
# Warmup: 5 iterations, 1 s each
# Measurement: 5 iterations, 1 s each
# Timeout: 10 min per iteration
# Threads: 1 thread, will synchronize iterations
# Benchmark mode: Average time, time/op
# Benchmark: bench.paths.ExtendedPersonBench.serialize
# Parameters: (gen = resolved, strLen = 64)

# Run progress: 75.00% complete, ETA 00:01:02
# Fork: 1 of 6
WARNING: A terminally deprecated method in sun.misc.Unsafe has been called
WARNING: sun.misc.Unsafe::objectFieldOffset has been called by org.openjdk.jmh.util.Utils (file:/home/forked_franz/IdeaProjects/c2-writestring-spill-jmh/arms/benchmarks-both.jar)
WARNING: Please consider reporting this to the maintainers of class org.openjdk.jmh.util.Utils
WARNING: sun.misc.Unsafe::objectFieldOffset will be removed in a future release
# Warmup Iteration   1: 9141.528 ns/op
# Warmup Iteration   2: 8815.313 ns/op
# Warmup Iteration   3: 8691.114 ns/op
# Warmup Iteration   4: 8709.186 ns/op
# Warmup Iteration   5: 8847.564 ns/op
Iteration   1: 8939.890 ns/op
Iteration   2: 8932.269 ns/op
Iteration   3: 8928.648 ns/op
Iteration   4: 8884.435 ns/op
Iteration   5: 8670.220 ns/op

# Run progress: 79.17% complete, ETA 00:00:51
# Fork: 2 of 6
WARNING: A terminally deprecated method in sun.misc.Unsafe has been called
WARNING: sun.misc.Unsafe::objectFieldOffset has been called by org.openjdk.jmh.util.Utils (file:/home/forked_franz/IdeaProjects/c2-writestring-spill-jmh/arms/benchmarks-both.jar)
WARNING: Please consider reporting this to the maintainers of class org.openjdk.jmh.util.Utils
WARNING: sun.misc.Unsafe::objectFieldOffset will be removed in a future release
# Warmup Iteration   1: 8584.487 ns/op
# Warmup Iteration   2: 8300.405 ns/op
# Warmup Iteration   3: 8358.568 ns/op
# Warmup Iteration   4: 8412.654 ns/op
# Warmup Iteration   5: 8572.670 ns/op
Iteration   1: 8638.363 ns/op
Iteration   2: 8609.950 ns/op
Iteration   3: 8591.418 ns/op
Iteration   4: 8389.073 ns/op
Iteration   5: 8288.219 ns/op

# Run progress: 83.33% complete, ETA 00:00:41
# Fork: 3 of 6
WARNING: A terminally deprecated method in sun.misc.Unsafe has been called
WARNING: sun.misc.Unsafe::objectFieldOffset has been called by org.openjdk.jmh.util.Utils (file:/home/forked_franz/IdeaProjects/c2-writestring-spill-jmh/arms/benchmarks-both.jar)
WARNING: Please consider reporting this to the maintainers of class org.openjdk.jmh.util.Utils
WARNING: sun.misc.Unsafe::objectFieldOffset will be removed in a future release
# Warmup Iteration   1: 8927.613 ns/op
# Warmup Iteration   2: 8649.404 ns/op
# Warmup Iteration   3: 8705.305 ns/op
# Warmup Iteration   4: 8750.340 ns/op
# Warmup Iteration   5: 8860.810 ns/op
Iteration   1: 8838.620 ns/op
Iteration   2: 9034.958 ns/op
Iteration   3: 8901.516 ns/op
Iteration   4: 8863.304 ns/op
Iteration   5: 8650.936 ns/op

# Run progress: 87.50% complete, ETA 00:00:31
# Fork: 4 of 6
WARNING: A terminally deprecated method in sun.misc.Unsafe has been called
WARNING: sun.misc.Unsafe::objectFieldOffset has been called by org.openjdk.jmh.util.Utils (file:/home/forked_franz/IdeaProjects/c2-writestring-spill-jmh/arms/benchmarks-both.jar)
WARNING: Please consider reporting this to the maintainers of class org.openjdk.jmh.util.Utils
WARNING: sun.misc.Unsafe::objectFieldOffset will be removed in a future release
# Warmup Iteration   1: 8563.307 ns/op
# Warmup Iteration   2: 8290.125 ns/op
# Warmup Iteration   3: 8345.820 ns/op
# Warmup Iteration   4: 8416.507 ns/op
# Warmup Iteration   5: 8581.163 ns/op
Iteration   1: 8520.372 ns/op
Iteration   2: 8620.539 ns/op
Iteration   3: 8466.134 ns/op
Iteration   4: 8438.425 ns/op
Iteration   5: 8301.071 ns/op

# Run progress: 91.67% complete, ETA 00:00:20
# Fork: 5 of 6
WARNING: A terminally deprecated method in sun.misc.Unsafe has been called
WARNING: sun.misc.Unsafe::objectFieldOffset has been called by org.openjdk.jmh.util.Utils (file:/home/forked_franz/IdeaProjects/c2-writestring-spill-jmh/arms/benchmarks-both.jar)
WARNING: Please consider reporting this to the maintainers of class org.openjdk.jmh.util.Utils
WARNING: sun.misc.Unsafe::objectFieldOffset will be removed in a future release
# Warmup Iteration   1: 8575.539 ns/op
# Warmup Iteration   2: 8285.414 ns/op
# Warmup Iteration   3: 8347.128 ns/op
# Warmup Iteration   4: 8390.208 ns/op
# Warmup Iteration   5: 8538.921 ns/op
Iteration   1: 8551.516 ns/op
Iteration   2: 8564.352 ns/op
Iteration   3: 8508.201 ns/op
Iteration   4: 8437.231 ns/op
Iteration   5: 8289.111 ns/op

# Run progress: 95.83% complete, ETA 00:00:10
# Fork: 6 of 6
WARNING: A terminally deprecated method in sun.misc.Unsafe has been called
WARNING: sun.misc.Unsafe::objectFieldOffset has been called by org.openjdk.jmh.util.Utils (file:/home/forked_franz/IdeaProjects/c2-writestring-spill-jmh/arms/benchmarks-both.jar)
WARNING: Please consider reporting this to the maintainers of class org.openjdk.jmh.util.Utils
WARNING: sun.misc.Unsafe::objectFieldOffset will be removed in a future release
# Warmup Iteration   1: 8565.823 ns/op
# Warmup Iteration   2: 8254.805 ns/op
# Warmup Iteration   3: 8305.988 ns/op
# Warmup Iteration   4: 8492.296 ns/op
# Warmup Iteration   5: 8767.839 ns/op
Iteration   1: 8741.080 ns/op
Iteration   2: 8643.293 ns/op
Iteration   3: 8667.172 ns/op
Iteration   4: 8413.446 ns/op
Iteration   5: 8410.708 ns/op


Result "bench.paths.ExtendedPersonBench.serialize":
  8624.482 ±(99.9%) 142.883 ns/op [Average]
  (min, avg, max) = (8288.219, 8624.482, 9034.958), stdev = 213.861
  CI (99.9%): [8481.599, 8767.366] (assumes normal distribution)


# Run complete. Total time: 00:04:08

REMEMBER: The numbers below are just data. To gain reusable insights, you need to follow up on
why the numbers are the way they are. Use profilers (see -prof, -lprof), design factorial
experiments, perform baseline and negative tests that provide experimental control, make sure
the benchmarking environment is safe on JVM/OS/HW level, ask for reviews from the domain experts.
Do not assume the numbers tell you what you want them to tell.

NOTE: Current JVM experimentally supports Compiler Blackholes, and they are in use. Please exercise
extra caution when trusting the results, look into the generated code to check the benchmark still
works, and factor in a small probability of new VM bugs. Additionally, while comparisons between
different JVMs are already problematic, the performance difference caused by different Blackhole
modes can be very significant. Please make sure you use the consistent Blackhole mode for comparisons.

Benchmark                         (gen)  (strLen)  Mode  Cnt     Score     Error  Units
ExtendedPersonBench.serialize      main         0  avgt   30  2695.590 ±  74.379  ns/op
ExtendedPersonBench.serialize      main        64  avgt   30  7907.569 ± 189.077  ns/op
ExtendedPersonBench.serialize  resolved         0  avgt   30  2880.134 ± 124.430  ns/op
ExtendedPersonBench.serialize  resolved        64  avgt   30  8624.482 ± 142.883  ns/op
