WARNING: A restricted method in java.lang.System has been called
WARNING: java.lang.System::load has been called by org.openjdk.jmh.profile.AsyncProfiler$JavaApi in an unnamed module (file:/home/forked_franz/IdeaProjects/c2-writestring-spill-jmh/arms/benchmarks-both.jar)
WARNING: Use --enable-native-access=ALL-UNNAMED to avoid a warning for callers in this module
WARNING: Restricted methods will be blocked in a future release unless native access is enabled

WARNING: A terminally deprecated method in sun.misc.Unsafe has been called
WARNING: sun.misc.Unsafe::objectFieldOffset has been called by org.openjdk.jmh.util.Utils (file:/home/forked_franz/IdeaProjects/c2-writestring-spill-jmh/arms/benchmarks-both.jar)
WARNING: Please consider reporting this to the maintainers of class org.openjdk.jmh.util.Utils
WARNING: sun.misc.Unsafe::objectFieldOffset will be removed in a future release
# JMH version: 1.37
# VM version: JDK 25, Java HotSpot(TM) 64-Bit Server VM, 25+37-LTS-3491
# VM invoker: /home/forked_franz/.sdkman/candidates/java/25-oracle/bin/java
# VM options: -Xms1g -Xmx1g -XX:+UseParallelGC -XX:+AlwaysPreTouch
# Blackhole mode: compiler (auto-detected, use -Djmh.blackhole.autoDetect=false to disable)
# Warmup: 5 iterations, 1 s each
# Measurement: 5 iterations, 1 s each
# Timeout: 10 min per iteration
# Threads: 1 thread, will synchronize iterations
# Benchmark mode: Average time, time/op
# Benchmark: bench.paths.AccessorBench.serialize
# Parameters: (strLen = 0, writers = typed)

# Run progress: 0.00% complete, ETA 00:00:10
# Fork: 1 of 1
# Preparing profilers: AsyncProfiler 
WARNING: A terminally deprecated method in sun.misc.Unsafe has been called
WARNING: sun.misc.Unsafe::objectFieldOffset has been called by org.openjdk.jmh.util.Utils (file:/home/forked_franz/IdeaProjects/c2-writestring-spill-jmh/arms/benchmarks-both.jar)
WARNING: Please consider reporting this to the maintainers of class org.openjdk.jmh.util.Utils
WARNING: sun.misc.Unsafe::objectFieldOffset will be removed in a future release
WARNING: A restricted method in java.lang.System has been called
WARNING: java.lang.System::load has been called by org.openjdk.jmh.profile.AsyncProfiler$JavaApi in an unnamed module (file:/home/forked_franz/IdeaProjects/c2-writestring-spill-jmh/arms/benchmarks-both.jar)
WARNING: Use --enable-native-access=ALL-UNNAMED to avoid a warning for callers in this module
WARNING: Restricted methods will be blocked in a future release unless native access is enabled

# Warmup Iteration   1: 3473.621 ns/op
# Warmup Iteration   2: 3063.834 ns/op
# Warmup Iteration   3: 3068.432 ns/op
# Warmup Iteration   4: 3118.269 ns/op
# Warmup Iteration   5: 3167.079 ns/op
Iteration   1: 3188.673 ns/op
Iteration   2: 3110.648 ns/op
Iteration   3: 3054.738 ns/op
Iteration   4: 3081.177 ns/op
Iteration   5: 3115.956 ns/op
                 async: (text only)

# Processing profiler results: AsyncProfiler 


Result "bench.paths.AccessorBench.serialize":
  3110.238 ±(99.9%) 193.585 ns/op [Average]
  (min, avg, max) = (3054.738, 3110.238, 3188.673), stdev = 50.274
  CI (99.9%): [2916.653, 3303.824] (assumes normal distribution)

Secondary result "bench.paths.AccessorBench.serialize:async":
Async profiler results:
  results/wss-prof/direct/bench.paths.AccessorBench.serialize-AverageTime-strLen-0-writers-typed/collapsed-cpu.csv


# Run complete. Total time: 00:00:10

REMEMBER: The numbers below are just data. To gain reusable insights, you need to follow up on
why the numbers are the way they are. Use profilers (see -prof, -lprof), design factorial
experiments, perform baseline and negative tests that provide experimental control, make sure
the benchmarking environment is safe on JVM/OS/HW level, ask for reviews from the domain experts.
Do not assume the numbers tell you what you want them to tell.

NOTE: Current JVM experimentally supports Compiler Blackholes, and they are in use. Please exercise
extra caution when trusting the results, look into the generated code to check the benchmark still
works, and factor in a small probability of new VM bugs. Additionally, while comparisons between
different JVMs are already problematic, the performance difference caused by different Blackhole
modes can be very significant. Please make sure you use the consistent Blackhole mode for comparisons.

Benchmark                      (strLen)  (writers)  Mode  Cnt     Score     Error  Units
AccessorBench.serialize               0      typed  avgt    5  3110.238 ± 193.585  ns/op
AccessorBench.serialize:async         0      typed  avgt            NaN              ---
